ERROR - 2026-04-22 03:38:44 --> Error connecting to the database: mysqli_sql_exception: No connection could be made because the target machine actively refused it in C:\xampp\htdocs\si_ekatalog_ci4\system\Database\MySQLi\Connection.php:186
Stack trace:
#0 C:\xampp\htdocs\si_ekatalog_ci4\system\Database\MySQLi\Connection.php(186): mysqli->real_connect('localhost', 'root', Object(SensitiveParameterValue), 'db-ekatalog-ci4', 3306, '', 0)
#1 C:\xampp\htdocs\si_ekatalog_ci4\system\Database\BaseConnection.php(421): CodeIgniter\Database\MySQLi\Connection->connect(false)
#2 C:\xampp\htdocs\si_ekatalog_ci4\system\Database\BaseConnection.php(616): CodeIgniter\Database\BaseConnection->initialize()
#3 C:\xampp\htdocs\si_ekatalog_ci4\system\Database\BaseBuilder.php(1644): CodeIgniter\Database\BaseConnection->query('SELECT *\nFROM `...', Array, false)
#4 C:\xampp\htdocs\si_ekatalog_ci4\app\Models\ModelBuku.php(28): CodeIgniter\Database\BaseBuilder->get()
#5 C:\xampp\htdocs\si_ekatalog_ci4\app\Controllers\Home.php(90): App\Models\ModelBuku->DetailData('1')
#6 C:\xampp\htdocs\si_ekatalog_ci4\system\CodeIgniter.php(933): App\Controllers\Home->DetailBuku('1')
#7 C:\xampp\htdocs\si_ekatalog_ci4\system\CodeIgniter.php(509): CodeIgniter\CodeIgniter->runController(Object(App\Controllers\Home))
#8 C:\xampp\htdocs\si_ekatalog_ci4\system\CodeIgniter.php(355): CodeIgniter\CodeIgniter->handleRequest(NULL, Object(Config\Cache), false)
#9 C:\xampp\htdocs\si_ekatalog_ci4\system\Boot.php(325): CodeIgniter\CodeIgniter->run()
#10 C:\xampp\htdocs\si_ekatalog_ci4\system\Boot.php(67): CodeIgniter\Boot::runCodeIgniter(Object(CodeIgniter\CodeIgniter))
#11 C:\xampp\htdocs\si_ekatalog_ci4\public\index.php(56): CodeIgniter\Boot::bootWeb(Object(Config\Paths))
#12 {main}

Next CodeIgniter\Database\Exceptions\DatabaseException: No connection could be made because the target machine actively refused it in C:\xampp\htdocs\si_ekatalog_ci4\system\Database\MySQLi\Connection.php:231
Stack trace:
#0 C:\xampp\htdocs\si_ekatalog_ci4\system\Database\BaseConnection.php(421): CodeIgniter\Database\MySQLi\Connection->connect(false)
#1 C:\xampp\htdocs\si_ekatalog_ci4\system\Database\BaseConnection.php(616): CodeIgniter\Database\BaseConnection->initialize()
#2 C:\xampp\htdocs\si_ekatalog_ci4\system\Database\BaseBuilder.php(1644): CodeIgniter\Database\BaseConnection->query('SELECT *\nFROM `...', Array, false)
#3 C:\xampp\htdocs\si_ekatalog_ci4\app\Models\ModelBuku.php(28): CodeIgniter\Database\BaseBuilder->get()
#4 C:\xampp\htdocs\si_ekatalog_ci4\app\Controllers\Home.php(90): App\Models\ModelBuku->DetailData('1')
#5 C:\xampp\htdocs\si_ekatalog_ci4\system\CodeIgniter.php(933): App\Controllers\Home->DetailBuku('1')
#6 C:\xampp\htdocs\si_ekatalog_ci4\system\CodeIgniter.php(509): CodeIgniter\CodeIgniter->runController(Object(App\Controllers\Home))
#7 C:\xampp\htdocs\si_ekatalog_ci4\system\CodeIgniter.php(355): CodeIgniter\CodeIgniter->handleRequest(NULL, Object(Config\Cache), false)
#8 C:\xampp\htdocs\si_ekatalog_ci4\system\Boot.php(325): CodeIgniter\CodeIgniter->run()
#9 C:\xampp\htdocs\si_ekatalog_ci4\system\Boot.php(67): CodeIgniter\Boot::runCodeIgniter(Object(CodeIgniter\CodeIgniter))
#10 C:\xampp\htdocs\si_ekatalog_ci4\public\index.php(56): CodeIgniter\Boot::bootWeb(Object(Config\Paths))
#11 {main}
CRITICAL - 2026-04-22 03:38:45 --> CodeIgniter\Database\Exceptions\DatabaseException: Unable to connect to the database.
Main connection [MySQLi]: No connection could be made because the target machine actively refused it
[Method: GET, Route: Home/DetailBuku/1]
in SYSTEMPATH\Database\BaseConnection.php on line 467.
 1 SYSTEMPATH\Database\BaseConnection.php(616): CodeIgniter\Database\BaseConnection->initialize()
 2 SYSTEMPATH\Database\BaseBuilder.php(1644): CodeIgniter\Database\BaseConnection->query('SELECT *
FROM `tbl_buku`
LEFT JOIN `tbl_kategori` ON `tbl_kategori`.`id_kategori` = `tbl_buku`.`id_kategori`
LEFT JOIN `tbl_penerbit` ON `tbl_penerbit`.`id_penerbit` = `tbl_buku`.`id_penerbit`
LEFT JOIN `tbl_pengarang` ON `tbl_pengarang`.`id_pengarang` = `tbl_buku`.`id_pengarang`
LEFT JOIN `tbl_rak` ON `tbl_rak`.`id_rak` = `tbl_buku`.`id_rak`
WHERE `id_buku` = :id_buku:', [...], false)
 3 APPPATH\Models\ModelBuku.php(28): CodeIgniter\Database\BaseBuilder->get()
 4 APPPATH\Controllers\Home.php(90): App\Models\ModelBuku->DetailData('1')
 5 SYSTEMPATH\CodeIgniter.php(933): App\Controllers\Home->DetailBuku('1')
 6 SYSTEMPATH\CodeIgniter.php(509): CodeIgniter\CodeIgniter->runController(Object(App\Controllers\Home))
 7 SYSTEMPATH\CodeIgniter.php(355): CodeIgniter\CodeIgniter->handleRequest(null, Object(Config\Cache), false)
 8 SYSTEMPATH\Boot.php(325): CodeIgniter\CodeIgniter->run()
 9 SYSTEMPATH\Boot.php(67): CodeIgniter\Boot::runCodeIgniter(Object(CodeIgniter\CodeIgniter))
10 FCPATH\index.php(56): CodeIgniter\Boot::bootWeb(Object(Config\Paths))
CRITICAL - 2026-04-22 04:35:15 --> ErrorException: unlink(C:\xampp\htdocs\si_ekatalog_ci4\writable\debugbar/debugbar_1776756509.153141.json): No such file or directory
[Method: GET, Route: /]
in SYSTEMPATH\Debug\Toolbar\Collectors\History.php on line 82.
 1 [internal function]: CodeIgniter\Debug\Exceptions->errorHandler(2, 'unlink(C:\\xampp\\htdocs\\si_ekatalog_ci4\\writable\\debugbar/debugbar_1776756509.153141.json): No such file or directory', 'C:\\xampp\\htdocs\\si_ekatalog_ci4\\system\\Debug\\Toolbar\\Collectors\\History.php', 82)
 2 SYSTEMPATH\Debug\Toolbar\Collectors\History.php(82): unlink('C:\\xampp\\htdocs\\si_ekatalog_ci4\\writable\\debugbar/debugbar_1776756509.153141.json')
 3 SYSTEMPATH\Debug\Toolbar.php(518): CodeIgniter\Debug\Toolbar\Collectors\History->setFiles('1776832513.116170', 20)
 4 SYSTEMPATH\Debug\Toolbar.php(497): CodeIgniter\Debug\Toolbar->format([...], 'html')
 5 APPPATH\Config\Events.php(47): CodeIgniter\Debug\Toolbar->respond()
 6 SYSTEMPATH\Events\Events.php(155): CodeIgniter\Events\Events::Config\{closure}()
 7 SYSTEMPATH\CodeIgniter.php(340): CodeIgniter\Events\Events::trigger('pre_system')
 8 SYSTEMPATH\Boot.php(325): CodeIgniter\CodeIgniter->run()
 9 SYSTEMPATH\Boot.php(67): CodeIgniter\Boot::runCodeIgniter(Object(CodeIgniter\CodeIgniter))
10 FCPATH\index.php(56): CodeIgniter\Boot::bootWeb(Object(Config\Paths))
INFO - 2026-04-22 04:35:26 --> Session: Class initialized using 'CodeIgniter\Session\Handlers\FileHandler' driver.
INFO - 2026-04-22 04:36:28 --> Session: Class initialized using 'CodeIgniter\Session\Handlers\FileHandler' driver.
CRITICAL - 2026-04-22 04:44:12 --> CodeIgniter\View\Exceptions\ViewException: Invalid file: "v_login_pengunjung.php"
[Method: GET, Route: Auth/LoginPengunjung]
in SYSTEMPATH\Exceptions\FrameworkException.php on line 41.
 1 SYSTEMPATH\View\View.php(222): CodeIgniter\Exceptions\FrameworkException::forInvalidFile('v_login_pengunjung.php')
 2 SYSTEMPATH\Common.php(1171): CodeIgniter\View\View->render('v_login_pengunjung', [], true)
 3 APPPATH\Views\v_template_login.php(28): view('v_login_pengunjung')
 4 SYSTEMPATH\View\View.php(234): include('C:\\xampp\\htdocs\\si_ekatalog_ci4\\app\\Views\\v_template_login.php')
 5 SYSTEMPATH\View\View.php(237): CodeIgniter\View\View->CodeIgniter\View\{closure}()
 6 SYSTEMPATH\Common.php(1171): CodeIgniter\View\View->render('v_template_login', [], true)
 7 APPPATH\Controllers\Auth.php(85): view('v_template_login', [...])
 8 SYSTEMPATH\CodeIgniter.php(933): App\Controllers\Auth->LoginPengunjung()
 9 SYSTEMPATH\CodeIgniter.php(509): CodeIgniter\CodeIgniter->runController(Object(App\Controllers\Auth))
10 SYSTEMPATH\CodeIgniter.php(355): CodeIgniter\CodeIgniter->handleRequest(null, Object(Config\Cache), false)
11 SYSTEMPATH\Boot.php(325): CodeIgniter\CodeIgniter->run()
12 SYSTEMPATH\Boot.php(67): CodeIgniter\Boot::runCodeIgniter(Object(CodeIgniter\CodeIgniter))
13 FCPATH\index.php(56): CodeIgniter\Boot::bootWeb(Object(Config\Paths))
INFO - 2026-04-22 04:47:34 --> Session: Class initialized using 'CodeIgniter\Session\Handlers\FileHandler' driver.
INFO - 2026-04-22 04:47:42 --> Session: Class initialized using 'CodeIgniter\Session\Handlers\FileHandler' driver.
INFO - 2026-04-22 04:48:01 --> Session: Class initialized using 'CodeIgniter\Session\Handlers\FileHandler' driver.
INFO - 2026-04-22 04:48:07 --> Session: Class initialized using 'CodeIgniter\Session\Handlers\FileHandler' driver.
INFO - 2026-04-22 04:48:07 --> Session: Class initialized using 'CodeIgniter\Session\Handlers\FileHandler' driver.
INFO - 2026-04-22 04:48:11 --> Session: Class initialized using 'CodeIgniter\Session\Handlers\FileHandler' driver.
INFO - 2026-04-22 04:48:15 --> Session: Class initialized using 'CodeIgniter\Session\Handlers\FileHandler' driver.
INFO - 2026-04-22 04:48:18 --> Session: Class initialized using 'CodeIgniter\Session\Handlers\FileHandler' driver.
INFO - 2026-04-22 04:48:21 --> Session: Class initialized using 'CodeIgniter\Session\Handlers\FileHandler' driver.
ERROR - 2026-04-22 04:48:21 --> mysqli_sql_exception: Unknown column 'tbl_download.id_kategori' in 'on clause' in C:\xampp\htdocs\si_ekatalog_ci4\system\Database\MySQLi\Connection.php:312
Stack trace:
#0 C:\xampp\htdocs\si_ekatalog_ci4\system\Database\MySQLi\Connection.php(312): mysqli->query('SELECT `tbl_dow...', 0)
#1 C:\xampp\htdocs\si_ekatalog_ci4\system\Database\BaseConnection.php(734): CodeIgniter\Database\MySQLi\Connection->execute('SELECT `tbl_dow...')
#2 C:\xampp\htdocs\si_ekatalog_ci4\system\Database\BaseConnection.php(648): CodeIgniter\Database\BaseConnection->simpleQuery('SELECT `tbl_dow...')
#3 C:\xampp\htdocs\si_ekatalog_ci4\system\Database\BaseBuilder.php(1644): CodeIgniter\Database\BaseConnection->query('SELECT `tbl_dow...', Array, false)
#4 C:\xampp\htdocs\si_ekatalog_ci4\app\Models\ModelDownload.php(17): CodeIgniter\Database\BaseBuilder->get()
#5 C:\xampp\htdocs\si_ekatalog_ci4\app\Controllers\Download.php(32): App\Models\ModelDownload->AllData()
#6 C:\xampp\htdocs\si_ekatalog_ci4\system\CodeIgniter.php(933): App\Controllers\Download->index()
#7 C:\xampp\htdocs\si_ekatalog_ci4\system\CodeIgniter.php(509): CodeIgniter\CodeIgniter->runController(Object(App\Controllers\Download))
#8 C:\xampp\htdocs\si_ekatalog_ci4\system\CodeIgniter.php(355): CodeIgniter\CodeIgniter->handleRequest(NULL, Object(Config\Cache), false)
#9 C:\xampp\htdocs\si_ekatalog_ci4\system\Boot.php(325): CodeIgniter\CodeIgniter->run()
#10 C:\xampp\htdocs\si_ekatalog_ci4\system\Boot.php(67): CodeIgniter\Boot::runCodeIgniter(Object(CodeIgniter\CodeIgniter))
#11 C:\xampp\htdocs\si_ekatalog_ci4\public\index.php(56): CodeIgniter\Boot::bootWeb(Object(Config\Paths))
#12 {main}
CRITICAL - 2026-04-22 04:48:21 --> CodeIgniter\Database\Exceptions\DatabaseException: Unknown column 'tbl_download.id_kategori' in 'on clause'
[Method: GET, Route: Download]
in SYSTEMPATH\Database\BaseConnection.php on line 688.
 1 SYSTEMPATH\Database\BaseBuilder.php(1644): CodeIgniter\Database\BaseConnection->query('SELECT `tbl_download`.*, `tbl_ebook`.`judul_ebook`, `tbl_kategori`.`nama_kategori`
FROM `tbl_download`
JOIN `tbl_ebook` ON `tbl_ebook`.`id_ebook` = `tbl_download`.`id_ebook`
JOIN `tbl_kategori` ON `tbl_kategori`.`id_kategori` = `tbl_download`.`id_kategori`
LEFT JOIN `tbl_pengunjung` ON `tbl_pengunjung`.`id_pengunjung` = `tbl_download`.`id_pengunjung`
ORDER BY `id_download` ASC', [], false)
 2 APPPATH\Models\ModelDownload.php(17): CodeIgniter\Database\BaseBuilder->get()
 3 APPPATH\Controllers\Download.php(32): App\Models\ModelDownload->AllData()
 4 SYSTEMPATH\CodeIgniter.php(933): App\Controllers\Download->index()
 5 SYSTEMPATH\CodeIgniter.php(509): CodeIgniter\CodeIgniter->runController(Object(App\Controllers\Download))
 6 SYSTEMPATH\CodeIgniter.php(355): CodeIgniter\CodeIgniter->handleRequest(null, Object(Config\Cache), false)
 7 SYSTEMPATH\Boot.php(325): CodeIgniter\CodeIgniter->run()
 8 SYSTEMPATH\Boot.php(67): CodeIgniter\Boot::runCodeIgniter(Object(CodeIgniter\CodeIgniter))
 9 FCPATH\index.php(56): CodeIgniter\Boot::bootWeb(Object(Config\Paths))
CRITICAL - 2026-04-22 04:48:21 --> [Caused by] CodeIgniter\Database\Exceptions\DatabaseException: Unknown column 'tbl_download.id_kategori' in 'on clause'
in SYSTEMPATH\Database\MySQLi\Connection.php on line 317.
 1 SYSTEMPATH\Database\BaseConnection.php(734): CodeIgniter\Database\MySQLi\Connection->execute('SELECT `tbl_download`.*, `tbl_ebook`.`judul_ebook`, `tbl_kategori`.`nama_kategori`
FROM `tbl_download`
JOIN `tbl_ebook` ON `tbl_ebook`.`id_ebook` = `tbl_download`.`id_ebook`
JOIN `tbl_kategori` ON `tbl_kategori`.`id_kategori` = `tbl_download`.`id_kategori`
LEFT JOIN `tbl_pengunjung` ON `tbl_pengunjung`.`id_pengunjung` = `tbl_download`.`id_pengunjung`
ORDER BY `id_download` ASC')
 2 SYSTEMPATH\Database\BaseConnection.php(648): CodeIgniter\Database\BaseConnection->simpleQuery('SELECT `tbl_download`.*, `tbl_ebook`.`judul_ebook`, `tbl_kategori`.`nama_kategori`
FROM `tbl_download`
JOIN `tbl_ebook` ON `tbl_ebook`.`id_ebook` = `tbl_download`.`id_ebook`
JOIN `tbl_kategori` ON `tbl_kategori`.`id_kategori` = `tbl_download`.`id_kategori`
LEFT JOIN `tbl_pengunjung` ON `tbl_pengunjung`.`id_pengunjung` = `tbl_download`.`id_pengunjung`
ORDER BY `id_download` ASC')
 3 SYSTEMPATH\Database\BaseBuilder.php(1644): CodeIgniter\Database\BaseConnection->query('SELECT `tbl_download`.*, `tbl_ebook`.`judul_ebook`, `tbl_kategori`.`nama_kategori`
FROM `tbl_download`
JOIN `tbl_ebook` ON `tbl_ebook`.`id_ebook` = `tbl_download`.`id_ebook`
JOIN `tbl_kategori` ON `tbl_kategori`.`id_kategori` = `tbl_download`.`id_kategori`
LEFT JOIN `tbl_pengunjung` ON `tbl_pengunjung`.`id_pengunjung` = `tbl_download`.`id_pengunjung`
ORDER BY `id_download` ASC', [], false)
 4 APPPATH\Models\ModelDownload.php(17): CodeIgniter\Database\BaseBuilder->get()
 5 APPPATH\Controllers\Download.php(32): App\Models\ModelDownload->AllData()
 6 SYSTEMPATH\CodeIgniter.php(933): App\Controllers\Download->index()
 7 SYSTEMPATH\CodeIgniter.php(509): CodeIgniter\CodeIgniter->runController(Object(App\Controllers\Download))
 8 SYSTEMPATH\CodeIgniter.php(355): CodeIgniter\CodeIgniter->handleRequest(null, Object(Config\Cache), false)
 9 SYSTEMPATH\Boot.php(325): CodeIgniter\CodeIgniter->run()
10 SYSTEMPATH\Boot.php(67): CodeIgniter\Boot::runCodeIgniter(Object(CodeIgniter\CodeIgniter))
11 FCPATH\index.php(56): CodeIgniter\Boot::bootWeb(Object(Config\Paths))
CRITICAL - 2026-04-22 04:48:21 --> [Caused by] mysqli_sql_exception: Unknown column 'tbl_download.id_kategori' in 'on clause'
in SYSTEMPATH\Database\MySQLi\Connection.php on line 312.
 1 SYSTEMPATH\Database\MySQLi\Connection.php(312): mysqli->query('SELECT `tbl_download`.*, `tbl_ebook`.`judul_ebook`, `tbl_kategori`.`nama_kategori`
FROM `tbl_download`
JOIN `tbl_ebook` ON `tbl_ebook`.`id_ebook` = `tbl_download`.`id_ebook`
JOIN `tbl_kategori` ON `tbl_kategori`.`id_kategori` = `tbl_download`.`id_kategori`
LEFT JOIN `tbl_pengunjung` ON `tbl_pengunjung`.`id_pengunjung` = `tbl_download`.`id_pengunjung`
ORDER BY `id_download` ASC', 0)
 2 SYSTEMPATH\Database\BaseConnection.php(734): CodeIgniter\Database\MySQLi\Connection->execute('SELECT `tbl_download`.*, `tbl_ebook`.`judul_ebook`, `tbl_kategori`.`nama_kategori`
FROM `tbl_download`
JOIN `tbl_ebook` ON `tbl_ebook`.`id_ebook` = `tbl_download`.`id_ebook`
JOIN `tbl_kategori` ON `tbl_kategori`.`id_kategori` = `tbl_download`.`id_kategori`
LEFT JOIN `tbl_pengunjung` ON `tbl_pengunjung`.`id_pengunjung` = `tbl_download`.`id_pengunjung`
ORDER BY `id_download` ASC')
 3 SYSTEMPATH\Database\BaseConnection.php(648): CodeIgniter\Database\BaseConnection->simpleQuery('SELECT `tbl_download`.*, `tbl_ebook`.`judul_ebook`, `tbl_kategori`.`nama_kategori`
FROM `tbl_download`
JOIN `tbl_ebook` ON `tbl_ebook`.`id_ebook` = `tbl_download`.`id_ebook`
JOIN `tbl_kategori` ON `tbl_kategori`.`id_kategori` = `tbl_download`.`id_kategori`
LEFT JOIN `tbl_pengunjung` ON `tbl_pengunjung`.`id_pengunjung` = `tbl_download`.`id_pengunjung`
ORDER BY `id_download` ASC')
 4 SYSTEMPATH\Database\BaseBuilder.php(1644): CodeIgniter\Database\BaseConnection->query('SELECT `tbl_download`.*, `tbl_ebook`.`judul_ebook`, `tbl_kategori`.`nama_kategori`
FROM `tbl_download`
JOIN `tbl_ebook` ON `tbl_ebook`.`id_ebook` = `tbl_download`.`id_ebook`
JOIN `tbl_kategori` ON `tbl_kategori`.`id_kategori` = `tbl_download`.`id_kategori`
LEFT JOIN `tbl_pengunjung` ON `tbl_pengunjung`.`id_pengunjung` = `tbl_download`.`id_pengunjung`
ORDER BY `id_download` ASC', [], false)
 5 APPPATH\Models\ModelDownload.php(17): CodeIgniter\Database\BaseBuilder->get()
 6 APPPATH\Controllers\Download.php(32): App\Models\ModelDownload->AllData()
 7 SYSTEMPATH\CodeIgniter.php(933): App\Controllers\Download->index()
 8 SYSTEMPATH\CodeIgniter.php(509): CodeIgniter\CodeIgniter->runController(Object(App\Controllers\Download))
 9 SYSTEMPATH\CodeIgniter.php(355): CodeIgniter\CodeIgniter->handleRequest(null, Object(Config\Cache), false)
10 SYSTEMPATH\Boot.php(325): CodeIgniter\CodeIgniter->run()
11 SYSTEMPATH\Boot.php(67): CodeIgniter\Boot::runCodeIgniter(Object(CodeIgniter\CodeIgniter))
12 FCPATH\index.php(56): CodeIgniter\Boot::bootWeb(Object(Config\Paths))
INFO - 2026-04-22 04:48:27 --> Session: Class initialized using 'CodeIgniter\Session\Handlers\FileHandler' driver.
INFO - 2026-04-22 04:48:29 --> Session: Class initialized using 'CodeIgniter\Session\Handlers\FileHandler' driver.
INFO - 2026-04-22 04:48:34 --> Session: Class initialized using 'CodeIgniter\Session\Handlers\FileHandler' driver.
INFO - 2026-04-22 04:48:35 --> Session: Class initialized using 'CodeIgniter\Session\Handlers\FileHandler' driver.
INFO - 2026-04-22 04:48:40 --> Session: Class initialized using 'CodeIgniter\Session\Handlers\FileHandler' driver.
INFO - 2026-04-22 04:48:40 --> Session: Class initialized using 'CodeIgniter\Session\Handlers\FileHandler' driver.
INFO - 2026-04-22 04:48:44 --> Session: Class initialized using 'CodeIgniter\Session\Handlers\FileHandler' driver.
INFO - 2026-04-22 04:48:45 --> Session: Class initialized using 'CodeIgniter\Session\Handlers\FileHandler' driver.
INFO - 2026-04-22 04:48:49 --> Session: Class initialized using 'CodeIgniter\Session\Handlers\FileHandler' driver.
INFO - 2026-04-22 04:48:49 --> Session: Class initialized using 'CodeIgniter\Session\Handlers\FileHandler' driver.
INFO - 2026-04-22 04:49:03 --> Session: Class initialized using 'CodeIgniter\Session\Handlers\FileHandler' driver.
INFO - 2026-04-22 04:49:03 --> Session: Class initialized using 'CodeIgniter\Session\Handlers\FileHandler' driver.
INFO - 2026-04-22 04:49:13 --> Session: Class initialized using 'CodeIgniter\Session\Handlers\FileHandler' driver.
INFO - 2026-04-22 04:49:13 --> Session: Class initialized using 'CodeIgniter\Session\Handlers\FileHandler' driver.
INFO - 2026-04-22 04:49:20 --> Session: Class initialized using 'CodeIgniter\Session\Handlers\FileHandler' driver.
INFO - 2026-04-22 04:49:21 --> Session: Class initialized using 'CodeIgniter\Session\Handlers\FileHandler' driver.
INFO - 2026-04-22 04:50:08 --> Session: Class initialized using 'CodeIgniter\Session\Handlers\FileHandler' driver.
INFO - 2026-04-22 04:50:12 --> Session: Class initialized using 'CodeIgniter\Session\Handlers\FileHandler' driver.
INFO - 2026-04-22 04:53:47 --> Session: Class initialized using 'CodeIgniter\Session\Handlers\FileHandler' driver.
INFO - 2026-04-22 04:53:47 --> Session: Class initialized using 'CodeIgniter\Session\Handlers\FileHandler' driver.
INFO - 2026-04-22 04:53:51 --> Session: Class initialized using 'CodeIgniter\Session\Handlers\FileHandler' driver.
INFO - 2026-04-22 04:54:11 --> Session: Class initialized using 'CodeIgniter\Session\Handlers\FileHandler' driver.
INFO - 2026-04-22 06:07:48 --> Session: Class initialized using 'CodeIgniter\Session\Handlers\FileHandler' driver.
INFO - 2026-04-22 06:07:48 --> Session: Class initialized using 'CodeIgniter\Session\Handlers\FileHandler' driver.
INFO - 2026-04-22 06:08:00 --> Session: Class initialized using 'CodeIgniter\Session\Handlers\FileHandler' driver.
INFO - 2026-04-22 06:08:00 --> Session: Class initialized using 'CodeIgniter\Session\Handlers\FileHandler' driver.
INFO - 2026-04-22 06:08:29 --> Session: Class initialized using 'CodeIgniter\Session\Handlers\FileHandler' driver.
INFO - 2026-04-22 06:08:39 --> Session: Class initialized using 'CodeIgniter\Session\Handlers\FileHandler' driver.
INFO - 2026-04-22 06:08:39 --> Session: Class initialized using 'CodeIgniter\Session\Handlers\FileHandler' driver.
INFO - 2026-04-22 06:08:46 --> Session: Class initialized using 'CodeIgniter\Session\Handlers\FileHandler' driver.
INFO - 2026-04-22 06:08:46 --> Session: Class initialized using 'CodeIgniter\Session\Handlers\FileHandler' driver.
INFO - 2026-04-22 06:08:51 --> Session: Class initialized using 'CodeIgniter\Session\Handlers\FileHandler' driver.
INFO - 2026-04-22 06:08:51 --> Session: Class initialized using 'CodeIgniter\Session\Handlers\FileHandler' driver.
INFO - 2026-04-22 06:08:54 --> Session: Class initialized using 'CodeIgniter\Session\Handlers\FileHandler' driver.
INFO - 2026-04-22 06:08:54 --> Session: Class initialized using 'CodeIgniter\Session\Handlers\FileHandler' driver.
INFO - 2026-04-22 06:08:58 --> Session: Class initialized using 'CodeIgniter\Session\Handlers\FileHandler' driver.
INFO - 2026-04-22 06:09:05 --> Session: Class initialized using 'CodeIgniter\Session\Handlers\FileHandler' driver.
INFO - 2026-04-22 06:09:05 --> Session: Class initialized using 'CodeIgniter\Session\Handlers\FileHandler' driver.
INFO - 2026-04-22 06:17:48 --> Session: Class initialized using 'CodeIgniter\Session\Handlers\FileHandler' driver.
CRITICAL - 2026-04-22 06:17:48 --> ErrorException: Undefined variable $labels
[Method: GET, Route: Admin]
in APPPATH\Views\v_dashboard_admin.php on line 162.
 1 APPPATH\Views\v_dashboard_admin.php(162): CodeIgniter\Debug\Exceptions->errorHandler(2, 'Undefined variable $labels', 'C:\\xampp\\htdocs\\si_ekatalog_ci4\\app\\Views\\v_dashboard_admin.php', 162)
 2 SYSTEMPATH\View\View.php(234): include('C:\\xampp\\htdocs\\si_ekatalog_ci4\\app\\Views\\v_dashboard_admin.php')
 3 SYSTEMPATH\View\View.php(237): CodeIgniter\View\View->CodeIgniter\View\{closure}()
 4 SYSTEMPATH\Common.php(1171): CodeIgniter\View\View->render('v_dashboard_admin', [], true)
 5 APPPATH\Views\v_template_admin.php(284): view('v_dashboard_admin')
 6 SYSTEMPATH\View\View.php(234): include('C:\\xampp\\htdocs\\si_ekatalog_ci4\\app\\Views\\v_template_admin.php')
 7 SYSTEMPATH\View\View.php(237): CodeIgniter\View\View->CodeIgniter\View\{closure}()
 8 SYSTEMPATH\Common.php(1171): CodeIgniter\View\View->render('v_template_admin', [], true)
 9 APPPATH\Controllers\Admin.php(56): view('v_template_admin', [...])
10 SYSTEMPATH\CodeIgniter.php(933): App\Controllers\Admin->index()
11 SYSTEMPATH\CodeIgniter.php(509): CodeIgniter\CodeIgniter->runController(Object(App\Controllers\Admin))
12 SYSTEMPATH\CodeIgniter.php(355): CodeIgniter\CodeIgniter->handleRequest(null, Object(Config\Cache), false)
13 SYSTEMPATH\Boot.php(325): CodeIgniter\CodeIgniter->run()
14 SYSTEMPATH\Boot.php(67): CodeIgniter\Boot::runCodeIgniter(Object(CodeIgniter\CodeIgniter))
15 FCPATH\index.php(56): CodeIgniter\Boot::bootWeb(Object(Config\Paths))
INFO - 2026-04-22 06:19:47 --> Session: Class initialized using 'CodeIgniter\Session\Handlers\FileHandler' driver.
CRITICAL - 2026-04-22 06:19:47 --> ErrorException: Undefined variable $labels
[Method: GET, Route: Admin]
in APPPATH\Views\v_dashboard_admin.php on line 162.
 1 APPPATH\Views\v_dashboard_admin.php(162): CodeIgniter\Debug\Exceptions->errorHandler(2, 'Undefined variable $labels', 'C:\\xampp\\htdocs\\si_ekatalog_ci4\\app\\Views\\v_dashboard_admin.php', 162)
 2 SYSTEMPATH\View\View.php(234): include('C:\\xampp\\htdocs\\si_ekatalog_ci4\\app\\Views\\v_dashboard_admin.php')
 3 SYSTEMPATH\View\View.php(237): CodeIgniter\View\View->CodeIgniter\View\{closure}()
 4 SYSTEMPATH\Common.php(1171): CodeIgniter\View\View->render('v_dashboard_admin', [], true)
 5 APPPATH\Views\v_template_admin.php(284): view('v_dashboard_admin')
 6 SYSTEMPATH\View\View.php(234): include('C:\\xampp\\htdocs\\si_ekatalog_ci4\\app\\Views\\v_template_admin.php')
 7 SYSTEMPATH\View\View.php(237): CodeIgniter\View\View->CodeIgniter\View\{closure}()
 8 SYSTEMPATH\Common.php(1171): CodeIgniter\View\View->render('v_template_admin', [], true)
 9 APPPATH\Controllers\Admin.php(56): view('v_template_admin', [...])
10 SYSTEMPATH\CodeIgniter.php(933): App\Controllers\Admin->index()
11 SYSTEMPATH\CodeIgniter.php(509): CodeIgniter\CodeIgniter->runController(Object(App\Controllers\Admin))
12 SYSTEMPATH\CodeIgniter.php(355): CodeIgniter\CodeIgniter->handleRequest(null, Object(Config\Cache), false)
13 SYSTEMPATH\Boot.php(325): CodeIgniter\CodeIgniter->run()
14 SYSTEMPATH\Boot.php(67): CodeIgniter\Boot::runCodeIgniter(Object(CodeIgniter\CodeIgniter))
15 FCPATH\index.php(56): CodeIgniter\Boot::bootWeb(Object(Config\Paths))
INFO - 2026-04-22 06:21:11 --> Session: Class initialized using 'CodeIgniter\Session\Handlers\FileHandler' driver.
CRITICAL - 2026-04-22 06:21:11 --> ErrorException: Undefined variable $labelss
[Method: GET, Route: Admin]
in APPPATH\Views\v_dashboard_admin.php on line 162.
 1 APPPATH\Views\v_dashboard_admin.php(162): CodeIgniter\Debug\Exceptions->errorHandler(2, 'Undefined variable $labelss', 'C:\\xampp\\htdocs\\si_ekatalog_ci4\\app\\Views\\v_dashboard_admin.php', 162)
 2 SYSTEMPATH\View\View.php(234): include('C:\\xampp\\htdocs\\si_ekatalog_ci4\\app\\Views\\v_dashboard_admin.php')
 3 SYSTEMPATH\View\View.php(237): CodeIgniter\View\View->CodeIgniter\View\{closure}()
 4 SYSTEMPATH\Common.php(1171): CodeIgniter\View\View->render('v_dashboard_admin', [], true)
 5 APPPATH\Views\v_template_admin.php(284): view('v_dashboard_admin')
 6 SYSTEMPATH\View\View.php(234): include('C:\\xampp\\htdocs\\si_ekatalog_ci4\\app\\Views\\v_template_admin.php')
 7 SYSTEMPATH\View\View.php(237): CodeIgniter\View\View->CodeIgniter\View\{closure}()
 8 SYSTEMPATH\Common.php(1171): CodeIgniter\View\View->render('v_template_admin', [], true)
 9 APPPATH\Controllers\Admin.php(56): view('v_template_admin', [...])
10 SYSTEMPATH\CodeIgniter.php(933): App\Controllers\Admin->index()
11 SYSTEMPATH\CodeIgniter.php(509): CodeIgniter\CodeIgniter->runController(Object(App\Controllers\Admin))
12 SYSTEMPATH\CodeIgniter.php(355): CodeIgniter\CodeIgniter->handleRequest(null, Object(Config\Cache), false)
13 SYSTEMPATH\Boot.php(325): CodeIgniter\CodeIgniter->run()
14 SYSTEMPATH\Boot.php(67): CodeIgniter\Boot::runCodeIgniter(Object(CodeIgniter\CodeIgniter))
15 FCPATH\index.php(56): CodeIgniter\Boot::bootWeb(Object(Config\Paths))
INFO - 2026-04-22 06:27:34 --> Session: Class initialized using 'CodeIgniter\Session\Handlers\FileHandler' driver.
INFO - 2026-04-22 06:30:35 --> Session: Class initialized using 'CodeIgniter\Session\Handlers\FileHandler' driver.
INFO - 2026-04-22 06:31:33 --> Session: Class initialized using 'CodeIgniter\Session\Handlers\FileHandler' driver.
INFO - 2026-04-22 06:31:38 --> Session: Class initialized using 'CodeIgniter\Session\Handlers\FileHandler' driver.
INFO - 2026-04-22 06:31:42 --> Session: Class initialized using 'CodeIgniter\Session\Handlers\FileHandler' driver.
INFO - 2026-04-22 06:33:19 --> Session: Class initialized using 'CodeIgniter\Session\Handlers\FileHandler' driver.
INFO - 2026-04-22 06:52:21 --> Session: Class initialized using 'CodeIgniter\Session\Handlers\FileHandler' driver.
INFO - 2026-04-22 06:53:37 --> Session: Class initialized using 'CodeIgniter\Session\Handlers\FileHandler' driver.
INFO - 2026-04-22 06:54:32 --> Session: Class initialized using 'CodeIgniter\Session\Handlers\FileHandler' driver.
INFO - 2026-04-22 06:54:32 --> Session: Class initialized using 'CodeIgniter\Session\Handlers\FileHandler' driver.
INFO - 2026-04-22 06:54:35 --> Session: Class initialized using 'CodeIgniter\Session\Handlers\FileHandler' driver.
ERROR - 2026-04-22 06:55:20 --> mysqli_sql_exception: Unknown column 'created_at' in 'field list' in C:\xampp\htdocs\si_ekatalog_ci4\system\Database\MySQLi\Connection.php:312
Stack trace:
#0 C:\xampp\htdocs\si_ekatalog_ci4\system\Database\MySQLi\Connection.php(312): mysqli->query('INSERT INTO `tb...', 0)
#1 C:\xampp\htdocs\si_ekatalog_ci4\system\Database\BaseConnection.php(734): CodeIgniter\Database\MySQLi\Connection->execute('INSERT INTO `tb...')
#2 C:\xampp\htdocs\si_ekatalog_ci4\system\Database\BaseConnection.php(648): CodeIgniter\Database\BaseConnection->simpleQuery('INSERT INTO `tb...')
#3 C:\xampp\htdocs\si_ekatalog_ci4\system\Database\BaseBuilder.php(2340): CodeIgniter\Database\BaseConnection->query('INSERT INTO `tb...', Array, false)
#4 C:\xampp\htdocs\si_ekatalog_ci4\app\Models\ModelAuth.php(20): CodeIgniter\Database\BaseBuilder->insert(Array)
#5 C:\xampp\htdocs\si_ekatalog_ci4\app\Controllers\Auth.php(183): App\Models\ModelAuth->Daftar(Array)
#6 C:\xampp\htdocs\si_ekatalog_ci4\system\CodeIgniter.php(933): App\Controllers\Auth->Daftar()
#7 C:\xampp\htdocs\si_ekatalog_ci4\system\CodeIgniter.php(509): CodeIgniter\CodeIgniter->runController(Object(App\Controllers\Auth))
#8 C:\xampp\htdocs\si_ekatalog_ci4\system\CodeIgniter.php(355): CodeIgniter\CodeIgniter->handleRequest(NULL, Object(Config\Cache), false)
#9 C:\xampp\htdocs\si_ekatalog_ci4\system\Boot.php(325): CodeIgniter\CodeIgniter->run()
#10 C:\xampp\htdocs\si_ekatalog_ci4\system\Boot.php(67): CodeIgniter\Boot::runCodeIgniter(Object(CodeIgniter\CodeIgniter))
#11 C:\xampp\htdocs\si_ekatalog_ci4\public\index.php(56): CodeIgniter\Boot::bootWeb(Object(Config\Paths))
#12 {main}
CRITICAL - 2026-04-22 06:55:20 --> CodeIgniter\Database\Exceptions\DatabaseException: Unknown column 'created_at' in 'field list'
[Method: POST, Route: Auth/Daftar]
in SYSTEMPATH\Database\BaseConnection.php on line 688.
 1 SYSTEMPATH\Database\BaseBuilder.php(2340): CodeIgniter\Database\BaseConnection->query('INSERT INTO `tbl_pengunjung` (`id_kelas`, `nama_pengunjung`, `jenis_kelamin`, `no_hp`, `email`, `password`, `verifikasi`, `created_at`) VALUES (:id_kelas:, :nama_pengunjung:, :jenis_kelamin:, :no_hp:, :email:, :password:, :verifikasi:, :created_at:)', [...], false)
 2 APPPATH\Models\ModelAuth.php(20): CodeIgniter\Database\BaseBuilder->insert([...])
 3 APPPATH\Controllers\Auth.php(183): App\Models\ModelAuth->Daftar([...])
 4 SYSTEMPATH\CodeIgniter.php(933): App\Controllers\Auth->Daftar()
 5 SYSTEMPATH\CodeIgniter.php(509): CodeIgniter\CodeIgniter->runController(Object(App\Controllers\Auth))
 6 SYSTEMPATH\CodeIgniter.php(355): CodeIgniter\CodeIgniter->handleRequest(null, Object(Config\Cache), false)
 7 SYSTEMPATH\Boot.php(325): CodeIgniter\CodeIgniter->run()
 8 SYSTEMPATH\Boot.php(67): CodeIgniter\Boot::runCodeIgniter(Object(CodeIgniter\CodeIgniter))
 9 FCPATH\index.php(56): CodeIgniter\Boot::bootWeb(Object(Config\Paths))
CRITICAL - 2026-04-22 06:55:20 --> [Caused by] CodeIgniter\Database\Exceptions\DatabaseException: Unknown column 'created_at' in 'field list'
in SYSTEMPATH\Database\MySQLi\Connection.php on line 317.
 1 SYSTEMPATH\Database\BaseConnection.php(734): CodeIgniter\Database\MySQLi\Connection->execute('INSERT INTO `tbl_pengunjung` (`id_kelas`, `nama_pengunjung`, `jenis_kelamin`, `no_hp`, `email`, `password`, `verifikasi`, `created_at`) VALUES (\'5\', \'Salwa\', \'Perempuan\', \'123456789000\', \'salwa@gmail.com\', \'sakwa1234\', \'0\', \'2026-04-22 06:55:20\')')
 2 SYSTEMPATH\Database\BaseConnection.php(648): CodeIgniter\Database\BaseConnection->simpleQuery('INSERT INTO `tbl_pengunjung` (`id_kelas`, `nama_pengunjung`, `jenis_kelamin`, `no_hp`, `email`, `password`, `verifikasi`, `created_at`) VALUES (\'5\', \'Salwa\', \'Perempuan\', \'123456789000\', \'salwa@gmail.com\', \'sakwa1234\', \'0\', \'2026-04-22 06:55:20\')')
 3 SYSTEMPATH\Database\BaseBuilder.php(2340): CodeIgniter\Database\BaseConnection->query('INSERT INTO `tbl_pengunjung` (`id_kelas`, `nama_pengunjung`, `jenis_kelamin`, `no_hp`, `email`, `password`, `verifikasi`, `created_at`) VALUES (:id_kelas:, :nama_pengunjung:, :jenis_kelamin:, :no_hp:, :email:, :password:, :verifikasi:, :created_at:)', [...], false)
 4 APPPATH\Models\ModelAuth.php(20): CodeIgniter\Database\BaseBuilder->insert([...])
 5 APPPATH\Controllers\Auth.php(183): App\Models\ModelAuth->Daftar([...])
 6 SYSTEMPATH\CodeIgniter.php(933): App\Controllers\Auth->Daftar()
 7 SYSTEMPATH\CodeIgniter.php(509): CodeIgniter\CodeIgniter->runController(Object(App\Controllers\Auth))
 8 SYSTEMPATH\CodeIgniter.php(355): CodeIgniter\CodeIgniter->handleRequest(null, Object(Config\Cache), false)
 9 SYSTEMPATH\Boot.php(325): CodeIgniter\CodeIgniter->run()
10 SYSTEMPATH\Boot.php(67): CodeIgniter\Boot::runCodeIgniter(Object(CodeIgniter\CodeIgniter))
11 FCPATH\index.php(56): CodeIgniter\Boot::bootWeb(Object(Config\Paths))
CRITICAL - 2026-04-22 06:55:20 --> [Caused by] mysqli_sql_exception: Unknown column 'created_at' in 'field list'
in SYSTEMPATH\Database\MySQLi\Connection.php on line 312.
 1 SYSTEMPATH\Database\MySQLi\Connection.php(312): mysqli->query('INSERT INTO `tbl_pengunjung` (`id_kelas`, `nama_pengunjung`, `jenis_kelamin`, `no_hp`, `email`, `password`, `verifikasi`, `created_at`) VALUES (\'5\', \'Salwa\', \'Perempuan\', \'123456789000\', \'salwa@gmail.com\', \'sakwa1234\', \'0\', \'2026-04-22 06:55:20\')', 0)
 2 SYSTEMPATH\Database\BaseConnection.php(734): CodeIgniter\Database\MySQLi\Connection->execute('INSERT INTO `tbl_pengunjung` (`id_kelas`, `nama_pengunjung`, `jenis_kelamin`, `no_hp`, `email`, `password`, `verifikasi`, `created_at`) VALUES (\'5\', \'Salwa\', \'Perempuan\', \'123456789000\', \'salwa@gmail.com\', \'sakwa1234\', \'0\', \'2026-04-22 06:55:20\')')
 3 SYSTEMPATH\Database\BaseConnection.php(648): CodeIgniter\Database\BaseConnection->simpleQuery('INSERT INTO `tbl_pengunjung` (`id_kelas`, `nama_pengunjung`, `jenis_kelamin`, `no_hp`, `email`, `password`, `verifikasi`, `created_at`) VALUES (\'5\', \'Salwa\', \'Perempuan\', \'123456789000\', \'salwa@gmail.com\', \'sakwa1234\', \'0\', \'2026-04-22 06:55:20\')')
 4 SYSTEMPATH\Database\BaseBuilder.php(2340): CodeIgniter\Database\BaseConnection->query('INSERT INTO `tbl_pengunjung` (`id_kelas`, `nama_pengunjung`, `jenis_kelamin`, `no_hp`, `email`, `password`, `verifikasi`, `created_at`) VALUES (:id_kelas:, :nama_pengunjung:, :jenis_kelamin:, :no_hp:, :email:, :password:, :verifikasi:, :created_at:)', [...], false)
 5 APPPATH\Models\ModelAuth.php(20): CodeIgniter\Database\BaseBuilder->insert([...])
 6 APPPATH\Controllers\Auth.php(183): App\Models\ModelAuth->Daftar([...])
 7 SYSTEMPATH\CodeIgniter.php(933): App\Controllers\Auth->Daftar()
 8 SYSTEMPATH\CodeIgniter.php(509): CodeIgniter\CodeIgniter->runController(Object(App\Controllers\Auth))
 9 SYSTEMPATH\CodeIgniter.php(355): CodeIgniter\CodeIgniter->handleRequest(null, Object(Config\Cache), false)
10 SYSTEMPATH\Boot.php(325): CodeIgniter\CodeIgniter->run()
11 SYSTEMPATH\Boot.php(67): CodeIgniter\Boot::runCodeIgniter(Object(CodeIgniter\CodeIgniter))
12 FCPATH\index.php(56): CodeIgniter\Boot::bootWeb(Object(Config\Paths))
ERROR - 2026-04-22 06:56:32 --> mysqli_sql_exception: Unknown column 'created_at' in 'field list' in C:\xampp\htdocs\si_ekatalog_ci4\system\Database\MySQLi\Connection.php:312
Stack trace:
#0 C:\xampp\htdocs\si_ekatalog_ci4\system\Database\MySQLi\Connection.php(312): mysqli->query('INSERT INTO `tb...', 0)
#1 C:\xampp\htdocs\si_ekatalog_ci4\system\Database\BaseConnection.php(734): CodeIgniter\Database\MySQLi\Connection->execute('INSERT INTO `tb...')
#2 C:\xampp\htdocs\si_ekatalog_ci4\system\Database\BaseConnection.php(648): CodeIgniter\Database\BaseConnection->simpleQuery('INSERT INTO `tb...')
#3 C:\xampp\htdocs\si_ekatalog_ci4\system\Database\BaseBuilder.php(2340): CodeIgniter\Database\BaseConnection->query('INSERT INTO `tb...', Array, false)
#4 C:\xampp\htdocs\si_ekatalog_ci4\app\Models\ModelAuth.php(20): CodeIgniter\Database\BaseBuilder->insert(Array)
#5 C:\xampp\htdocs\si_ekatalog_ci4\app\Controllers\Auth.php(183): App\Models\ModelAuth->Daftar(Array)
#6 C:\xampp\htdocs\si_ekatalog_ci4\system\CodeIgniter.php(933): App\Controllers\Auth->Daftar()
#7 C:\xampp\htdocs\si_ekatalog_ci4\system\CodeIgniter.php(509): CodeIgniter\CodeIgniter->runController(Object(App\Controllers\Auth))
#8 C:\xampp\htdocs\si_ekatalog_ci4\system\CodeIgniter.php(355): CodeIgniter\CodeIgniter->handleRequest(NULL, Object(Config\Cache), false)
#9 C:\xampp\htdocs\si_ekatalog_ci4\system\Boot.php(325): CodeIgniter\CodeIgniter->run()
#10 C:\xampp\htdocs\si_ekatalog_ci4\system\Boot.php(67): CodeIgniter\Boot::runCodeIgniter(Object(CodeIgniter\CodeIgniter))
#11 C:\xampp\htdocs\si_ekatalog_ci4\public\index.php(56): CodeIgniter\Boot::bootWeb(Object(Config\Paths))
#12 {main}
CRITICAL - 2026-04-22 06:56:32 --> CodeIgniter\Database\Exceptions\DatabaseException: Unknown column 'created_at' in 'field list'
[Method: POST, Route: Auth/Daftar]
in SYSTEMPATH\Database\BaseConnection.php on line 688.
 1 SYSTEMPATH\Database\BaseBuilder.php(2340): CodeIgniter\Database\BaseConnection->query('INSERT INTO `tbl_pengunjung` (`id_kelas`, `nama_pengunjung`, `jenis_kelamin`, `no_hp`, `email`, `password`, `verifikasi`, `created_at`) VALUES (:id_kelas:, :nama_pengunjung:, :jenis_kelamin:, :no_hp:, :email:, :password:, :verifikasi:, :created_at:)', [...], false)
 2 APPPATH\Models\ModelAuth.php(20): CodeIgniter\Database\BaseBuilder->insert([...])
 3 APPPATH\Controllers\Auth.php(183): App\Models\ModelAuth->Daftar([...])
 4 SYSTEMPATH\CodeIgniter.php(933): App\Controllers\Auth->Daftar()
 5 SYSTEMPATH\CodeIgniter.php(509): CodeIgniter\CodeIgniter->runController(Object(App\Controllers\Auth))
 6 SYSTEMPATH\CodeIgniter.php(355): CodeIgniter\CodeIgniter->handleRequest(null, Object(Config\Cache), false)
 7 SYSTEMPATH\Boot.php(325): CodeIgniter\CodeIgniter->run()
 8 SYSTEMPATH\Boot.php(67): CodeIgniter\Boot::runCodeIgniter(Object(CodeIgniter\CodeIgniter))
 9 FCPATH\index.php(56): CodeIgniter\Boot::bootWeb(Object(Config\Paths))
CRITICAL - 2026-04-22 06:56:32 --> [Caused by] CodeIgniter\Database\Exceptions\DatabaseException: Unknown column 'created_at' in 'field list'
in SYSTEMPATH\Database\MySQLi\Connection.php on line 317.
 1 SYSTEMPATH\Database\BaseConnection.php(734): CodeIgniter\Database\MySQLi\Connection->execute('INSERT INTO `tbl_pengunjung` (`id_kelas`, `nama_pengunjung`, `jenis_kelamin`, `no_hp`, `email`, `password`, `verifikasi`, `created_at`) VALUES (\'5\', \'Salwa\', \'Perempuan\', \'123456789000\', \'salwa@gmail.com\', \'sakwa1234\', \'0\', \'2026-04-22 06:56:32\')')
 2 SYSTEMPATH\Database\BaseConnection.php(648): CodeIgniter\Database\BaseConnection->simpleQuery('INSERT INTO `tbl_pengunjung` (`id_kelas`, `nama_pengunjung`, `jenis_kelamin`, `no_hp`, `email`, `password`, `verifikasi`, `created_at`) VALUES (\'5\', \'Salwa\', \'Perempuan\', \'123456789000\', \'salwa@gmail.com\', \'sakwa1234\', \'0\', \'2026-04-22 06:56:32\')')
 3 SYSTEMPATH\Database\BaseBuilder.php(2340): CodeIgniter\Database\BaseConnection->query('INSERT INTO `tbl_pengunjung` (`id_kelas`, `nama_pengunjung`, `jenis_kelamin`, `no_hp`, `email`, `password`, `verifikasi`, `created_at`) VALUES (:id_kelas:, :nama_pengunjung:, :jenis_kelamin:, :no_hp:, :email:, :password:, :verifikasi:, :created_at:)', [...], false)
 4 APPPATH\Models\ModelAuth.php(20): CodeIgniter\Database\BaseBuilder->insert([...])
 5 APPPATH\Controllers\Auth.php(183): App\Models\ModelAuth->Daftar([...])
 6 SYSTEMPATH\CodeIgniter.php(933): App\Controllers\Auth->Daftar()
 7 SYSTEMPATH\CodeIgniter.php(509): CodeIgniter\CodeIgniter->runController(Object(App\Controllers\Auth))
 8 SYSTEMPATH\CodeIgniter.php(355): CodeIgniter\CodeIgniter->handleRequest(null, Object(Config\Cache), false)
 9 SYSTEMPATH\Boot.php(325): CodeIgniter\CodeIgniter->run()
10 SYSTEMPATH\Boot.php(67): CodeIgniter\Boot::runCodeIgniter(Object(CodeIgniter\CodeIgniter))
11 FCPATH\index.php(56): CodeIgniter\Boot::bootWeb(Object(Config\Paths))
CRITICAL - 2026-04-22 06:56:32 --> [Caused by] mysqli_sql_exception: Unknown column 'created_at' in 'field list'
in SYSTEMPATH\Database\MySQLi\Connection.php on line 312.
 1 SYSTEMPATH\Database\MySQLi\Connection.php(312): mysqli->query('INSERT INTO `tbl_pengunjung` (`id_kelas`, `nama_pengunjung`, `jenis_kelamin`, `no_hp`, `email`, `password`, `verifikasi`, `created_at`) VALUES (\'5\', \'Salwa\', \'Perempuan\', \'123456789000\', \'salwa@gmail.com\', \'sakwa1234\', \'0\', \'2026-04-22 06:56:32\')', 0)
 2 SYSTEMPATH\Database\BaseConnection.php(734): CodeIgniter\Database\MySQLi\Connection->execute('INSERT INTO `tbl_pengunjung` (`id_kelas`, `nama_pengunjung`, `jenis_kelamin`, `no_hp`, `email`, `password`, `verifikasi`, `created_at`) VALUES (\'5\', \'Salwa\', \'Perempuan\', \'123456789000\', \'salwa@gmail.com\', \'sakwa1234\', \'0\', \'2026-04-22 06:56:32\')')
 3 SYSTEMPATH\Database\BaseConnection.php(648): CodeIgniter\Database\BaseConnection->simpleQuery('INSERT INTO `tbl_pengunjung` (`id_kelas`, `nama_pengunjung`, `jenis_kelamin`, `no_hp`, `email`, `password`, `verifikasi`, `created_at`) VALUES (\'5\', \'Salwa\', \'Perempuan\', \'123456789000\', \'salwa@gmail.com\', \'sakwa1234\', \'0\', \'2026-04-22 06:56:32\')')
 4 SYSTEMPATH\Database\BaseBuilder.php(2340): CodeIgniter\Database\BaseConnection->query('INSERT INTO `tbl_pengunjung` (`id_kelas`, `nama_pengunjung`, `jenis_kelamin`, `no_hp`, `email`, `password`, `verifikasi`, `created_at`) VALUES (:id_kelas:, :nama_pengunjung:, :jenis_kelamin:, :no_hp:, :email:, :password:, :verifikasi:, :created_at:)', [...], false)
 5 APPPATH\Models\ModelAuth.php(20): CodeIgniter\Database\BaseBuilder->insert([...])
 6 APPPATH\Controllers\Auth.php(183): App\Models\ModelAuth->Daftar([...])
 7 SYSTEMPATH\CodeIgniter.php(933): App\Controllers\Auth->Daftar()
 8 SYSTEMPATH\CodeIgniter.php(509): CodeIgniter\CodeIgniter->runController(Object(App\Controllers\Auth))
 9 SYSTEMPATH\CodeIgniter.php(355): CodeIgniter\CodeIgniter->handleRequest(null, Object(Config\Cache), false)
10 SYSTEMPATH\Boot.php(325): CodeIgniter\CodeIgniter->run()
11 SYSTEMPATH\Boot.php(67): CodeIgniter\Boot::runCodeIgniter(Object(CodeIgniter\CodeIgniter))
12 FCPATH\index.php(56): CodeIgniter\Boot::bootWeb(Object(Config\Paths))
INFO - 2026-04-22 06:57:39 --> Session: Class initialized using 'CodeIgniter\Session\Handlers\FileHandler' driver.
INFO - 2026-04-22 06:57:39 --> Session: Class initialized using 'CodeIgniter\Session\Handlers\FileHandler' driver.
INFO - 2026-04-22 06:57:43 --> Session: Class initialized using 'CodeIgniter\Session\Handlers\FileHandler' driver.
INFO - 2026-04-22 06:58:48 --> Session: Class initialized using 'CodeIgniter\Session\Handlers\FileHandler' driver.
INFO - 2026-04-22 06:58:49 --> Session: Class initialized using 'CodeIgniter\Session\Handlers\FileHandler' driver.
INFO - 2026-04-22 06:59:26 --> Session: Class initialized using 'CodeIgniter\Session\Handlers\FileHandler' driver.
INFO - 2026-04-22 07:00:33 --> Session: Class initialized using 'CodeIgniter\Session\Handlers\FileHandler' driver.
INFO - 2026-04-22 07:01:54 --> Session: Class initialized using 'CodeIgniter\Session\Handlers\FileHandler' driver.
INFO - 2026-04-22 07:02:05 --> Session: Class initialized using 'CodeIgniter\Session\Handlers\FileHandler' driver.
INFO - 2026-04-22 07:02:12 --> Session: Class initialized using 'CodeIgniter\Session\Handlers\FileHandler' driver.
INFO - 2026-04-22 07:02:37 --> Session: Class initialized using 'CodeIgniter\Session\Handlers\FileHandler' driver.
INFO - 2026-04-22 07:02:43 --> Session: Class initialized using 'CodeIgniter\Session\Handlers\FileHandler' driver.
INFO - 2026-04-22 07:02:54 --> Session: Class initialized using 'CodeIgniter\Session\Handlers\FileHandler' driver.
INFO - 2026-04-22 07:03:37 --> Session: Class initialized using 'CodeIgniter\Session\Handlers\FileHandler' driver.
INFO - 2026-04-22 07:04:10 --> Session: Class initialized using 'CodeIgniter\Session\Handlers\FileHandler' driver.
INFO - 2026-04-22 07:04:38 --> Session: Class initialized using 'CodeIgniter\Session\Handlers\FileHandler' driver.
INFO - 2026-04-22 07:05:07 --> Session: Class initialized using 'CodeIgniter\Session\Handlers\FileHandler' driver.
INFO - 2026-04-22 07:05:23 --> Session: Class initialized using 'CodeIgniter\Session\Handlers\FileHandler' driver.
INFO - 2026-04-22 07:05:40 --> Session: Class initialized using 'CodeIgniter\Session\Handlers\FileHandler' driver.
INFO - 2026-04-22 07:12:29 --> Session: Class initialized using 'CodeIgniter\Session\Handlers\FileHandler' driver.
INFO - 2026-04-22 07:12:44 --> Session: Class initialized using 'CodeIgniter\Session\Handlers\FileHandler' driver.
INFO - 2026-04-22 07:18:52 --> Session: Class initialized using 'CodeIgniter\Session\Handlers\FileHandler' driver.
INFO - 2026-04-22 07:25:06 --> Session: Class initialized using 'CodeIgniter\Session\Handlers\FileHandler' driver.
ERROR - 2026-04-22 07:25:06 --> mysqli_sql_exception: Unknown column 'created_ad' in 'field list' in C:\xampp\htdocs\si_ekatalog_ci4\system\Database\MySQLi\Connection.php:312
Stack trace:
#0 C:\xampp\htdocs\si_ekatalog_ci4\system\Database\MySQLi\Connection.php(312): mysqli->query('\r\n        SELEC...', 0)
#1 C:\xampp\htdocs\si_ekatalog_ci4\system\Database\BaseConnection.php(734): CodeIgniter\Database\MySQLi\Connection->execute('\r\n        SELEC...')
#2 C:\xampp\htdocs\si_ekatalog_ci4\system\Database\BaseConnection.php(648): CodeIgniter\Database\BaseConnection->simpleQuery('\r\n        SELEC...')
#3 C:\xampp\htdocs\si_ekatalog_ci4\app\Controllers\Admin.php(68): CodeIgniter\Database\BaseConnection->query('\r\n        SELEC...')
#4 C:\xampp\htdocs\si_ekatalog_ci4\system\CodeIgniter.php(933): App\Controllers\Admin->index()
#5 C:\xampp\htdocs\si_ekatalog_ci4\system\CodeIgniter.php(509): CodeIgniter\CodeIgniter->runController(Object(App\Controllers\Admin))
#6 C:\xampp\htdocs\si_ekatalog_ci4\system\CodeIgniter.php(355): CodeIgniter\CodeIgniter->handleRequest(NULL, Object(Config\Cache), false)
#7 C:\xampp\htdocs\si_ekatalog_ci4\system\Boot.php(325): CodeIgniter\CodeIgniter->run()
#8 C:\xampp\htdocs\si_ekatalog_ci4\system\Boot.php(67): CodeIgniter\Boot::runCodeIgniter(Object(CodeIgniter\CodeIgniter))
#9 C:\xampp\htdocs\si_ekatalog_ci4\public\index.php(56): CodeIgniter\Boot::bootWeb(Object(Config\Paths))
#10 {main}
CRITICAL - 2026-04-22 07:25:06 --> CodeIgniter\Database\Exceptions\DatabaseException: Unknown column 'created_ad' in 'field list'
[Method: GET, Route: Admin]
in SYSTEMPATH\Database\BaseConnection.php on line 688.
 1 APPPATH\Controllers\Admin.php(68): CodeIgniter\Database\BaseConnection->query('
        SELECT DATE(created_ad) as tanggal, COUNT(*) as jumlah
        FROM tbl_pengunjung
        WHERE created_ad IS NOT NULL
        AND DATE(created_ad) BETWEEN \'2026-04-22\' AND \'2026-04-30\'
        GROUP BY DATE(created_ad)
    ')
 2 SYSTEMPATH\CodeIgniter.php(933): App\Controllers\Admin->index()
 3 SYSTEMPATH\CodeIgniter.php(509): CodeIgniter\CodeIgniter->runController(Object(App\Controllers\Admin))
 4 SYSTEMPATH\CodeIgniter.php(355): CodeIgniter\CodeIgniter->handleRequest(null, Object(Config\Cache), false)
 5 SYSTEMPATH\Boot.php(325): CodeIgniter\CodeIgniter->run()
 6 SYSTEMPATH\Boot.php(67): CodeIgniter\Boot::runCodeIgniter(Object(CodeIgniter\CodeIgniter))
 7 FCPATH\index.php(56): CodeIgniter\Boot::bootWeb(Object(Config\Paths))
CRITICAL - 2026-04-22 07:25:06 --> [Caused by] CodeIgniter\Database\Exceptions\DatabaseException: Unknown column 'created_ad' in 'field list'
in SYSTEMPATH\Database\MySQLi\Connection.php on line 317.
 1 SYSTEMPATH\Database\BaseConnection.php(734): CodeIgniter\Database\MySQLi\Connection->execute('
        SELECT DATE(created_ad) as tanggal, COUNT(*) as jumlah
        FROM tbl_pengunjung
        WHERE created_ad IS NOT NULL
        AND DATE(created_ad) BETWEEN \'2026-04-22\' AND \'2026-04-30\'
        GROUP BY DATE(created_ad)
    ')
 2 SYSTEMPATH\Database\BaseConnection.php(648): CodeIgniter\Database\BaseConnection->simpleQuery('
        SELECT DATE(created_ad) as tanggal, COUNT(*) as jumlah
        FROM tbl_pengunjung
        WHERE created_ad IS NOT NULL
        AND DATE(created_ad) BETWEEN \'2026-04-22\' AND \'2026-04-30\'
        GROUP BY DATE(created_ad)
    ')
 3 APPPATH\Controllers\Admin.php(68): CodeIgniter\Database\BaseConnection->query('
        SELECT DATE(created_ad) as tanggal, COUNT(*) as jumlah
        FROM tbl_pengunjung
        WHERE created_ad IS NOT NULL
        AND DATE(created_ad) BETWEEN \'2026-04-22\' AND \'2026-04-30\'
        GROUP BY DATE(created_ad)
    ')
 4 SYSTEMPATH\CodeIgniter.php(933): App\Controllers\Admin->index()
 5 SYSTEMPATH\CodeIgniter.php(509): CodeIgniter\CodeIgniter->runController(Object(App\Controllers\Admin))
 6 SYSTEMPATH\CodeIgniter.php(355): CodeIgniter\CodeIgniter->handleRequest(null, Object(Config\Cache), false)
 7 SYSTEMPATH\Boot.php(325): CodeIgniter\CodeIgniter->run()
 8 SYSTEMPATH\Boot.php(67): CodeIgniter\Boot::runCodeIgniter(Object(CodeIgniter\CodeIgniter))
 9 FCPATH\index.php(56): CodeIgniter\Boot::bootWeb(Object(Config\Paths))
CRITICAL - 2026-04-22 07:25:06 --> [Caused by] mysqli_sql_exception: Unknown column 'created_ad' in 'field list'
in SYSTEMPATH\Database\MySQLi\Connection.php on line 312.
 1 SYSTEMPATH\Database\MySQLi\Connection.php(312): mysqli->query('
        SELECT DATE(created_ad) as tanggal, COUNT(*) as jumlah
        FROM tbl_pengunjung
        WHERE created_ad IS NOT NULL
        AND DATE(created_ad) BETWEEN \'2026-04-22\' AND \'2026-04-30\'
        GROUP BY DATE(created_ad)
    ', 0)
 2 SYSTEMPATH\Database\BaseConnection.php(734): CodeIgniter\Database\MySQLi\Connection->execute('
        SELECT DATE(created_ad) as tanggal, COUNT(*) as jumlah
        FROM tbl_pengunjung
        WHERE created_ad IS NOT NULL
        AND DATE(created_ad) BETWEEN \'2026-04-22\' AND \'2026-04-30\'
        GROUP BY DATE(created_ad)
    ')
 3 SYSTEMPATH\Database\BaseConnection.php(648): CodeIgniter\Database\BaseConnection->simpleQuery('
        SELECT DATE(created_ad) as tanggal, COUNT(*) as jumlah
        FROM tbl_pengunjung
        WHERE created_ad IS NOT NULL
        AND DATE(created_ad) BETWEEN \'2026-04-22\' AND \'2026-04-30\'
        GROUP BY DATE(created_ad)
    ')
 4 APPPATH\Controllers\Admin.php(68): CodeIgniter\Database\BaseConnection->query('
        SELECT DATE(created_ad) as tanggal, COUNT(*) as jumlah
        FROM tbl_pengunjung
        WHERE created_ad IS NOT NULL
        AND DATE(created_ad) BETWEEN \'2026-04-22\' AND \'2026-04-30\'
        GROUP BY DATE(created_ad)
    ')
 5 SYSTEMPATH\CodeIgniter.php(933): App\Controllers\Admin->index()
 6 SYSTEMPATH\CodeIgniter.php(509): CodeIgniter\CodeIgniter->runController(Object(App\Controllers\Admin))
 7 SYSTEMPATH\CodeIgniter.php(355): CodeIgniter\CodeIgniter->handleRequest(null, Object(Config\Cache), false)
 8 SYSTEMPATH\Boot.php(325): CodeIgniter\CodeIgniter->run()
 9 SYSTEMPATH\Boot.php(67): CodeIgniter\Boot::runCodeIgniter(Object(CodeIgniter\CodeIgniter))
10 FCPATH\index.php(56): CodeIgniter\Boot::bootWeb(Object(Config\Paths))
INFO - 2026-04-22 07:26:00 --> Session: Class initialized using 'CodeIgniter\Session\Handlers\FileHandler' driver.
INFO - 2026-04-22 07:26:40 --> Session: Class initialized using 'CodeIgniter\Session\Handlers\FileHandler' driver.
INFO - 2026-04-22 07:26:52 --> Session: Class initialized using 'CodeIgniter\Session\Handlers\FileHandler' driver.
INFO - 2026-04-22 07:27:01 --> Session: Class initialized using 'CodeIgniter\Session\Handlers\FileHandler' driver.
INFO - 2026-04-22 07:27:42 --> Session: Class initialized using 'CodeIgniter\Session\Handlers\FileHandler' driver.
INFO - 2026-04-22 07:28:00 --> Session: Class initialized using 'CodeIgniter\Session\Handlers\FileHandler' driver.
INFO - 2026-04-22 07:28:21 --> Session: Class initialized using 'CodeIgniter\Session\Handlers\FileHandler' driver.
INFO - 2026-04-22 07:28:31 --> Session: Class initialized using 'CodeIgniter\Session\Handlers\FileHandler' driver.
INFO - 2026-04-22 07:28:33 --> Session: Class initialized using 'CodeIgniter\Session\Handlers\FileHandler' driver.
INFO - 2026-04-22 07:28:54 --> Session: Class initialized using 'CodeIgniter\Session\Handlers\FileHandler' driver.
INFO - 2026-04-22 07:30:21 --> Session: Class initialized using 'CodeIgniter\Session\Handlers\FileHandler' driver.
INFO - 2026-04-22 07:30:21 --> Session: Class initialized using 'CodeIgniter\Session\Handlers\FileHandler' driver.
INFO - 2026-04-22 07:30:54 --> Session: Class initialized using 'CodeIgniter\Session\Handlers\FileHandler' driver.
INFO - 2026-04-22 07:30:54 --> Session: Class initialized using 'CodeIgniter\Session\Handlers\FileHandler' driver.
INFO - 2026-04-22 07:31:30 --> Session: Class initialized using 'CodeIgniter\Session\Handlers\FileHandler' driver.
INFO - 2026-04-22 07:34:25 --> Session: Class initialized using 'CodeIgniter\Session\Handlers\FileHandler' driver.
INFO - 2026-04-22 07:34:28 --> Session: Class initialized using 'CodeIgniter\Session\Handlers\FileHandler' driver.
CRITICAL - 2026-04-22 07:34:28 --> ErrorException: Undefined array key "sejarah"
[Method: GET, Route: Pengaturan/web]
in APPPATH\Views\v_pengaturan_web.php on line 101.
 1 APPPATH\Views\v_pengaturan_web.php(101): CodeIgniter\Debug\Exceptions->errorHandler(2, 'Undefined array key "sejarah"', 'C:\\xampp\\htdocs\\si_ekatalog_ci4\\app\\Views\\v_pengaturan_web.php', 101)
 2 SYSTEMPATH\View\View.php(234): include('C:\\xampp\\htdocs\\si_ekatalog_ci4\\app\\Views\\v_pengaturan_web.php')
 3 SYSTEMPATH\View\View.php(237): CodeIgniter\View\View->CodeIgniter\View\{closure}()
 4 SYSTEMPATH\Common.php(1171): CodeIgniter\View\View->render('v_pengaturan_web', [], true)
 5 APPPATH\Views\v_template_admin.php(284): view('v_pengaturan_web')
 6 SYSTEMPATH\View\View.php(234): include('C:\\xampp\\htdocs\\si_ekatalog_ci4\\app\\Views\\v_template_admin.php')
 7 SYSTEMPATH\View\View.php(237): CodeIgniter\View\View->CodeIgniter\View\{closure}()
 8 SYSTEMPATH\Common.php(1171): CodeIgniter\View\View->render('v_template_admin', [], true)
 9 APPPATH\Controllers\Pengaturan.php(28): view('v_template_admin', [...])
10 SYSTEMPATH\CodeIgniter.php(933): App\Controllers\Pengaturan->web()
11 SYSTEMPATH\CodeIgniter.php(509): CodeIgniter\CodeIgniter->runController(Object(App\Controllers\Pengaturan))
12 SYSTEMPATH\CodeIgniter.php(355): CodeIgniter\CodeIgniter->handleRequest(null, Object(Config\Cache), false)
13 SYSTEMPATH\Boot.php(325): CodeIgniter\CodeIgniter->run()
14 SYSTEMPATH\Boot.php(67): CodeIgniter\Boot::runCodeIgniter(Object(CodeIgniter\CodeIgniter))
15 FCPATH\index.php(56): CodeIgniter\Boot::bootWeb(Object(Config\Paths))
INFO - 2026-04-22 07:34:35 --> Session: Class initialized using 'CodeIgniter\Session\Handlers\FileHandler' driver.
CRITICAL - 2026-04-22 07:34:35 --> ErrorException: Undefined array key "sejarah"
[Method: GET, Route: Pengaturan/web]
in APPPATH\Views\v_pengaturan_web.php on line 101.
 1 APPPATH\Views\v_pengaturan_web.php(101): CodeIgniter\Debug\Exceptions->errorHandler(2, 'Undefined array key "sejarah"', 'C:\\xampp\\htdocs\\si_ekatalog_ci4\\app\\Views\\v_pengaturan_web.php', 101)
 2 SYSTEMPATH\View\View.php(234): include('C:\\xampp\\htdocs\\si_ekatalog_ci4\\app\\Views\\v_pengaturan_web.php')
 3 SYSTEMPATH\View\View.php(237): CodeIgniter\View\View->CodeIgniter\View\{closure}()
 4 SYSTEMPATH\Common.php(1171): CodeIgniter\View\View->render('v_pengaturan_web', [], true)
 5 APPPATH\Views\v_template_admin.php(284): view('v_pengaturan_web')
 6 SYSTEMPATH\View\View.php(234): include('C:\\xampp\\htdocs\\si_ekatalog_ci4\\app\\Views\\v_template_admin.php')
 7 SYSTEMPATH\View\View.php(237): CodeIgniter\View\View->CodeIgniter\View\{closure}()
 8 SYSTEMPATH\Common.php(1171): CodeIgniter\View\View->render('v_template_admin', [], true)
 9 APPPATH\Controllers\Pengaturan.php(28): view('v_template_admin', [...])
10 SYSTEMPATH\CodeIgniter.php(933): App\Controllers\Pengaturan->web()
11 SYSTEMPATH\CodeIgniter.php(509): CodeIgniter\CodeIgniter->runController(Object(App\Controllers\Pengaturan))
12 SYSTEMPATH\CodeIgniter.php(355): CodeIgniter\CodeIgniter->handleRequest(null, Object(Config\Cache), false)
13 SYSTEMPATH\Boot.php(325): CodeIgniter\CodeIgniter->run()
14 SYSTEMPATH\Boot.php(67): CodeIgniter\Boot::runCodeIgniter(Object(CodeIgniter\CodeIgniter))
15 FCPATH\index.php(56): CodeIgniter\Boot::bootWeb(Object(Config\Paths))
INFO - 2026-04-22 07:36:10 --> Session: Class initialized using 'CodeIgniter\Session\Handlers\FileHandler' driver.
CRITICAL - 2026-04-22 07:36:10 --> ErrorException: Undefined array key "sejarah"
[Method: GET, Route: Pengaturan/web]
in APPPATH\Views\v_pengaturan_web.php on line 101.
 1 APPPATH\Views\v_pengaturan_web.php(101): CodeIgniter\Debug\Exceptions->errorHandler(2, 'Undefined array key "sejarah"', 'C:\\xampp\\htdocs\\si_ekatalog_ci4\\app\\Views\\v_pengaturan_web.php', 101)
 2 SYSTEMPATH\View\View.php(234): include('C:\\xampp\\htdocs\\si_ekatalog_ci4\\app\\Views\\v_pengaturan_web.php')
 3 SYSTEMPATH\View\View.php(237): CodeIgniter\View\View->CodeIgniter\View\{closure}()
 4 SYSTEMPATH\Common.php(1171): CodeIgniter\View\View->render('v_pengaturan_web', [], true)
 5 APPPATH\Views\v_template_admin.php(284): view('v_pengaturan_web')
 6 SYSTEMPATH\View\View.php(234): include('C:\\xampp\\htdocs\\si_ekatalog_ci4\\app\\Views\\v_template_admin.php')
 7 SYSTEMPATH\View\View.php(237): CodeIgniter\View\View->CodeIgniter\View\{closure}()
 8 SYSTEMPATH\Common.php(1171): CodeIgniter\View\View->render('v_template_admin', [], true)
 9 APPPATH\Controllers\Pengaturan.php(28): view('v_template_admin', [...])
10 SYSTEMPATH\CodeIgniter.php(933): App\Controllers\Pengaturan->web()
11 SYSTEMPATH\CodeIgniter.php(509): CodeIgniter\CodeIgniter->runController(Object(App\Controllers\Pengaturan))
12 SYSTEMPATH\CodeIgniter.php(355): CodeIgniter\CodeIgniter->handleRequest(null, Object(Config\Cache), false)
13 SYSTEMPATH\Boot.php(325): CodeIgniter\CodeIgniter->run()
14 SYSTEMPATH\Boot.php(67): CodeIgniter\Boot::runCodeIgniter(Object(CodeIgniter\CodeIgniter))
15 FCPATH\index.php(56): CodeIgniter\Boot::bootWeb(Object(Config\Paths))
INFO - 2026-04-22 07:36:12 --> Session: Class initialized using 'CodeIgniter\Session\Handlers\FileHandler' driver.
CRITICAL - 2026-04-22 07:36:12 --> ErrorException: Undefined array key "sejarah"
[Method: GET, Route: Pengaturan/web]
in APPPATH\Views\v_pengaturan_web.php on line 101.
 1 APPPATH\Views\v_pengaturan_web.php(101): CodeIgniter\Debug\Exceptions->errorHandler(2, 'Undefined array key "sejarah"', 'C:\\xampp\\htdocs\\si_ekatalog_ci4\\app\\Views\\v_pengaturan_web.php', 101)
 2 SYSTEMPATH\View\View.php(234): include('C:\\xampp\\htdocs\\si_ekatalog_ci4\\app\\Views\\v_pengaturan_web.php')
 3 SYSTEMPATH\View\View.php(237): CodeIgniter\View\View->CodeIgniter\View\{closure}()
 4 SYSTEMPATH\Common.php(1171): CodeIgniter\View\View->render('v_pengaturan_web', [], true)
 5 APPPATH\Views\v_template_admin.php(284): view('v_pengaturan_web')
 6 SYSTEMPATH\View\View.php(234): include('C:\\xampp\\htdocs\\si_ekatalog_ci4\\app\\Views\\v_template_admin.php')
 7 SYSTEMPATH\View\View.php(237): CodeIgniter\View\View->CodeIgniter\View\{closure}()
 8 SYSTEMPATH\Common.php(1171): CodeIgniter\View\View->render('v_template_admin', [], true)
 9 APPPATH\Controllers\Pengaturan.php(28): view('v_template_admin', [...])
10 SYSTEMPATH\CodeIgniter.php(933): App\Controllers\Pengaturan->web()
11 SYSTEMPATH\CodeIgniter.php(509): CodeIgniter\CodeIgniter->runController(Object(App\Controllers\Pengaturan))
12 SYSTEMPATH\CodeIgniter.php(355): CodeIgniter\CodeIgniter->handleRequest(null, Object(Config\Cache), false)
13 SYSTEMPATH\Boot.php(325): CodeIgniter\CodeIgniter->run()
14 SYSTEMPATH\Boot.php(67): CodeIgniter\Boot::runCodeIgniter(Object(CodeIgniter\CodeIgniter))
15 FCPATH\index.php(56): CodeIgniter\Boot::bootWeb(Object(Config\Paths))
INFO - 2026-04-22 07:36:34 --> Session: Class initialized using 'CodeIgniter\Session\Handlers\FileHandler' driver.
CRITICAL - 2026-04-22 07:36:34 --> ErrorException: Undefined array key "sejarah"
[Method: GET, Route: Pengaturan/web]
in APPPATH\Views\v_pengaturan_web.php on line 101.
 1 APPPATH\Views\v_pengaturan_web.php(101): CodeIgniter\Debug\Exceptions->errorHandler(2, 'Undefined array key "sejarah"', 'C:\\xampp\\htdocs\\si_ekatalog_ci4\\app\\Views\\v_pengaturan_web.php', 101)
 2 SYSTEMPATH\View\View.php(234): include('C:\\xampp\\htdocs\\si_ekatalog_ci4\\app\\Views\\v_pengaturan_web.php')
 3 SYSTEMPATH\View\View.php(237): CodeIgniter\View\View->CodeIgniter\View\{closure}()
 4 SYSTEMPATH\Common.php(1171): CodeIgniter\View\View->render('v_pengaturan_web', [], true)
 5 APPPATH\Views\v_template_admin.php(284): view('v_pengaturan_web')
 6 SYSTEMPATH\View\View.php(234): include('C:\\xampp\\htdocs\\si_ekatalog_ci4\\app\\Views\\v_template_admin.php')
 7 SYSTEMPATH\View\View.php(237): CodeIgniter\View\View->CodeIgniter\View\{closure}()
 8 SYSTEMPATH\Common.php(1171): CodeIgniter\View\View->render('v_template_admin', [], true)
 9 APPPATH\Controllers\Pengaturan.php(28): view('v_template_admin', [...])
10 SYSTEMPATH\CodeIgniter.php(933): App\Controllers\Pengaturan->web()
11 SYSTEMPATH\CodeIgniter.php(509): CodeIgniter\CodeIgniter->runController(Object(App\Controllers\Pengaturan))
12 SYSTEMPATH\CodeIgniter.php(355): CodeIgniter\CodeIgniter->handleRequest(null, Object(Config\Cache), false)
13 SYSTEMPATH\Boot.php(325): CodeIgniter\CodeIgniter->run()
14 SYSTEMPATH\Boot.php(67): CodeIgniter\Boot::runCodeIgniter(Object(CodeIgniter\CodeIgniter))
15 FCPATH\index.php(56): CodeIgniter\Boot::bootWeb(Object(Config\Paths))
INFO - 2026-04-22 07:36:36 --> Session: Class initialized using 'CodeIgniter\Session\Handlers\FileHandler' driver.
CRITICAL - 2026-04-22 07:36:36 --> ErrorException: Undefined array key "sejarah"
[Method: GET, Route: Pengaturan/web]
in APPPATH\Views\v_pengaturan_web.php on line 101.
 1 APPPATH\Views\v_pengaturan_web.php(101): CodeIgniter\Debug\Exceptions->errorHandler(2, 'Undefined array key "sejarah"', 'C:\\xampp\\htdocs\\si_ekatalog_ci4\\app\\Views\\v_pengaturan_web.php', 101)
 2 SYSTEMPATH\View\View.php(234): include('C:\\xampp\\htdocs\\si_ekatalog_ci4\\app\\Views\\v_pengaturan_web.php')
 3 SYSTEMPATH\View\View.php(237): CodeIgniter\View\View->CodeIgniter\View\{closure}()
 4 SYSTEMPATH\Common.php(1171): CodeIgniter\View\View->render('v_pengaturan_web', [], true)
 5 APPPATH\Views\v_template_admin.php(284): view('v_pengaturan_web')
 6 SYSTEMPATH\View\View.php(234): include('C:\\xampp\\htdocs\\si_ekatalog_ci4\\app\\Views\\v_template_admin.php')
 7 SYSTEMPATH\View\View.php(237): CodeIgniter\View\View->CodeIgniter\View\{closure}()
 8 SYSTEMPATH\Common.php(1171): CodeIgniter\View\View->render('v_template_admin', [], true)
 9 APPPATH\Controllers\Pengaturan.php(28): view('v_template_admin', [...])
10 SYSTEMPATH\CodeIgniter.php(933): App\Controllers\Pengaturan->web()
11 SYSTEMPATH\CodeIgniter.php(509): CodeIgniter\CodeIgniter->runController(Object(App\Controllers\Pengaturan))
12 SYSTEMPATH\CodeIgniter.php(355): CodeIgniter\CodeIgniter->handleRequest(null, Object(Config\Cache), false)
13 SYSTEMPATH\Boot.php(325): CodeIgniter\CodeIgniter->run()
14 SYSTEMPATH\Boot.php(67): CodeIgniter\Boot::runCodeIgniter(Object(CodeIgniter\CodeIgniter))
15 FCPATH\index.php(56): CodeIgniter\Boot::bootWeb(Object(Config\Paths))
INFO - 2026-04-22 07:36:37 --> Session: Class initialized using 'CodeIgniter\Session\Handlers\FileHandler' driver.
CRITICAL - 2026-04-22 07:36:37 --> ErrorException: Undefined array key "sejarah"
[Method: GET, Route: Pengaturan/web]
in APPPATH\Views\v_pengaturan_web.php on line 101.
 1 APPPATH\Views\v_pengaturan_web.php(101): CodeIgniter\Debug\Exceptions->errorHandler(2, 'Undefined array key "sejarah"', 'C:\\xampp\\htdocs\\si_ekatalog_ci4\\app\\Views\\v_pengaturan_web.php', 101)
 2 SYSTEMPATH\View\View.php(234): include('C:\\xampp\\htdocs\\si_ekatalog_ci4\\app\\Views\\v_pengaturan_web.php')
 3 SYSTEMPATH\View\View.php(237): CodeIgniter\View\View->CodeIgniter\View\{closure}()
 4 SYSTEMPATH\Common.php(1171): CodeIgniter\View\View->render('v_pengaturan_web', [], true)
 5 APPPATH\Views\v_template_admin.php(284): view('v_pengaturan_web')
 6 SYSTEMPATH\View\View.php(234): include('C:\\xampp\\htdocs\\si_ekatalog_ci4\\app\\Views\\v_template_admin.php')
 7 SYSTEMPATH\View\View.php(237): CodeIgniter\View\View->CodeIgniter\View\{closure}()
 8 SYSTEMPATH\Common.php(1171): CodeIgniter\View\View->render('v_template_admin', [], true)
 9 APPPATH\Controllers\Pengaturan.php(28): view('v_template_admin', [...])
10 SYSTEMPATH\CodeIgniter.php(933): App\Controllers\Pengaturan->web()
11 SYSTEMPATH\CodeIgniter.php(509): CodeIgniter\CodeIgniter->runController(Object(App\Controllers\Pengaturan))
12 SYSTEMPATH\CodeIgniter.php(355): CodeIgniter\CodeIgniter->handleRequest(null, Object(Config\Cache), false)
13 SYSTEMPATH\Boot.php(325): CodeIgniter\CodeIgniter->run()
14 SYSTEMPATH\Boot.php(67): CodeIgniter\Boot::runCodeIgniter(Object(CodeIgniter\CodeIgniter))
15 FCPATH\index.php(56): CodeIgniter\Boot::bootWeb(Object(Config\Paths))
INFO - 2026-04-22 07:36:38 --> Session: Class initialized using 'CodeIgniter\Session\Handlers\FileHandler' driver.
CRITICAL - 2026-04-22 07:36:38 --> ErrorException: Undefined array key "sejarah"
[Method: GET, Route: Pengaturan/web]
in APPPATH\Views\v_pengaturan_web.php on line 101.
 1 APPPATH\Views\v_pengaturan_web.php(101): CodeIgniter\Debug\Exceptions->errorHandler(2, 'Undefined array key "sejarah"', 'C:\\xampp\\htdocs\\si_ekatalog_ci4\\app\\Views\\v_pengaturan_web.php', 101)
 2 SYSTEMPATH\View\View.php(234): include('C:\\xampp\\htdocs\\si_ekatalog_ci4\\app\\Views\\v_pengaturan_web.php')
 3 SYSTEMPATH\View\View.php(237): CodeIgniter\View\View->CodeIgniter\View\{closure}()
 4 SYSTEMPATH\Common.php(1171): CodeIgniter\View\View->render('v_pengaturan_web', [], true)
 5 APPPATH\Views\v_template_admin.php(284): view('v_pengaturan_web')
 6 SYSTEMPATH\View\View.php(234): include('C:\\xampp\\htdocs\\si_ekatalog_ci4\\app\\Views\\v_template_admin.php')
 7 SYSTEMPATH\View\View.php(237): CodeIgniter\View\View->CodeIgniter\View\{closure}()
 8 SYSTEMPATH\Common.php(1171): CodeIgniter\View\View->render('v_template_admin', [], true)
 9 APPPATH\Controllers\Pengaturan.php(28): view('v_template_admin', [...])
10 SYSTEMPATH\CodeIgniter.php(933): App\Controllers\Pengaturan->web()
11 SYSTEMPATH\CodeIgniter.php(509): CodeIgniter\CodeIgniter->runController(Object(App\Controllers\Pengaturan))
12 SYSTEMPATH\CodeIgniter.php(355): CodeIgniter\CodeIgniter->handleRequest(null, Object(Config\Cache), false)
13 SYSTEMPATH\Boot.php(325): CodeIgniter\CodeIgniter->run()
14 SYSTEMPATH\Boot.php(67): CodeIgniter\Boot::runCodeIgniter(Object(CodeIgniter\CodeIgniter))
15 FCPATH\index.php(56): CodeIgniter\Boot::bootWeb(Object(Config\Paths))
INFO - 2026-04-22 07:36:55 --> Session: Class initialized using 'CodeIgniter\Session\Handlers\FileHandler' driver.
INFO - 2026-04-22 07:37:04 --> Session: Class initialized using 'CodeIgniter\Session\Handlers\FileHandler' driver.
INFO - 2026-04-22 07:37:05 --> Session: Class initialized using 'CodeIgniter\Session\Handlers\FileHandler' driver.
CRITICAL - 2026-04-22 07:43:08 --> ErrorException: Undefined variable $judul
[Method: GET, Route: Home/Sejarah]
in APPPATH\Views\v_sejarah.php on line 6.
 1 APPPATH\Views\v_sejarah.php(6): CodeIgniter\Debug\Exceptions->errorHandler(2, 'Undefined variable $judul', 'C:\\xampp\\htdocs\\si_ekatalog_ci4\\app\\Views\\v_sejarah.php', 6)
 2 SYSTEMPATH\View\View.php(234): include('C:\\xampp\\htdocs\\si_ekatalog_ci4\\app\\Views\\v_sejarah.php')
 3 SYSTEMPATH\View\View.php(237): CodeIgniter\View\View->CodeIgniter\View\{closure}()
 4 SYSTEMPATH\Common.php(1171): CodeIgniter\View\View->render('v_sejarah', [], true)
 5 APPPATH\Controllers\Home.php(43): view('v_sejarah')
 6 SYSTEMPATH\CodeIgniter.php(933): App\Controllers\Home->sejarah()
 7 SYSTEMPATH\CodeIgniter.php(509): CodeIgniter\CodeIgniter->runController(Object(App\Controllers\Home))
 8 SYSTEMPATH\CodeIgniter.php(355): CodeIgniter\CodeIgniter->handleRequest(null, Object(Config\Cache), false)
 9 SYSTEMPATH\Boot.php(325): CodeIgniter\CodeIgniter->run()
10 SYSTEMPATH\Boot.php(67): CodeIgniter\Boot::runCodeIgniter(Object(CodeIgniter\CodeIgniter))
11 FCPATH\index.php(56): CodeIgniter\Boot::bootWeb(Object(Config\Paths))
CRITICAL - 2026-04-22 07:45:33 --> ErrorException: Undefined variable $profile
[Method: GET, Route: Home/Visi_Misi]
in APPPATH\Views\v_visi_misi.php on line 12.
 1 APPPATH\Views\v_visi_misi.php(12): CodeIgniter\Debug\Exceptions->errorHandler(2, 'Undefined variable $profile', 'C:\\xampp\\htdocs\\si_ekatalog_ci4\\app\\Views\\v_visi_misi.php', 12)
 2 SYSTEMPATH\View\View.php(234): include('C:\\xampp\\htdocs\\si_ekatalog_ci4\\app\\Views\\v_visi_misi.php')
 3 SYSTEMPATH\View\View.php(237): CodeIgniter\View\View->CodeIgniter\View\{closure}()
 4 SYSTEMPATH\Common.php(1171): CodeIgniter\View\View->render('v_visi_misi', [], true)
 5 APPPATH\Controllers\Home.php(48): view('v_visi_misi')
 6 SYSTEMPATH\CodeIgniter.php(933): App\Controllers\Home->visi_misi()
 7 SYSTEMPATH\CodeIgniter.php(509): CodeIgniter\CodeIgniter->runController(Object(App\Controllers\Home))
 8 SYSTEMPATH\CodeIgniter.php(355): CodeIgniter\CodeIgniter->handleRequest(null, Object(Config\Cache), false)
 9 SYSTEMPATH\Boot.php(325): CodeIgniter\CodeIgniter->run()
10 SYSTEMPATH\Boot.php(67): CodeIgniter\Boot::runCodeIgniter(Object(CodeIgniter\CodeIgniter))
11 FCPATH\index.php(56): CodeIgniter\Boot::bootWeb(Object(Config\Paths))
CRITICAL - 2026-04-22 07:49:08 --> CodeIgniter\View\Exceptions\ViewException: Invalid file: "v_visimisi.php"
[Method: GET, Route: Home/VisiMisi]
in SYSTEMPATH\Exceptions\FrameworkException.php on line 41.
 1 SYSTEMPATH\View\View.php(222): CodeIgniter\Exceptions\FrameworkException::forInvalidFile('v_visimisi.php')
 2 SYSTEMPATH\Common.php(1171): CodeIgniter\View\View->render('v_visimisi', [], true)
 3 APPPATH\Views\v_template.php(124): view('v_visimisi', [...])
 4 SYSTEMPATH\View\View.php(234): include('C:\\xampp\\htdocs\\si_ekatalog_ci4\\app\\Views\\v_template.php')
 5 SYSTEMPATH\View\View.php(237): CodeIgniter\View\View->CodeIgniter\View\{closure}()
 6 SYSTEMPATH\Common.php(1171): CodeIgniter\View\View->render('v_template', [], true)
 7 APPPATH\Controllers\Home.php(60): view('v_template', [...])
 8 SYSTEMPATH\CodeIgniter.php(933): App\Controllers\Home->VisiMisi()
 9 SYSTEMPATH\CodeIgniter.php(509): CodeIgniter\CodeIgniter->runController(Object(App\Controllers\Home))
10 SYSTEMPATH\CodeIgniter.php(355): CodeIgniter\CodeIgniter->handleRequest(null, Object(Config\Cache), false)
11 SYSTEMPATH\Boot.php(325): CodeIgniter\CodeIgniter->run()
12 SYSTEMPATH\Boot.php(67): CodeIgniter\Boot::runCodeIgniter(Object(CodeIgniter\CodeIgniter))
13 FCPATH\index.php(56): CodeIgniter\Boot::bootWeb(Object(Config\Paths))
CRITICAL - 2026-04-22 07:49:41 --> ErrorException: Undefined array key "visi"
[Method: GET, Route: Home/VisiMisi]
in APPPATH\Views\v_visi_misi.php on line 12.
 1 APPPATH\Views\v_visi_misi.php(12): CodeIgniter\Debug\Exceptions->errorHandler(2, 'Undefined array key "visi"', 'C:\\xampp\\htdocs\\si_ekatalog_ci4\\app\\Views\\v_visi_misi.php', 12)
 2 SYSTEMPATH\View\View.php(234): include('C:\\xampp\\htdocs\\si_ekatalog_ci4\\app\\Views\\v_visi_misi.php')
 3 SYSTEMPATH\View\View.php(237): CodeIgniter\View\View->CodeIgniter\View\{closure}()
 4 SYSTEMPATH\Common.php(1171): CodeIgniter\View\View->render('v_visi_misi', [], true)
 5 APPPATH\Views\v_template.php(124): view('v_visi_misi', [...])
 6 SYSTEMPATH\View\View.php(234): include('C:\\xampp\\htdocs\\si_ekatalog_ci4\\app\\Views\\v_template.php')
 7 SYSTEMPATH\View\View.php(237): CodeIgniter\View\View->CodeIgniter\View\{closure}()
 8 SYSTEMPATH\Common.php(1171): CodeIgniter\View\View->render('v_template', [], true)
 9 APPPATH\Controllers\Home.php(60): view('v_template', [...])
10 SYSTEMPATH\CodeIgniter.php(933): App\Controllers\Home->VisiMisi()
11 SYSTEMPATH\CodeIgniter.php(509): CodeIgniter\CodeIgniter->runController(Object(App\Controllers\Home))
12 SYSTEMPATH\CodeIgniter.php(355): CodeIgniter\CodeIgniter->handleRequest(null, Object(Config\Cache), false)
13 SYSTEMPATH\Boot.php(325): CodeIgniter\CodeIgniter->run()
14 SYSTEMPATH\Boot.php(67): CodeIgniter\Boot::runCodeIgniter(Object(CodeIgniter\CodeIgniter))
15 FCPATH\index.php(56): CodeIgniter\Boot::bootWeb(Object(Config\Paths))
CRITICAL - 2026-04-22 07:49:44 --> ErrorException: Undefined array key "visi"
[Method: GET, Route: Home/VisiMisi]
in APPPATH\Views\v_visi_misi.php on line 12.
 1 APPPATH\Views\v_visi_misi.php(12): CodeIgniter\Debug\Exceptions->errorHandler(2, 'Undefined array key "visi"', 'C:\\xampp\\htdocs\\si_ekatalog_ci4\\app\\Views\\v_visi_misi.php', 12)
 2 SYSTEMPATH\View\View.php(234): include('C:\\xampp\\htdocs\\si_ekatalog_ci4\\app\\Views\\v_visi_misi.php')
 3 SYSTEMPATH\View\View.php(237): CodeIgniter\View\View->CodeIgniter\View\{closure}()
 4 SYSTEMPATH\Common.php(1171): CodeIgniter\View\View->render('v_visi_misi', [], true)
 5 APPPATH\Views\v_template.php(124): view('v_visi_misi', [...])
 6 SYSTEMPATH\View\View.php(234): include('C:\\xampp\\htdocs\\si_ekatalog_ci4\\app\\Views\\v_template.php')
 7 SYSTEMPATH\View\View.php(237): CodeIgniter\View\View->CodeIgniter\View\{closure}()
 8 SYSTEMPATH\Common.php(1171): CodeIgniter\View\View->render('v_template', [], true)
 9 APPPATH\Controllers\Home.php(60): view('v_template', [...])
10 SYSTEMPATH\CodeIgniter.php(933): App\Controllers\Home->VisiMisi()
11 SYSTEMPATH\CodeIgniter.php(509): CodeIgniter\CodeIgniter->runController(Object(App\Controllers\Home))
12 SYSTEMPATH\CodeIgniter.php(355): CodeIgniter\CodeIgniter->handleRequest(null, Object(Config\Cache), false)
13 SYSTEMPATH\Boot.php(325): CodeIgniter\CodeIgniter->run()
14 SYSTEMPATH\Boot.php(67): CodeIgniter\Boot::runCodeIgniter(Object(CodeIgniter\CodeIgniter))
15 FCPATH\index.php(56): CodeIgniter\Boot::bootWeb(Object(Config\Paths))
CRITICAL - 2026-04-22 07:49:50 --> ErrorException: Undefined array key "visi"
[Method: GET, Route: Home/VisiMisi]
in APPPATH\Views\v_visi_misi.php on line 12.
 1 APPPATH\Views\v_visi_misi.php(12): CodeIgniter\Debug\Exceptions->errorHandler(2, 'Undefined array key "visi"', 'C:\\xampp\\htdocs\\si_ekatalog_ci4\\app\\Views\\v_visi_misi.php', 12)
 2 SYSTEMPATH\View\View.php(234): include('C:\\xampp\\htdocs\\si_ekatalog_ci4\\app\\Views\\v_visi_misi.php')
 3 SYSTEMPATH\View\View.php(237): CodeIgniter\View\View->CodeIgniter\View\{closure}()
 4 SYSTEMPATH\Common.php(1171): CodeIgniter\View\View->render('v_visi_misi', [], true)
 5 APPPATH\Views\v_template.php(124): view('v_visi_misi', [...])
 6 SYSTEMPATH\View\View.php(234): include('C:\\xampp\\htdocs\\si_ekatalog_ci4\\app\\Views\\v_template.php')
 7 SYSTEMPATH\View\View.php(237): CodeIgniter\View\View->CodeIgniter\View\{closure}()
 8 SYSTEMPATH\Common.php(1171): CodeIgniter\View\View->render('v_template', [], true)
 9 APPPATH\Controllers\Home.php(60): view('v_template', [...])
10 SYSTEMPATH\CodeIgniter.php(933): App\Controllers\Home->VisiMisi()
11 SYSTEMPATH\CodeIgniter.php(509): CodeIgniter\CodeIgniter->runController(Object(App\Controllers\Home))
12 SYSTEMPATH\CodeIgniter.php(355): CodeIgniter\CodeIgniter->handleRequest(null, Object(Config\Cache), false)
13 SYSTEMPATH\Boot.php(325): CodeIgniter\CodeIgniter->run()
14 SYSTEMPATH\Boot.php(67): CodeIgniter\Boot::runCodeIgniter(Object(CodeIgniter\CodeIgniter))
15 FCPATH\index.php(56): CodeIgniter\Boot::bootWeb(Object(Config\Paths))
INFO - 2026-04-22 07:50:08 --> Session: Class initialized using 'CodeIgniter\Session\Handlers\FileHandler' driver.
CRITICAL - 2026-04-22 07:50:08 --> ErrorException: Undefined array key "sejarah"
[Method: GET, Route: Pengaturan/web]
in APPPATH\Views\v_pengaturan_web.php on line 107.
 1 APPPATH\Views\v_pengaturan_web.php(107): CodeIgniter\Debug\Exceptions->errorHandler(2, 'Undefined array key "sejarah"', 'C:\\xampp\\htdocs\\si_ekatalog_ci4\\app\\Views\\v_pengaturan_web.php', 107)
 2 SYSTEMPATH\View\View.php(234): include('C:\\xampp\\htdocs\\si_ekatalog_ci4\\app\\Views\\v_pengaturan_web.php')
 3 SYSTEMPATH\View\View.php(237): CodeIgniter\View\View->CodeIgniter\View\{closure}()
 4 SYSTEMPATH\Common.php(1171): CodeIgniter\View\View->render('v_pengaturan_web', [], true)
 5 APPPATH\Views\v_template_admin.php(284): view('v_pengaturan_web')
 6 SYSTEMPATH\View\View.php(234): include('C:\\xampp\\htdocs\\si_ekatalog_ci4\\app\\Views\\v_template_admin.php')
 7 SYSTEMPATH\View\View.php(237): CodeIgniter\View\View->CodeIgniter\View\{closure}()
 8 SYSTEMPATH\Common.php(1171): CodeIgniter\View\View->render('v_template_admin', [], true)
 9 APPPATH\Controllers\Pengaturan.php(28): view('v_template_admin', [...])
10 SYSTEMPATH\CodeIgniter.php(933): App\Controllers\Pengaturan->web()
11 SYSTEMPATH\CodeIgniter.php(509): CodeIgniter\CodeIgniter->runController(Object(App\Controllers\Pengaturan))
12 SYSTEMPATH\CodeIgniter.php(355): CodeIgniter\CodeIgniter->handleRequest(null, Object(Config\Cache), false)
13 SYSTEMPATH\Boot.php(325): CodeIgniter\CodeIgniter->run()
14 SYSTEMPATH\Boot.php(67): CodeIgniter\Boot::runCodeIgniter(Object(CodeIgniter\CodeIgniter))
15 FCPATH\index.php(56): CodeIgniter\Boot::bootWeb(Object(Config\Paths))
INFO - 2026-04-22 09:15:20 --> Session: Class initialized using 'CodeIgniter\Session\Handlers\FileHandler' driver.
INFO - 2026-04-22 09:15:29 --> Session: Class initialized using 'CodeIgniter\Session\Handlers\FileHandler' driver.
INFO - 2026-04-22 09:15:59 --> Session: Class initialized using 'CodeIgniter\Session\Handlers\FileHandler' driver.
INFO - 2026-04-22 09:18:18 --> Session: Class initialized using 'CodeIgniter\Session\Handlers\FileHandler' driver.
INFO - 2026-04-22 09:18:41 --> Session: Class initialized using 'CodeIgniter\Session\Handlers\FileHandler' driver.
INFO - 2026-04-22 09:18:41 --> Session: Class initialized using 'CodeIgniter\Session\Handlers\FileHandler' driver.
INFO - 2026-04-22 09:19:27 --> Session: Class initialized using 'CodeIgniter\Session\Handlers\FileHandler' driver.
INFO - 2026-04-22 09:38:00 --> Session: Class initialized using 'CodeIgniter\Session\Handlers\FileHandler' driver.
INFO - 2026-04-22 09:38:00 --> Session: Class initialized using 'CodeIgniter\Session\Handlers\FileHandler' driver.
INFO - 2026-04-22 09:38:11 --> Session: Class initialized using 'CodeIgniter\Session\Handlers\FileHandler' driver.
INFO - 2026-04-22 09:38:12 --> Session: Class initialized using 'CodeIgniter\Session\Handlers\FileHandler' driver.
INFO - 2026-04-22 09:43:36 --> Session: Class initialized using 'CodeIgniter\Session\Handlers\FileHandler' driver.
INFO - 2026-04-22 09:43:38 --> Session: Class initialized using 'CodeIgniter\Session\Handlers\FileHandler' driver.
ERROR - 2026-04-22 09:43:39 --> mysqli_sql_exception: Unknown table 'db-ekatalog-ci4.b' in C:\xampp\htdocs\si_ekatalog_ci4\system\Database\MySQLi\Connection.php:312
Stack trace:
#0 C:\xampp\htdocs\si_ekatalog_ci4\system\Database\MySQLi\Connection.php(312): mysqli->query('SELECT `b`.*, `...', 0)
#1 C:\xampp\htdocs\si_ekatalog_ci4\system\Database\BaseConnection.php(734): CodeIgniter\Database\MySQLi\Connection->execute('SELECT `b`.*, `...')
#2 C:\xampp\htdocs\si_ekatalog_ci4\system\Database\BaseConnection.php(648): CodeIgniter\Database\BaseConnection->simpleQuery('SELECT `b`.*, `...')
#3 C:\xampp\htdocs\si_ekatalog_ci4\system\Database\BaseBuilder.php(1644): CodeIgniter\Database\BaseConnection->query('SELECT `b`.*, `...', Array, false)
#4 C:\xampp\htdocs\si_ekatalog_ci4\app\Models\ModelBuku.php(19): CodeIgniter\Database\BaseBuilder->get()
#5 C:\xampp\htdocs\si_ekatalog_ci4\app\Controllers\Buku.php(39): App\Models\ModelBuku->AllData()
#6 C:\xampp\htdocs\si_ekatalog_ci4\system\CodeIgniter.php(933): App\Controllers\Buku->index()
#7 C:\xampp\htdocs\si_ekatalog_ci4\system\CodeIgniter.php(509): CodeIgniter\CodeIgniter->runController(Object(App\Controllers\Buku))
#8 C:\xampp\htdocs\si_ekatalog_ci4\system\CodeIgniter.php(355): CodeIgniter\CodeIgniter->handleRequest(NULL, Object(Config\Cache), false)
#9 C:\xampp\htdocs\si_ekatalog_ci4\system\Boot.php(325): CodeIgniter\CodeIgniter->run()
#10 C:\xampp\htdocs\si_ekatalog_ci4\system\Boot.php(67): CodeIgniter\Boot::runCodeIgniter(Object(CodeIgniter\CodeIgniter))
#11 C:\xampp\htdocs\si_ekatalog_ci4\public\index.php(56): CodeIgniter\Boot::bootWeb(Object(Config\Paths))
#12 {main}
CRITICAL - 2026-04-22 09:43:39 --> CodeIgniter\Database\Exceptions\DatabaseException: Unknown table 'db-ekatalog-ci4.b'
[Method: GET, Route: Buku]
in SYSTEMPATH\Database\BaseConnection.php on line 688.
 1 SYSTEMPATH\Database\BaseBuilder.php(1644): CodeIgniter\Database\BaseConnection->query('SELECT `b`.*, `u`.`nama_user`, `u`.`level`
FROM `tbl_buku`
LEFT JOIN `tbl_kategori` ON `tbl_kategori`.`id_kategori` = `tbl_buku`.`id_kategori`
LEFT JOIN `tbl_penerbit` ON `tbl_penerbit`.`id_penerbit` = `tbl_buku`.`id_penerbit`
LEFT JOIN `tbl_pengarang` ON `tbl_pengarang`.`id_pengarang` = `tbl_buku`.`id_pengarang`
LEFT JOIN `tbl_rak` ON `tbl_rak`.`id_rak` = `tbl_buku`.`id_rak`
LEFT JOIN `tbl_user` `u` ON `u`.`id_user` = `b`.`id_user`
ORDER BY `judul_buku` ASC', [], false)
 2 APPPATH\Models\ModelBuku.php(19): CodeIgniter\Database\BaseBuilder->get()
 3 APPPATH\Controllers\Buku.php(39): App\Models\ModelBuku->AllData()
 4 SYSTEMPATH\CodeIgniter.php(933): App\Controllers\Buku->index()
 5 SYSTEMPATH\CodeIgniter.php(509): CodeIgniter\CodeIgniter->runController(Object(App\Controllers\Buku))
 6 SYSTEMPATH\CodeIgniter.php(355): CodeIgniter\CodeIgniter->handleRequest(null, Object(Config\Cache), false)
 7 SYSTEMPATH\Boot.php(325): CodeIgniter\CodeIgniter->run()
 8 SYSTEMPATH\Boot.php(67): CodeIgniter\Boot::runCodeIgniter(Object(CodeIgniter\CodeIgniter))
 9 FCPATH\index.php(56): CodeIgniter\Boot::bootWeb(Object(Config\Paths))
CRITICAL - 2026-04-22 09:43:39 --> [Caused by] CodeIgniter\Database\Exceptions\DatabaseException: Unknown table 'db-ekatalog-ci4.b'
in SYSTEMPATH\Database\MySQLi\Connection.php on line 317.
 1 SYSTEMPATH\Database\BaseConnection.php(734): CodeIgniter\Database\MySQLi\Connection->execute('SELECT `b`.*, `u`.`nama_user`, `u`.`level`
FROM `tbl_buku`
LEFT JOIN `tbl_kategori` ON `tbl_kategori`.`id_kategori` = `tbl_buku`.`id_kategori`
LEFT JOIN `tbl_penerbit` ON `tbl_penerbit`.`id_penerbit` = `tbl_buku`.`id_penerbit`
LEFT JOIN `tbl_pengarang` ON `tbl_pengarang`.`id_pengarang` = `tbl_buku`.`id_pengarang`
LEFT JOIN `tbl_rak` ON `tbl_rak`.`id_rak` = `tbl_buku`.`id_rak`
LEFT JOIN `tbl_user` `u` ON `u`.`id_user` = `b`.`id_user`
ORDER BY `judul_buku` ASC')
 2 SYSTEMPATH\Database\BaseConnection.php(648): CodeIgniter\Database\BaseConnection->simpleQuery('SELECT `b`.*, `u`.`nama_user`, `u`.`level`
FROM `tbl_buku`
LEFT JOIN `tbl_kategori` ON `tbl_kategori`.`id_kategori` = `tbl_buku`.`id_kategori`
LEFT JOIN `tbl_penerbit` ON `tbl_penerbit`.`id_penerbit` = `tbl_buku`.`id_penerbit`
LEFT JOIN `tbl_pengarang` ON `tbl_pengarang`.`id_pengarang` = `tbl_buku`.`id_pengarang`
LEFT JOIN `tbl_rak` ON `tbl_rak`.`id_rak` = `tbl_buku`.`id_rak`
LEFT JOIN `tbl_user` `u` ON `u`.`id_user` = `b`.`id_user`
ORDER BY `judul_buku` ASC')
 3 SYSTEMPATH\Database\BaseBuilder.php(1644): CodeIgniter\Database\BaseConnection->query('SELECT `b`.*, `u`.`nama_user`, `u`.`level`
FROM `tbl_buku`
LEFT JOIN `tbl_kategori` ON `tbl_kategori`.`id_kategori` = `tbl_buku`.`id_kategori`
LEFT JOIN `tbl_penerbit` ON `tbl_penerbit`.`id_penerbit` = `tbl_buku`.`id_penerbit`
LEFT JOIN `tbl_pengarang` ON `tbl_pengarang`.`id_pengarang` = `tbl_buku`.`id_pengarang`
LEFT JOIN `tbl_rak` ON `tbl_rak`.`id_rak` = `tbl_buku`.`id_rak`
LEFT JOIN `tbl_user` `u` ON `u`.`id_user` = `b`.`id_user`
ORDER BY `judul_buku` ASC', [], false)
 4 APPPATH\Models\ModelBuku.php(19): CodeIgniter\Database\BaseBuilder->get()
 5 APPPATH\Controllers\Buku.php(39): App\Models\ModelBuku->AllData()
 6 SYSTEMPATH\CodeIgniter.php(933): App\Controllers\Buku->index()
 7 SYSTEMPATH\CodeIgniter.php(509): CodeIgniter\CodeIgniter->runController(Object(App\Controllers\Buku))
 8 SYSTEMPATH\CodeIgniter.php(355): CodeIgniter\CodeIgniter->handleRequest(null, Object(Config\Cache), false)
 9 SYSTEMPATH\Boot.php(325): CodeIgniter\CodeIgniter->run()
10 SYSTEMPATH\Boot.php(67): CodeIgniter\Boot::runCodeIgniter(Object(CodeIgniter\CodeIgniter))
11 FCPATH\index.php(56): CodeIgniter\Boot::bootWeb(Object(Config\Paths))
CRITICAL - 2026-04-22 09:43:39 --> [Caused by] mysqli_sql_exception: Unknown table 'db-ekatalog-ci4.b'
in SYSTEMPATH\Database\MySQLi\Connection.php on line 312.
 1 SYSTEMPATH\Database\MySQLi\Connection.php(312): mysqli->query('SELECT `b`.*, `u`.`nama_user`, `u`.`level`
FROM `tbl_buku`
LEFT JOIN `tbl_kategori` ON `tbl_kategori`.`id_kategori` = `tbl_buku`.`id_kategori`
LEFT JOIN `tbl_penerbit` ON `tbl_penerbit`.`id_penerbit` = `tbl_buku`.`id_penerbit`
LEFT JOIN `tbl_pengarang` ON `tbl_pengarang`.`id_pengarang` = `tbl_buku`.`id_pengarang`
LEFT JOIN `tbl_rak` ON `tbl_rak`.`id_rak` = `tbl_buku`.`id_rak`
LEFT JOIN `tbl_user` `u` ON `u`.`id_user` = `b`.`id_user`
ORDER BY `judul_buku` ASC', 0)
 2 SYSTEMPATH\Database\BaseConnection.php(734): CodeIgniter\Database\MySQLi\Connection->execute('SELECT `b`.*, `u`.`nama_user`, `u`.`level`
FROM `tbl_buku`
LEFT JOIN `tbl_kategori` ON `tbl_kategori`.`id_kategori` = `tbl_buku`.`id_kategori`
LEFT JOIN `tbl_penerbit` ON `tbl_penerbit`.`id_penerbit` = `tbl_buku`.`id_penerbit`
LEFT JOIN `tbl_pengarang` ON `tbl_pengarang`.`id_pengarang` = `tbl_buku`.`id_pengarang`
LEFT JOIN `tbl_rak` ON `tbl_rak`.`id_rak` = `tbl_buku`.`id_rak`
LEFT JOIN `tbl_user` `u` ON `u`.`id_user` = `b`.`id_user`
ORDER BY `judul_buku` ASC')
 3 SYSTEMPATH\Database\BaseConnection.php(648): CodeIgniter\Database\BaseConnection->simpleQuery('SELECT `b`.*, `u`.`nama_user`, `u`.`level`
FROM `tbl_buku`
LEFT JOIN `tbl_kategori` ON `tbl_kategori`.`id_kategori` = `tbl_buku`.`id_kategori`
LEFT JOIN `tbl_penerbit` ON `tbl_penerbit`.`id_penerbit` = `tbl_buku`.`id_penerbit`
LEFT JOIN `tbl_pengarang` ON `tbl_pengarang`.`id_pengarang` = `tbl_buku`.`id_pengarang`
LEFT JOIN `tbl_rak` ON `tbl_rak`.`id_rak` = `tbl_buku`.`id_rak`
LEFT JOIN `tbl_user` `u` ON `u`.`id_user` = `b`.`id_user`
ORDER BY `judul_buku` ASC')
 4 SYSTEMPATH\Database\BaseBuilder.php(1644): CodeIgniter\Database\BaseConnection->query('SELECT `b`.*, `u`.`nama_user`, `u`.`level`
FROM `tbl_buku`
LEFT JOIN `tbl_kategori` ON `tbl_kategori`.`id_kategori` = `tbl_buku`.`id_kategori`
LEFT JOIN `tbl_penerbit` ON `tbl_penerbit`.`id_penerbit` = `tbl_buku`.`id_penerbit`
LEFT JOIN `tbl_pengarang` ON `tbl_pengarang`.`id_pengarang` = `tbl_buku`.`id_pengarang`
LEFT JOIN `tbl_rak` ON `tbl_rak`.`id_rak` = `tbl_buku`.`id_rak`
LEFT JOIN `tbl_user` `u` ON `u`.`id_user` = `b`.`id_user`
ORDER BY `judul_buku` ASC', [], false)
 5 APPPATH\Models\ModelBuku.php(19): CodeIgniter\Database\BaseBuilder->get()
 6 APPPATH\Controllers\Buku.php(39): App\Models\ModelBuku->AllData()
 7 SYSTEMPATH\CodeIgniter.php(933): App\Controllers\Buku->index()
 8 SYSTEMPATH\CodeIgniter.php(509): CodeIgniter\CodeIgniter->runController(Object(App\Controllers\Buku))
 9 SYSTEMPATH\CodeIgniter.php(355): CodeIgniter\CodeIgniter->handleRequest(null, Object(Config\Cache), false)
10 SYSTEMPATH\Boot.php(325): CodeIgniter\CodeIgniter->run()
11 SYSTEMPATH\Boot.php(67): CodeIgniter\Boot::runCodeIgniter(Object(CodeIgniter\CodeIgniter))
12 FCPATH\index.php(56): CodeIgniter\Boot::bootWeb(Object(Config\Paths))
INFO - 2026-04-22 09:48:13 --> Session: Class initialized using 'CodeIgniter\Session\Handlers\FileHandler' driver.
CRITICAL - 2026-04-22 09:48:13 --> ErrorException: Undefined array key "nama_user"
[Method: GET, Route: Buku]
in APPPATH\Views\buku\v_index.php on line 52.
 1 APPPATH\Views\buku\v_index.php(52): CodeIgniter\Debug\Exceptions->errorHandler(2, 'Undefined array key "nama_user"', 'C:\\xampp\\htdocs\\si_ekatalog_ci4\\app\\Views\\buku\\v_index.php', 52)
 2 SYSTEMPATH\View\View.php(234): include('C:\\xampp\\htdocs\\si_ekatalog_ci4\\app\\Views\\buku\\v_index.php')
 3 SYSTEMPATH\View\View.php(237): CodeIgniter\View\View->CodeIgniter\View\{closure}()
 4 SYSTEMPATH\Common.php(1171): CodeIgniter\View\View->render('buku/v_index', [], true)
 5 APPPATH\Views\v_template_admin.php(284): view('buku/v_index')
 6 SYSTEMPATH\View\View.php(234): include('C:\\xampp\\htdocs\\si_ekatalog_ci4\\app\\Views\\v_template_admin.php')
 7 SYSTEMPATH\View\View.php(237): CodeIgniter\View\View->CodeIgniter\View\{closure}()
 8 SYSTEMPATH\Common.php(1171): CodeIgniter\View\View->render('v_template_admin', [], true)
 9 APPPATH\Controllers\Buku.php(41): view('v_template_admin', [...])
10 SYSTEMPATH\CodeIgniter.php(933): App\Controllers\Buku->index()
11 SYSTEMPATH\CodeIgniter.php(509): CodeIgniter\CodeIgniter->runController(Object(App\Controllers\Buku))
12 SYSTEMPATH\CodeIgniter.php(355): CodeIgniter\CodeIgniter->handleRequest(null, Object(Config\Cache), false)
13 SYSTEMPATH\Boot.php(325): CodeIgniter\CodeIgniter->run()
14 SYSTEMPATH\Boot.php(67): CodeIgniter\Boot::runCodeIgniter(Object(CodeIgniter\CodeIgniter))
15 FCPATH\index.php(56): CodeIgniter\Boot::bootWeb(Object(Config\Paths))
INFO - 2026-04-22 09:54:19 --> Session: Class initialized using 'CodeIgniter\Session\Handlers\FileHandler' driver.
CRITICAL - 2026-04-22 09:54:19 --> ErrorException: Undefined array key "nama_pengarang"
[Method: GET, Route: Buku]
in APPPATH\Views\buku\v_index.php on line 59.
 1 APPPATH\Views\buku\v_index.php(59): CodeIgniter\Debug\Exceptions->errorHandler(2, 'Undefined array key "nama_pengarang"', 'C:\\xampp\\htdocs\\si_ekatalog_ci4\\app\\Views\\buku\\v_index.php', 59)
 2 SYSTEMPATH\View\View.php(234): include('C:\\xampp\\htdocs\\si_ekatalog_ci4\\app\\Views\\buku\\v_index.php')
 3 SYSTEMPATH\View\View.php(237): CodeIgniter\View\View->CodeIgniter\View\{closure}()
 4 SYSTEMPATH\Common.php(1171): CodeIgniter\View\View->render('buku/v_index', [], true)
 5 APPPATH\Views\v_template_admin.php(284): view('buku/v_index')
 6 SYSTEMPATH\View\View.php(234): include('C:\\xampp\\htdocs\\si_ekatalog_ci4\\app\\Views\\v_template_admin.php')
 7 SYSTEMPATH\View\View.php(237): CodeIgniter\View\View->CodeIgniter\View\{closure}()
 8 SYSTEMPATH\Common.php(1171): CodeIgniter\View\View->render('v_template_admin', [], true)
 9 APPPATH\Controllers\Buku.php(41): view('v_template_admin', [...])
10 SYSTEMPATH\CodeIgniter.php(933): App\Controllers\Buku->index()
11 SYSTEMPATH\CodeIgniter.php(509): CodeIgniter\CodeIgniter->runController(Object(App\Controllers\Buku))
12 SYSTEMPATH\CodeIgniter.php(355): CodeIgniter\CodeIgniter->handleRequest(null, Object(Config\Cache), false)
13 SYSTEMPATH\Boot.php(325): CodeIgniter\CodeIgniter->run()
14 SYSTEMPATH\Boot.php(67): CodeIgniter\Boot::runCodeIgniter(Object(CodeIgniter\CodeIgniter))
15 FCPATH\index.php(56): CodeIgniter\Boot::bootWeb(Object(Config\Paths))
INFO - 2026-04-22 10:00:47 --> Session: Class initialized using 'CodeIgniter\Session\Handlers\FileHandler' driver.
INFO - 2026-04-22 10:06:00 --> Session: Class initialized using 'CodeIgniter\Session\Handlers\FileHandler' driver.
INFO - 2026-04-22 10:08:02 --> Session: Class initialized using 'CodeIgniter\Session\Handlers\FileHandler' driver.
INFO - 2026-04-22 10:10:39 --> Session: Class initialized using 'CodeIgniter\Session\Handlers\FileHandler' driver.
INFO - 2026-04-22 10:11:16 --> Session: Class initialized using 'CodeIgniter\Session\Handlers\FileHandler' driver.
INFO - 2026-04-22 10:11:20 --> Session: Class initialized using 'CodeIgniter\Session\Handlers\FileHandler' driver.
INFO - 2026-04-22 10:12:09 --> Session: Class initialized using 'CodeIgniter\Session\Handlers\FileHandler' driver.
CRITICAL - 2026-04-22 10:12:10 --> ErrorException: Undefined array key "nama_level"
[Method: GET, Route: Buku]
in APPPATH\Views\buku\v_index.php on line 55.
 1 APPPATH\Views\buku\v_index.php(55): CodeIgniter\Debug\Exceptions->errorHandler(2, 'Undefined array key "nama_level"', 'C:\\xampp\\htdocs\\si_ekatalog_ci4\\app\\Views\\buku\\v_index.php', 55)
 2 SYSTEMPATH\View\View.php(234): include('C:\\xampp\\htdocs\\si_ekatalog_ci4\\app\\Views\\buku\\v_index.php')
 3 SYSTEMPATH\View\View.php(237): CodeIgniter\View\View->CodeIgniter\View\{closure}()
 4 SYSTEMPATH\Common.php(1171): CodeIgniter\View\View->render('buku/v_index', [], true)
 5 APPPATH\Views\v_template_admin.php(284): view('buku/v_index')
 6 SYSTEMPATH\View\View.php(234): include('C:\\xampp\\htdocs\\si_ekatalog_ci4\\app\\Views\\v_template_admin.php')
 7 SYSTEMPATH\View\View.php(237): CodeIgniter\View\View->CodeIgniter\View\{closure}()
 8 SYSTEMPATH\Common.php(1171): CodeIgniter\View\View->render('v_template_admin', [], true)
 9 APPPATH\Controllers\Buku.php(41): view('v_template_admin', [...])
10 SYSTEMPATH\CodeIgniter.php(933): App\Controllers\Buku->index()
11 SYSTEMPATH\CodeIgniter.php(509): CodeIgniter\CodeIgniter->runController(Object(App\Controllers\Buku))
12 SYSTEMPATH\CodeIgniter.php(355): CodeIgniter\CodeIgniter->handleRequest(null, Object(Config\Cache), false)
13 SYSTEMPATH\Boot.php(325): CodeIgniter\CodeIgniter->run()
14 SYSTEMPATH\Boot.php(67): CodeIgniter\Boot::runCodeIgniter(Object(CodeIgniter\CodeIgniter))
15 FCPATH\index.php(56): CodeIgniter\Boot::bootWeb(Object(Config\Paths))
INFO - 2026-04-22 10:12:40 --> Session: Class initialized using 'CodeIgniter\Session\Handlers\FileHandler' driver.
INFO - 2026-04-22 10:15:17 --> Session: Class initialized using 'CodeIgniter\Session\Handlers\FileHandler' driver.
INFO - 2026-04-22 10:15:19 --> Session: Class initialized using 'CodeIgniter\Session\Handlers\FileHandler' driver.
INFO - 2026-04-22 10:16:32 --> Session: Class initialized using 'CodeIgniter\Session\Handlers\FileHandler' driver.
INFO - 2026-04-22 10:16:34 --> Session: Class initialized using 'CodeIgniter\Session\Handlers\FileHandler' driver.
INFO - 2026-04-22 10:16:40 --> Session: Class initialized using 'CodeIgniter\Session\Handlers\FileHandler' driver.
INFO - 2026-04-22 10:16:40 --> Session: Class initialized using 'CodeIgniter\Session\Handlers\FileHandler' driver.
INFO - 2026-04-22 10:16:46 --> Session: Class initialized using 'CodeIgniter\Session\Handlers\FileHandler' driver.
INFO - 2026-04-22 10:16:46 --> Session: Class initialized using 'CodeIgniter\Session\Handlers\FileHandler' driver.
INFO - 2026-04-22 10:16:51 --> Session: Class initialized using 'CodeIgniter\Session\Handlers\FileHandler' driver.
INFO - 2026-04-22 10:17:12 --> Session: Class initialized using 'CodeIgniter\Session\Handlers\FileHandler' driver.
INFO - 2026-04-22 10:18:04 --> Session: Class initialized using 'CodeIgniter\Session\Handlers\FileHandler' driver.
INFO - 2026-04-22 10:19:03 --> Session: Class initialized using 'CodeIgniter\Session\Handlers\FileHandler' driver.
INFO - 2026-04-22 10:20:32 --> Session: Class initialized using 'CodeIgniter\Session\Handlers\FileHandler' driver.
INFO - 2026-04-22 10:21:02 --> Session: Class initialized using 'CodeIgniter\Session\Handlers\FileHandler' driver.
INFO - 2026-04-22 10:24:39 --> Session: Class initialized using 'CodeIgniter\Session\Handlers\FileHandler' driver.
INFO - 2026-04-22 10:26:16 --> Session: Class initialized using 'CodeIgniter\Session\Handlers\FileHandler' driver.
CRITICAL - 2026-04-22 10:26:17 --> ErrorException: Undefined array key "nama_user"
[Method: GET, Route: Ebook]
in APPPATH\Views\Ebook\v_index.php on line 51.
 1 APPPATH\Views\Ebook\v_index.php(51): CodeIgniter\Debug\Exceptions->errorHandler(2, 'Undefined array key "nama_user"', 'C:\\xampp\\htdocs\\si_ekatalog_ci4\\app\\Views\\Ebook\\v_index.php', 51)
 2 SYSTEMPATH\View\View.php(234): include('C:\\xampp\\htdocs\\si_ekatalog_ci4\\app\\Views\\Ebook\\v_index.php')
 3 SYSTEMPATH\View\View.php(237): CodeIgniter\View\View->CodeIgniter\View\{closure}()
 4 SYSTEMPATH\Common.php(1171): CodeIgniter\View\View->render('ebook/v_index', [], true)
 5 APPPATH\Views\v_template_admin.php(284): view('ebook/v_index')
 6 SYSTEMPATH\View\View.php(234): include('C:\\xampp\\htdocs\\si_ekatalog_ci4\\app\\Views\\v_template_admin.php')
 7 SYSTEMPATH\View\View.php(237): CodeIgniter\View\View->CodeIgniter\View\{closure}()
 8 SYSTEMPATH\Common.php(1171): CodeIgniter\View\View->render('v_template_admin', [], true)
 9 APPPATH\Controllers\Ebook.php(44): view('v_template_admin', [...])
10 SYSTEMPATH\CodeIgniter.php(933): App\Controllers\Ebook->index()
11 SYSTEMPATH\CodeIgniter.php(509): CodeIgniter\CodeIgniter->runController(Object(App\Controllers\Ebook))
12 SYSTEMPATH\CodeIgniter.php(355): CodeIgniter\CodeIgniter->handleRequest(null, Object(Config\Cache), false)
13 SYSTEMPATH\Boot.php(325): CodeIgniter\CodeIgniter->run()
14 SYSTEMPATH\Boot.php(67): CodeIgniter\Boot::runCodeIgniter(Object(CodeIgniter\CodeIgniter))
15 FCPATH\index.php(56): CodeIgniter\Boot::bootWeb(Object(Config\Paths))
INFO - 2026-04-22 10:28:14 --> Session: Class initialized using 'CodeIgniter\Session\Handlers\FileHandler' driver.
INFO - 2026-04-22 10:28:54 --> Session: Class initialized using 'CodeIgniter\Session\Handlers\FileHandler' driver.
INFO - 2026-04-22 10:31:10 --> Session: Class initialized using 'CodeIgniter\Session\Handlers\FileHandler' driver.
INFO - 2026-04-22 10:31:10 --> Session: Class initialized using 'CodeIgniter\Session\Handlers\FileHandler' driver.
INFO - 2026-04-22 10:31:13 --> Session: Class initialized using 'CodeIgniter\Session\Handlers\FileHandler' driver.
