INFO - 2026-06-10 12:53:24 --> Session: Class initialized using 'CodeIgniter\Session\Handlers\FileHandler' driver.
INFO - 2026-06-10 12:53:30 --> Session: Class initialized using 'CodeIgniter\Session\Handlers\FileHandler' driver.
INFO - 2026-06-10 13:54:14 --> Session: Class initialized using 'CodeIgniter\Session\Handlers\FileHandler' driver.
INFO - 2026-06-10 13:54:27 --> Session: Class initialized using 'CodeIgniter\Session\Handlers\FileHandler' driver.
INFO - 2026-06-10 13:54:37 --> Session: Class initialized using 'CodeIgniter\Session\Handlers\FileHandler' driver.
INFO - 2026-06-10 13:54:38 --> Session: Class initialized using 'CodeIgniter\Session\Handlers\FileHandler' driver.
INFO - 2026-06-10 13:54:45 --> Session: Class initialized using 'CodeIgniter\Session\Handlers\FileHandler' driver.
INFO - 2026-06-10 13:54:48 --> Session: Class initialized using 'CodeIgniter\Session\Handlers\FileHandler' driver.
INFO - 2026-06-10 13:54:53 --> Session: Class initialized using 'CodeIgniter\Session\Handlers\FileHandler' driver.
INFO - 2026-06-10 13:59:54 --> Session: Class initialized using 'CodeIgniter\Session\Handlers\FileHandler' driver.
INFO - 2026-06-10 13:59:57 --> Session: Class initialized using 'CodeIgniter\Session\Handlers\FileHandler' driver.
INFO - 2026-06-10 14:04:07 --> Session: Class initialized using 'CodeIgniter\Session\Handlers\FileHandler' driver.
INFO - 2026-06-10 14:04:07 --> Session: Class initialized using 'CodeIgniter\Session\Handlers\FileHandler' driver.
INFO - 2026-06-10 14:04:11 --> Session: Class initialized using 'CodeIgniter\Session\Handlers\FileHandler' driver.
INFO - 2026-06-10 14:04:15 --> Session: Class initialized using 'CodeIgniter\Session\Handlers\FileHandler' driver.
INFO - 2026-06-10 14:04:28 --> Session: Class initialized using 'CodeIgniter\Session\Handlers\FileHandler' driver.
INFO - 2026-06-10 14:04:32 --> Session: Class initialized using 'CodeIgniter\Session\Handlers\FileHandler' driver.
INFO - 2026-06-10 14:04:34 --> Session: Class initialized using 'CodeIgniter\Session\Handlers\FileHandler' driver.
INFO - 2026-06-10 14:04:37 --> Session: Class initialized using 'CodeIgniter\Session\Handlers\FileHandler' driver.
INFO - 2026-06-10 14:04:41 --> Session: Class initialized using 'CodeIgniter\Session\Handlers\FileHandler' driver.
INFO - 2026-06-10 14:07:58 --> Session: Class initialized using 'CodeIgniter\Session\Handlers\FileHandler' driver.
INFO - 2026-06-10 14:08:33 --> Session: Class initialized using 'CodeIgniter\Session\Handlers\FileHandler' driver.
INFO - 2026-06-10 14:08:38 --> Session: Class initialized using 'CodeIgniter\Session\Handlers\FileHandler' driver.
INFO - 2026-06-10 14:08:44 --> Session: Class initialized using 'CodeIgniter\Session\Handlers\FileHandler' driver.
INFO - 2026-06-10 14:10:55 --> Session: Class initialized using 'CodeIgniter\Session\Handlers\FileHandler' driver.
INFO - 2026-06-10 14:12:26 --> Session: Class initialized using 'CodeIgniter\Session\Handlers\FileHandler' driver.
INFO - 2026-06-10 14:12:28 --> Session: Class initialized using 'CodeIgniter\Session\Handlers\FileHandler' driver.
INFO - 2026-06-10 14:16:16 --> Session: Class initialized using 'CodeIgniter\Session\Handlers\FileHandler' driver.
INFO - 2026-06-10 14:16:17 --> Session: Class initialized using 'CodeIgniter\Session\Handlers\FileHandler' driver.
INFO - 2026-06-10 14:21:41 --> Session: Class initialized using 'CodeIgniter\Session\Handlers\FileHandler' driver.
INFO - 2026-06-10 14:21:42 --> Session: Class initialized using 'CodeIgniter\Session\Handlers\FileHandler' driver.
INFO - 2026-06-10 14:24:01 --> Session: Class initialized using 'CodeIgniter\Session\Handlers\FileHandler' driver.
INFO - 2026-06-10 14:24:02 --> Session: Class initialized using 'CodeIgniter\Session\Handlers\FileHandler' driver.
INFO - 2026-06-10 14:28:35 --> Session: Class initialized using 'CodeIgniter\Session\Handlers\FileHandler' driver.
INFO - 2026-06-10 14:28:35 --> Session: Class initialized using 'CodeIgniter\Session\Handlers\FileHandler' driver.
INFO - 2026-06-10 14:30:57 --> Session: Class initialized using 'CodeIgniter\Session\Handlers\FileHandler' driver.
INFO - 2026-06-10 14:30:57 --> Session: Class initialized using 'CodeIgniter\Session\Handlers\FileHandler' driver.
INFO - 2026-06-10 14:33:30 --> Session: Class initialized using 'CodeIgniter\Session\Handlers\FileHandler' driver.
INFO - 2026-06-10 14:33:31 --> Session: Class initialized using 'CodeIgniter\Session\Handlers\FileHandler' driver.
INFO - 2026-06-10 14:33:39 --> Session: Class initialized using 'CodeIgniter\Session\Handlers\FileHandler' driver.
INFO - 2026-06-10 14:34:05 --> Session: Class initialized using 'CodeIgniter\Session\Handlers\FileHandler' driver.
INFO - 2026-06-10 14:37:45 --> Session: Class initialized using 'CodeIgniter\Session\Handlers\FileHandler' driver.
INFO - 2026-06-10 14:38:28 --> Session: Class initialized using 'CodeIgniter\Session\Handlers\FileHandler' driver.
INFO - 2026-06-10 14:38:29 --> Session: Class initialized using 'CodeIgniter\Session\Handlers\FileHandler' driver.
ERROR - 2026-06-10 14:38:31 --> mysqli_sql_exception: Unknown column 'id_buku' in 'order clause' in C:\xampp\htdocs\si_ekatalog_ci4\system\Database\MySQLi\Connection.php:312
Stack trace:
#0 C:\xampp\htdocs\si_ekatalog_ci4\system\Database\MySQLi\Connection.php(312): mysqli->query('SELECT `tbl_ebo...', 0)
#1 C:\xampp\htdocs\si_ekatalog_ci4\system\Database\BaseConnection.php(734): CodeIgniter\Database\MySQLi\Connection->execute('SELECT `tbl_ebo...')
#2 C:\xampp\htdocs\si_ekatalog_ci4\system\Database\BaseConnection.php(648): CodeIgniter\Database\BaseConnection->simpleQuery('SELECT `tbl_ebo...')
#3 C:\xampp\htdocs\si_ekatalog_ci4\system\Database\BaseBuilder.php(1644): CodeIgniter\Database\BaseConnection->query('SELECT `tbl_ebo...', Array, false)
#4 C:\xampp\htdocs\si_ekatalog_ci4\app\Models\ModelEbook.php(25): CodeIgniter\Database\BaseBuilder->get()
#5 C:\xampp\htdocs\si_ekatalog_ci4\app\Controllers\Ebook.php(42): App\Models\ModelEbook->AllData()
#6 C:\xampp\htdocs\si_ekatalog_ci4\system\CodeIgniter.php(933): App\Controllers\Ebook->index()
#7 C:\xampp\htdocs\si_ekatalog_ci4\system\CodeIgniter.php(509): CodeIgniter\CodeIgniter->runController(Object(App\Controllers\Ebook))
#8 C:\xampp\htdocs\si_ekatalog_ci4\system\CodeIgniter.php(355): CodeIgniter\CodeIgniter->handleRequest(NULL, Object(Config\Cache), false)
#9 C:\xampp\htdocs\si_ekatalog_ci4\system\Boot.php(325): CodeIgniter\CodeIgniter->run()
#10 C:\xampp\htdocs\si_ekatalog_ci4\system\Boot.php(67): CodeIgniter\Boot::runCodeIgniter(Object(CodeIgniter\CodeIgniter))
#11 C:\xampp\htdocs\si_ekatalog_ci4\public\index.php(56): CodeIgniter\Boot::bootWeb(Object(Config\Paths))
#12 {main}
CRITICAL - 2026-06-10 14:38:31 --> CodeIgniter\Database\Exceptions\DatabaseException: Unknown column 'id_buku' in 'order clause'
[Method: GET, Route: Ebook]
in SYSTEMPATH\Database\BaseConnection.php on line 688.
 1 SYSTEMPATH\Database\BaseBuilder.php(1644): CodeIgniter\Database\BaseConnection->query('SELECT `tbl_ebook`.*, `tbl_user`.`nama_user`, `tbl_user`.`level`, `tbl_pengarang`.`nama_pengarang`, `tbl_penerbit`.`nama_penerbit`, `tbl_kategori`.`nama_kategori`
FROM `tbl_ebook`
LEFT JOIN `tbl_kategori` ON `tbl_kategori`.`id_kategori` = `tbl_ebook`.`id_kategori`
LEFT JOIN `tbl_penerbit` ON `tbl_penerbit`.`id_penerbit` = `tbl_ebook`.`id_penerbit`
LEFT JOIN `tbl_pengarang` ON `tbl_pengarang`.`id_pengarang` = `tbl_ebook`.`id_pengarang`
LEFT JOIN `tbl_user` ON `tbl_user`.`id_user` = `tbl_ebook`.`id_user`
ORDER BY `id_buku` DESC', [], false)
 2 APPPATH\Models\ModelEbook.php(25): CodeIgniter\Database\BaseBuilder->get()
 3 APPPATH\Controllers\Ebook.php(42): App\Models\ModelEbook->AllData()
 4 SYSTEMPATH\CodeIgniter.php(933): App\Controllers\Ebook->index()
 5 SYSTEMPATH\CodeIgniter.php(509): CodeIgniter\CodeIgniter->runController(Object(App\Controllers\Ebook))
 6 SYSTEMPATH\CodeIgniter.php(355): CodeIgniter\CodeIgniter->handleRequest(null, Object(Config\Cache), false)
 7 SYSTEMPATH\Boot.php(325): CodeIgniter\CodeIgniter->run()
 8 SYSTEMPATH\Boot.php(67): CodeIgniter\Boot::runCodeIgniter(Object(CodeIgniter\CodeIgniter))
 9 FCPATH\index.php(56): CodeIgniter\Boot::bootWeb(Object(Config\Paths))
CRITICAL - 2026-06-10 14:38:31 --> [Caused by] CodeIgniter\Database\Exceptions\DatabaseException: Unknown column 'id_buku' in 'order clause'
in SYSTEMPATH\Database\MySQLi\Connection.php on line 317.
 1 SYSTEMPATH\Database\BaseConnection.php(734): CodeIgniter\Database\MySQLi\Connection->execute('SELECT `tbl_ebook`.*, `tbl_user`.`nama_user`, `tbl_user`.`level`, `tbl_pengarang`.`nama_pengarang`, `tbl_penerbit`.`nama_penerbit`, `tbl_kategori`.`nama_kategori`
FROM `tbl_ebook`
LEFT JOIN `tbl_kategori` ON `tbl_kategori`.`id_kategori` = `tbl_ebook`.`id_kategori`
LEFT JOIN `tbl_penerbit` ON `tbl_penerbit`.`id_penerbit` = `tbl_ebook`.`id_penerbit`
LEFT JOIN `tbl_pengarang` ON `tbl_pengarang`.`id_pengarang` = `tbl_ebook`.`id_pengarang`
LEFT JOIN `tbl_user` ON `tbl_user`.`id_user` = `tbl_ebook`.`id_user`
ORDER BY `id_buku` DESC')
 2 SYSTEMPATH\Database\BaseConnection.php(648): CodeIgniter\Database\BaseConnection->simpleQuery('SELECT `tbl_ebook`.*, `tbl_user`.`nama_user`, `tbl_user`.`level`, `tbl_pengarang`.`nama_pengarang`, `tbl_penerbit`.`nama_penerbit`, `tbl_kategori`.`nama_kategori`
FROM `tbl_ebook`
LEFT JOIN `tbl_kategori` ON `tbl_kategori`.`id_kategori` = `tbl_ebook`.`id_kategori`
LEFT JOIN `tbl_penerbit` ON `tbl_penerbit`.`id_penerbit` = `tbl_ebook`.`id_penerbit`
LEFT JOIN `tbl_pengarang` ON `tbl_pengarang`.`id_pengarang` = `tbl_ebook`.`id_pengarang`
LEFT JOIN `tbl_user` ON `tbl_user`.`id_user` = `tbl_ebook`.`id_user`
ORDER BY `id_buku` DESC')
 3 SYSTEMPATH\Database\BaseBuilder.php(1644): CodeIgniter\Database\BaseConnection->query('SELECT `tbl_ebook`.*, `tbl_user`.`nama_user`, `tbl_user`.`level`, `tbl_pengarang`.`nama_pengarang`, `tbl_penerbit`.`nama_penerbit`, `tbl_kategori`.`nama_kategori`
FROM `tbl_ebook`
LEFT JOIN `tbl_kategori` ON `tbl_kategori`.`id_kategori` = `tbl_ebook`.`id_kategori`
LEFT JOIN `tbl_penerbit` ON `tbl_penerbit`.`id_penerbit` = `tbl_ebook`.`id_penerbit`
LEFT JOIN `tbl_pengarang` ON `tbl_pengarang`.`id_pengarang` = `tbl_ebook`.`id_pengarang`
LEFT JOIN `tbl_user` ON `tbl_user`.`id_user` = `tbl_ebook`.`id_user`
ORDER BY `id_buku` DESC', [], false)
 4 APPPATH\Models\ModelEbook.php(25): CodeIgniter\Database\BaseBuilder->get()
 5 APPPATH\Controllers\Ebook.php(42): App\Models\ModelEbook->AllData()
 6 SYSTEMPATH\CodeIgniter.php(933): App\Controllers\Ebook->index()
 7 SYSTEMPATH\CodeIgniter.php(509): CodeIgniter\CodeIgniter->runController(Object(App\Controllers\Ebook))
 8 SYSTEMPATH\CodeIgniter.php(355): CodeIgniter\CodeIgniter->handleRequest(null, Object(Config\Cache), false)
 9 SYSTEMPATH\Boot.php(325): CodeIgniter\CodeIgniter->run()
10 SYSTEMPATH\Boot.php(67): CodeIgniter\Boot::runCodeIgniter(Object(CodeIgniter\CodeIgniter))
11 FCPATH\index.php(56): CodeIgniter\Boot::bootWeb(Object(Config\Paths))
CRITICAL - 2026-06-10 14:38:31 --> [Caused by] mysqli_sql_exception: Unknown column 'id_buku' in 'order clause'
in SYSTEMPATH\Database\MySQLi\Connection.php on line 312.
 1 SYSTEMPATH\Database\MySQLi\Connection.php(312): mysqli->query('SELECT `tbl_ebook`.*, `tbl_user`.`nama_user`, `tbl_user`.`level`, `tbl_pengarang`.`nama_pengarang`, `tbl_penerbit`.`nama_penerbit`, `tbl_kategori`.`nama_kategori`
FROM `tbl_ebook`
LEFT JOIN `tbl_kategori` ON `tbl_kategori`.`id_kategori` = `tbl_ebook`.`id_kategori`
LEFT JOIN `tbl_penerbit` ON `tbl_penerbit`.`id_penerbit` = `tbl_ebook`.`id_penerbit`
LEFT JOIN `tbl_pengarang` ON `tbl_pengarang`.`id_pengarang` = `tbl_ebook`.`id_pengarang`
LEFT JOIN `tbl_user` ON `tbl_user`.`id_user` = `tbl_ebook`.`id_user`
ORDER BY `id_buku` DESC', 0)
 2 SYSTEMPATH\Database\BaseConnection.php(734): CodeIgniter\Database\MySQLi\Connection->execute('SELECT `tbl_ebook`.*, `tbl_user`.`nama_user`, `tbl_user`.`level`, `tbl_pengarang`.`nama_pengarang`, `tbl_penerbit`.`nama_penerbit`, `tbl_kategori`.`nama_kategori`
FROM `tbl_ebook`
LEFT JOIN `tbl_kategori` ON `tbl_kategori`.`id_kategori` = `tbl_ebook`.`id_kategori`
LEFT JOIN `tbl_penerbit` ON `tbl_penerbit`.`id_penerbit` = `tbl_ebook`.`id_penerbit`
LEFT JOIN `tbl_pengarang` ON `tbl_pengarang`.`id_pengarang` = `tbl_ebook`.`id_pengarang`
LEFT JOIN `tbl_user` ON `tbl_user`.`id_user` = `tbl_ebook`.`id_user`
ORDER BY `id_buku` DESC')
 3 SYSTEMPATH\Database\BaseConnection.php(648): CodeIgniter\Database\BaseConnection->simpleQuery('SELECT `tbl_ebook`.*, `tbl_user`.`nama_user`, `tbl_user`.`level`, `tbl_pengarang`.`nama_pengarang`, `tbl_penerbit`.`nama_penerbit`, `tbl_kategori`.`nama_kategori`
FROM `tbl_ebook`
LEFT JOIN `tbl_kategori` ON `tbl_kategori`.`id_kategori` = `tbl_ebook`.`id_kategori`
LEFT JOIN `tbl_penerbit` ON `tbl_penerbit`.`id_penerbit` = `tbl_ebook`.`id_penerbit`
LEFT JOIN `tbl_pengarang` ON `tbl_pengarang`.`id_pengarang` = `tbl_ebook`.`id_pengarang`
LEFT JOIN `tbl_user` ON `tbl_user`.`id_user` = `tbl_ebook`.`id_user`
ORDER BY `id_buku` DESC')
 4 SYSTEMPATH\Database\BaseBuilder.php(1644): CodeIgniter\Database\BaseConnection->query('SELECT `tbl_ebook`.*, `tbl_user`.`nama_user`, `tbl_user`.`level`, `tbl_pengarang`.`nama_pengarang`, `tbl_penerbit`.`nama_penerbit`, `tbl_kategori`.`nama_kategori`
FROM `tbl_ebook`
LEFT JOIN `tbl_kategori` ON `tbl_kategori`.`id_kategori` = `tbl_ebook`.`id_kategori`
LEFT JOIN `tbl_penerbit` ON `tbl_penerbit`.`id_penerbit` = `tbl_ebook`.`id_penerbit`
LEFT JOIN `tbl_pengarang` ON `tbl_pengarang`.`id_pengarang` = `tbl_ebook`.`id_pengarang`
LEFT JOIN `tbl_user` ON `tbl_user`.`id_user` = `tbl_ebook`.`id_user`
ORDER BY `id_buku` DESC', [], false)
 5 APPPATH\Models\ModelEbook.php(25): CodeIgniter\Database\BaseBuilder->get()
 6 APPPATH\Controllers\Ebook.php(42): App\Models\ModelEbook->AllData()
 7 SYSTEMPATH\CodeIgniter.php(933): App\Controllers\Ebook->index()
 8 SYSTEMPATH\CodeIgniter.php(509): CodeIgniter\CodeIgniter->runController(Object(App\Controllers\Ebook))
 9 SYSTEMPATH\CodeIgniter.php(355): CodeIgniter\CodeIgniter->handleRequest(null, Object(Config\Cache), false)
10 SYSTEMPATH\Boot.php(325): CodeIgniter\CodeIgniter->run()
11 SYSTEMPATH\Boot.php(67): CodeIgniter\Boot::runCodeIgniter(Object(CodeIgniter\CodeIgniter))
12 FCPATH\index.php(56): CodeIgniter\Boot::bootWeb(Object(Config\Paths))
ERROR - 2026-06-10 14:38:34 --> mysqli_sql_exception: Unknown column 'id_buku' in 'order clause' in C:\xampp\htdocs\si_ekatalog_ci4\system\Database\MySQLi\Connection.php:312
Stack trace:
#0 C:\xampp\htdocs\si_ekatalog_ci4\system\Database\MySQLi\Connection.php(312): mysqli->query('SELECT `tbl_ebo...', 0)
#1 C:\xampp\htdocs\si_ekatalog_ci4\system\Database\BaseConnection.php(734): CodeIgniter\Database\MySQLi\Connection->execute('SELECT `tbl_ebo...')
#2 C:\xampp\htdocs\si_ekatalog_ci4\system\Database\BaseConnection.php(648): CodeIgniter\Database\BaseConnection->simpleQuery('SELECT `tbl_ebo...')
#3 C:\xampp\htdocs\si_ekatalog_ci4\system\Database\BaseBuilder.php(1644): CodeIgniter\Database\BaseConnection->query('SELECT `tbl_ebo...', Array, false)
#4 C:\xampp\htdocs\si_ekatalog_ci4\app\Models\ModelEbook.php(25): CodeIgniter\Database\BaseBuilder->get()
#5 C:\xampp\htdocs\si_ekatalog_ci4\app\Controllers\Ebook.php(42): App\Models\ModelEbook->AllData()
#6 C:\xampp\htdocs\si_ekatalog_ci4\system\CodeIgniter.php(933): App\Controllers\Ebook->index()
#7 C:\xampp\htdocs\si_ekatalog_ci4\system\CodeIgniter.php(509): CodeIgniter\CodeIgniter->runController(Object(App\Controllers\Ebook))
#8 C:\xampp\htdocs\si_ekatalog_ci4\system\CodeIgniter.php(355): CodeIgniter\CodeIgniter->handleRequest(NULL, Object(Config\Cache), false)
#9 C:\xampp\htdocs\si_ekatalog_ci4\system\Boot.php(325): CodeIgniter\CodeIgniter->run()
#10 C:\xampp\htdocs\si_ekatalog_ci4\system\Boot.php(67): CodeIgniter\Boot::runCodeIgniter(Object(CodeIgniter\CodeIgniter))
#11 C:\xampp\htdocs\si_ekatalog_ci4\public\index.php(56): CodeIgniter\Boot::bootWeb(Object(Config\Paths))
#12 {main}
CRITICAL - 2026-06-10 14:38:34 --> CodeIgniter\Database\Exceptions\DatabaseException: Unknown column 'id_buku' in 'order clause'
[Method: GET, Route: Ebook]
in SYSTEMPATH\Database\BaseConnection.php on line 688.
 1 SYSTEMPATH\Database\BaseBuilder.php(1644): CodeIgniter\Database\BaseConnection->query('SELECT `tbl_ebook`.*, `tbl_user`.`nama_user`, `tbl_user`.`level`, `tbl_pengarang`.`nama_pengarang`, `tbl_penerbit`.`nama_penerbit`, `tbl_kategori`.`nama_kategori`
FROM `tbl_ebook`
LEFT JOIN `tbl_kategori` ON `tbl_kategori`.`id_kategori` = `tbl_ebook`.`id_kategori`
LEFT JOIN `tbl_penerbit` ON `tbl_penerbit`.`id_penerbit` = `tbl_ebook`.`id_penerbit`
LEFT JOIN `tbl_pengarang` ON `tbl_pengarang`.`id_pengarang` = `tbl_ebook`.`id_pengarang`
LEFT JOIN `tbl_user` ON `tbl_user`.`id_user` = `tbl_ebook`.`id_user`
ORDER BY `id_buku` DESC', [], false)
 2 APPPATH\Models\ModelEbook.php(25): CodeIgniter\Database\BaseBuilder->get()
 3 APPPATH\Controllers\Ebook.php(42): App\Models\ModelEbook->AllData()
 4 SYSTEMPATH\CodeIgniter.php(933): App\Controllers\Ebook->index()
 5 SYSTEMPATH\CodeIgniter.php(509): CodeIgniter\CodeIgniter->runController(Object(App\Controllers\Ebook))
 6 SYSTEMPATH\CodeIgniter.php(355): CodeIgniter\CodeIgniter->handleRequest(null, Object(Config\Cache), false)
 7 SYSTEMPATH\Boot.php(325): CodeIgniter\CodeIgniter->run()
 8 SYSTEMPATH\Boot.php(67): CodeIgniter\Boot::runCodeIgniter(Object(CodeIgniter\CodeIgniter))
 9 FCPATH\index.php(56): CodeIgniter\Boot::bootWeb(Object(Config\Paths))
CRITICAL - 2026-06-10 14:38:34 --> [Caused by] CodeIgniter\Database\Exceptions\DatabaseException: Unknown column 'id_buku' in 'order clause'
in SYSTEMPATH\Database\MySQLi\Connection.php on line 317.
 1 SYSTEMPATH\Database\BaseConnection.php(734): CodeIgniter\Database\MySQLi\Connection->execute('SELECT `tbl_ebook`.*, `tbl_user`.`nama_user`, `tbl_user`.`level`, `tbl_pengarang`.`nama_pengarang`, `tbl_penerbit`.`nama_penerbit`, `tbl_kategori`.`nama_kategori`
FROM `tbl_ebook`
LEFT JOIN `tbl_kategori` ON `tbl_kategori`.`id_kategori` = `tbl_ebook`.`id_kategori`
LEFT JOIN `tbl_penerbit` ON `tbl_penerbit`.`id_penerbit` = `tbl_ebook`.`id_penerbit`
LEFT JOIN `tbl_pengarang` ON `tbl_pengarang`.`id_pengarang` = `tbl_ebook`.`id_pengarang`
LEFT JOIN `tbl_user` ON `tbl_user`.`id_user` = `tbl_ebook`.`id_user`
ORDER BY `id_buku` DESC')
 2 SYSTEMPATH\Database\BaseConnection.php(648): CodeIgniter\Database\BaseConnection->simpleQuery('SELECT `tbl_ebook`.*, `tbl_user`.`nama_user`, `tbl_user`.`level`, `tbl_pengarang`.`nama_pengarang`, `tbl_penerbit`.`nama_penerbit`, `tbl_kategori`.`nama_kategori`
FROM `tbl_ebook`
LEFT JOIN `tbl_kategori` ON `tbl_kategori`.`id_kategori` = `tbl_ebook`.`id_kategori`
LEFT JOIN `tbl_penerbit` ON `tbl_penerbit`.`id_penerbit` = `tbl_ebook`.`id_penerbit`
LEFT JOIN `tbl_pengarang` ON `tbl_pengarang`.`id_pengarang` = `tbl_ebook`.`id_pengarang`
LEFT JOIN `tbl_user` ON `tbl_user`.`id_user` = `tbl_ebook`.`id_user`
ORDER BY `id_buku` DESC')
 3 SYSTEMPATH\Database\BaseBuilder.php(1644): CodeIgniter\Database\BaseConnection->query('SELECT `tbl_ebook`.*, `tbl_user`.`nama_user`, `tbl_user`.`level`, `tbl_pengarang`.`nama_pengarang`, `tbl_penerbit`.`nama_penerbit`, `tbl_kategori`.`nama_kategori`
FROM `tbl_ebook`
LEFT JOIN `tbl_kategori` ON `tbl_kategori`.`id_kategori` = `tbl_ebook`.`id_kategori`
LEFT JOIN `tbl_penerbit` ON `tbl_penerbit`.`id_penerbit` = `tbl_ebook`.`id_penerbit`
LEFT JOIN `tbl_pengarang` ON `tbl_pengarang`.`id_pengarang` = `tbl_ebook`.`id_pengarang`
LEFT JOIN `tbl_user` ON `tbl_user`.`id_user` = `tbl_ebook`.`id_user`
ORDER BY `id_buku` DESC', [], false)
 4 APPPATH\Models\ModelEbook.php(25): CodeIgniter\Database\BaseBuilder->get()
 5 APPPATH\Controllers\Ebook.php(42): App\Models\ModelEbook->AllData()
 6 SYSTEMPATH\CodeIgniter.php(933): App\Controllers\Ebook->index()
 7 SYSTEMPATH\CodeIgniter.php(509): CodeIgniter\CodeIgniter->runController(Object(App\Controllers\Ebook))
 8 SYSTEMPATH\CodeIgniter.php(355): CodeIgniter\CodeIgniter->handleRequest(null, Object(Config\Cache), false)
 9 SYSTEMPATH\Boot.php(325): CodeIgniter\CodeIgniter->run()
10 SYSTEMPATH\Boot.php(67): CodeIgniter\Boot::runCodeIgniter(Object(CodeIgniter\CodeIgniter))
11 FCPATH\index.php(56): CodeIgniter\Boot::bootWeb(Object(Config\Paths))
CRITICAL - 2026-06-10 14:38:34 --> [Caused by] mysqli_sql_exception: Unknown column 'id_buku' in 'order clause'
in SYSTEMPATH\Database\MySQLi\Connection.php on line 312.
 1 SYSTEMPATH\Database\MySQLi\Connection.php(312): mysqli->query('SELECT `tbl_ebook`.*, `tbl_user`.`nama_user`, `tbl_user`.`level`, `tbl_pengarang`.`nama_pengarang`, `tbl_penerbit`.`nama_penerbit`, `tbl_kategori`.`nama_kategori`
FROM `tbl_ebook`
LEFT JOIN `tbl_kategori` ON `tbl_kategori`.`id_kategori` = `tbl_ebook`.`id_kategori`
LEFT JOIN `tbl_penerbit` ON `tbl_penerbit`.`id_penerbit` = `tbl_ebook`.`id_penerbit`
LEFT JOIN `tbl_pengarang` ON `tbl_pengarang`.`id_pengarang` = `tbl_ebook`.`id_pengarang`
LEFT JOIN `tbl_user` ON `tbl_user`.`id_user` = `tbl_ebook`.`id_user`
ORDER BY `id_buku` DESC', 0)
 2 SYSTEMPATH\Database\BaseConnection.php(734): CodeIgniter\Database\MySQLi\Connection->execute('SELECT `tbl_ebook`.*, `tbl_user`.`nama_user`, `tbl_user`.`level`, `tbl_pengarang`.`nama_pengarang`, `tbl_penerbit`.`nama_penerbit`, `tbl_kategori`.`nama_kategori`
FROM `tbl_ebook`
LEFT JOIN `tbl_kategori` ON `tbl_kategori`.`id_kategori` = `tbl_ebook`.`id_kategori`
LEFT JOIN `tbl_penerbit` ON `tbl_penerbit`.`id_penerbit` = `tbl_ebook`.`id_penerbit`
LEFT JOIN `tbl_pengarang` ON `tbl_pengarang`.`id_pengarang` = `tbl_ebook`.`id_pengarang`
LEFT JOIN `tbl_user` ON `tbl_user`.`id_user` = `tbl_ebook`.`id_user`
ORDER BY `id_buku` DESC')
 3 SYSTEMPATH\Database\BaseConnection.php(648): CodeIgniter\Database\BaseConnection->simpleQuery('SELECT `tbl_ebook`.*, `tbl_user`.`nama_user`, `tbl_user`.`level`, `tbl_pengarang`.`nama_pengarang`, `tbl_penerbit`.`nama_penerbit`, `tbl_kategori`.`nama_kategori`
FROM `tbl_ebook`
LEFT JOIN `tbl_kategori` ON `tbl_kategori`.`id_kategori` = `tbl_ebook`.`id_kategori`
LEFT JOIN `tbl_penerbit` ON `tbl_penerbit`.`id_penerbit` = `tbl_ebook`.`id_penerbit`
LEFT JOIN `tbl_pengarang` ON `tbl_pengarang`.`id_pengarang` = `tbl_ebook`.`id_pengarang`
LEFT JOIN `tbl_user` ON `tbl_user`.`id_user` = `tbl_ebook`.`id_user`
ORDER BY `id_buku` DESC')
 4 SYSTEMPATH\Database\BaseBuilder.php(1644): CodeIgniter\Database\BaseConnection->query('SELECT `tbl_ebook`.*, `tbl_user`.`nama_user`, `tbl_user`.`level`, `tbl_pengarang`.`nama_pengarang`, `tbl_penerbit`.`nama_penerbit`, `tbl_kategori`.`nama_kategori`
FROM `tbl_ebook`
LEFT JOIN `tbl_kategori` ON `tbl_kategori`.`id_kategori` = `tbl_ebook`.`id_kategori`
LEFT JOIN `tbl_penerbit` ON `tbl_penerbit`.`id_penerbit` = `tbl_ebook`.`id_penerbit`
LEFT JOIN `tbl_pengarang` ON `tbl_pengarang`.`id_pengarang` = `tbl_ebook`.`id_pengarang`
LEFT JOIN `tbl_user` ON `tbl_user`.`id_user` = `tbl_ebook`.`id_user`
ORDER BY `id_buku` DESC', [], false)
 5 APPPATH\Models\ModelEbook.php(25): CodeIgniter\Database\BaseBuilder->get()
 6 APPPATH\Controllers\Ebook.php(42): App\Models\ModelEbook->AllData()
 7 SYSTEMPATH\CodeIgniter.php(933): App\Controllers\Ebook->index()
 8 SYSTEMPATH\CodeIgniter.php(509): CodeIgniter\CodeIgniter->runController(Object(App\Controllers\Ebook))
 9 SYSTEMPATH\CodeIgniter.php(355): CodeIgniter\CodeIgniter->handleRequest(null, Object(Config\Cache), false)
10 SYSTEMPATH\Boot.php(325): CodeIgniter\CodeIgniter->run()
11 SYSTEMPATH\Boot.php(67): CodeIgniter\Boot::runCodeIgniter(Object(CodeIgniter\CodeIgniter))
12 FCPATH\index.php(56): CodeIgniter\Boot::bootWeb(Object(Config\Paths))
ERROR - 2026-06-10 14:38:50 --> mysqli_sql_exception: Unknown column 'id_ebook_' in 'order clause' in C:\xampp\htdocs\si_ekatalog_ci4\system\Database\MySQLi\Connection.php:312
Stack trace:
#0 C:\xampp\htdocs\si_ekatalog_ci4\system\Database\MySQLi\Connection.php(312): mysqli->query('SELECT `tbl_ebo...', 0)
#1 C:\xampp\htdocs\si_ekatalog_ci4\system\Database\BaseConnection.php(734): CodeIgniter\Database\MySQLi\Connection->execute('SELECT `tbl_ebo...')
#2 C:\xampp\htdocs\si_ekatalog_ci4\system\Database\BaseConnection.php(648): CodeIgniter\Database\BaseConnection->simpleQuery('SELECT `tbl_ebo...')
#3 C:\xampp\htdocs\si_ekatalog_ci4\system\Database\BaseBuilder.php(1644): CodeIgniter\Database\BaseConnection->query('SELECT `tbl_ebo...', Array, false)
#4 C:\xampp\htdocs\si_ekatalog_ci4\app\Models\ModelEbook.php(25): CodeIgniter\Database\BaseBuilder->get()
#5 C:\xampp\htdocs\si_ekatalog_ci4\app\Controllers\Ebook.php(42): App\Models\ModelEbook->AllData()
#6 C:\xampp\htdocs\si_ekatalog_ci4\system\CodeIgniter.php(933): App\Controllers\Ebook->index()
#7 C:\xampp\htdocs\si_ekatalog_ci4\system\CodeIgniter.php(509): CodeIgniter\CodeIgniter->runController(Object(App\Controllers\Ebook))
#8 C:\xampp\htdocs\si_ekatalog_ci4\system\CodeIgniter.php(355): CodeIgniter\CodeIgniter->handleRequest(NULL, Object(Config\Cache), false)
#9 C:\xampp\htdocs\si_ekatalog_ci4\system\Boot.php(325): CodeIgniter\CodeIgniter->run()
#10 C:\xampp\htdocs\si_ekatalog_ci4\system\Boot.php(67): CodeIgniter\Boot::runCodeIgniter(Object(CodeIgniter\CodeIgniter))
#11 C:\xampp\htdocs\si_ekatalog_ci4\public\index.php(56): CodeIgniter\Boot::bootWeb(Object(Config\Paths))
#12 {main}
CRITICAL - 2026-06-10 14:38:50 --> CodeIgniter\Database\Exceptions\DatabaseException: Unknown column 'id_ebook_' in 'order clause'
[Method: GET, Route: Ebook]
in SYSTEMPATH\Database\BaseConnection.php on line 688.
 1 SYSTEMPATH\Database\BaseBuilder.php(1644): CodeIgniter\Database\BaseConnection->query('SELECT `tbl_ebook`.*, `tbl_user`.`nama_user`, `tbl_user`.`level`, `tbl_pengarang`.`nama_pengarang`, `tbl_penerbit`.`nama_penerbit`, `tbl_kategori`.`nama_kategori`
FROM `tbl_ebook`
LEFT JOIN `tbl_kategori` ON `tbl_kategori`.`id_kategori` = `tbl_ebook`.`id_kategori`
LEFT JOIN `tbl_penerbit` ON `tbl_penerbit`.`id_penerbit` = `tbl_ebook`.`id_penerbit`
LEFT JOIN `tbl_pengarang` ON `tbl_pengarang`.`id_pengarang` = `tbl_ebook`.`id_pengarang`
LEFT JOIN `tbl_user` ON `tbl_user`.`id_user` = `tbl_ebook`.`id_user`
ORDER BY `id_ebook_` DESC', [], false)
 2 APPPATH\Models\ModelEbook.php(25): CodeIgniter\Database\BaseBuilder->get()
 3 APPPATH\Controllers\Ebook.php(42): App\Models\ModelEbook->AllData()
 4 SYSTEMPATH\CodeIgniter.php(933): App\Controllers\Ebook->index()
 5 SYSTEMPATH\CodeIgniter.php(509): CodeIgniter\CodeIgniter->runController(Object(App\Controllers\Ebook))
 6 SYSTEMPATH\CodeIgniter.php(355): CodeIgniter\CodeIgniter->handleRequest(null, Object(Config\Cache), false)
 7 SYSTEMPATH\Boot.php(325): CodeIgniter\CodeIgniter->run()
 8 SYSTEMPATH\Boot.php(67): CodeIgniter\Boot::runCodeIgniter(Object(CodeIgniter\CodeIgniter))
 9 FCPATH\index.php(56): CodeIgniter\Boot::bootWeb(Object(Config\Paths))
CRITICAL - 2026-06-10 14:38:50 --> [Caused by] CodeIgniter\Database\Exceptions\DatabaseException: Unknown column 'id_ebook_' in 'order clause'
in SYSTEMPATH\Database\MySQLi\Connection.php on line 317.
 1 SYSTEMPATH\Database\BaseConnection.php(734): CodeIgniter\Database\MySQLi\Connection->execute('SELECT `tbl_ebook`.*, `tbl_user`.`nama_user`, `tbl_user`.`level`, `tbl_pengarang`.`nama_pengarang`, `tbl_penerbit`.`nama_penerbit`, `tbl_kategori`.`nama_kategori`
FROM `tbl_ebook`
LEFT JOIN `tbl_kategori` ON `tbl_kategori`.`id_kategori` = `tbl_ebook`.`id_kategori`
LEFT JOIN `tbl_penerbit` ON `tbl_penerbit`.`id_penerbit` = `tbl_ebook`.`id_penerbit`
LEFT JOIN `tbl_pengarang` ON `tbl_pengarang`.`id_pengarang` = `tbl_ebook`.`id_pengarang`
LEFT JOIN `tbl_user` ON `tbl_user`.`id_user` = `tbl_ebook`.`id_user`
ORDER BY `id_ebook_` DESC')
 2 SYSTEMPATH\Database\BaseConnection.php(648): CodeIgniter\Database\BaseConnection->simpleQuery('SELECT `tbl_ebook`.*, `tbl_user`.`nama_user`, `tbl_user`.`level`, `tbl_pengarang`.`nama_pengarang`, `tbl_penerbit`.`nama_penerbit`, `tbl_kategori`.`nama_kategori`
FROM `tbl_ebook`
LEFT JOIN `tbl_kategori` ON `tbl_kategori`.`id_kategori` = `tbl_ebook`.`id_kategori`
LEFT JOIN `tbl_penerbit` ON `tbl_penerbit`.`id_penerbit` = `tbl_ebook`.`id_penerbit`
LEFT JOIN `tbl_pengarang` ON `tbl_pengarang`.`id_pengarang` = `tbl_ebook`.`id_pengarang`
LEFT JOIN `tbl_user` ON `tbl_user`.`id_user` = `tbl_ebook`.`id_user`
ORDER BY `id_ebook_` DESC')
 3 SYSTEMPATH\Database\BaseBuilder.php(1644): CodeIgniter\Database\BaseConnection->query('SELECT `tbl_ebook`.*, `tbl_user`.`nama_user`, `tbl_user`.`level`, `tbl_pengarang`.`nama_pengarang`, `tbl_penerbit`.`nama_penerbit`, `tbl_kategori`.`nama_kategori`
FROM `tbl_ebook`
LEFT JOIN `tbl_kategori` ON `tbl_kategori`.`id_kategori` = `tbl_ebook`.`id_kategori`
LEFT JOIN `tbl_penerbit` ON `tbl_penerbit`.`id_penerbit` = `tbl_ebook`.`id_penerbit`
LEFT JOIN `tbl_pengarang` ON `tbl_pengarang`.`id_pengarang` = `tbl_ebook`.`id_pengarang`
LEFT JOIN `tbl_user` ON `tbl_user`.`id_user` = `tbl_ebook`.`id_user`
ORDER BY `id_ebook_` DESC', [], false)
 4 APPPATH\Models\ModelEbook.php(25): CodeIgniter\Database\BaseBuilder->get()
 5 APPPATH\Controllers\Ebook.php(42): App\Models\ModelEbook->AllData()
 6 SYSTEMPATH\CodeIgniter.php(933): App\Controllers\Ebook->index()
 7 SYSTEMPATH\CodeIgniter.php(509): CodeIgniter\CodeIgniter->runController(Object(App\Controllers\Ebook))
 8 SYSTEMPATH\CodeIgniter.php(355): CodeIgniter\CodeIgniter->handleRequest(null, Object(Config\Cache), false)
 9 SYSTEMPATH\Boot.php(325): CodeIgniter\CodeIgniter->run()
10 SYSTEMPATH\Boot.php(67): CodeIgniter\Boot::runCodeIgniter(Object(CodeIgniter\CodeIgniter))
11 FCPATH\index.php(56): CodeIgniter\Boot::bootWeb(Object(Config\Paths))
CRITICAL - 2026-06-10 14:38:50 --> [Caused by] mysqli_sql_exception: Unknown column 'id_ebook_' in 'order clause'
in SYSTEMPATH\Database\MySQLi\Connection.php on line 312.
 1 SYSTEMPATH\Database\MySQLi\Connection.php(312): mysqli->query('SELECT `tbl_ebook`.*, `tbl_user`.`nama_user`, `tbl_user`.`level`, `tbl_pengarang`.`nama_pengarang`, `tbl_penerbit`.`nama_penerbit`, `tbl_kategori`.`nama_kategori`
FROM `tbl_ebook`
LEFT JOIN `tbl_kategori` ON `tbl_kategori`.`id_kategori` = `tbl_ebook`.`id_kategori`
LEFT JOIN `tbl_penerbit` ON `tbl_penerbit`.`id_penerbit` = `tbl_ebook`.`id_penerbit`
LEFT JOIN `tbl_pengarang` ON `tbl_pengarang`.`id_pengarang` = `tbl_ebook`.`id_pengarang`
LEFT JOIN `tbl_user` ON `tbl_user`.`id_user` = `tbl_ebook`.`id_user`
ORDER BY `id_ebook_` DESC', 0)
 2 SYSTEMPATH\Database\BaseConnection.php(734): CodeIgniter\Database\MySQLi\Connection->execute('SELECT `tbl_ebook`.*, `tbl_user`.`nama_user`, `tbl_user`.`level`, `tbl_pengarang`.`nama_pengarang`, `tbl_penerbit`.`nama_penerbit`, `tbl_kategori`.`nama_kategori`
FROM `tbl_ebook`
LEFT JOIN `tbl_kategori` ON `tbl_kategori`.`id_kategori` = `tbl_ebook`.`id_kategori`
LEFT JOIN `tbl_penerbit` ON `tbl_penerbit`.`id_penerbit` = `tbl_ebook`.`id_penerbit`
LEFT JOIN `tbl_pengarang` ON `tbl_pengarang`.`id_pengarang` = `tbl_ebook`.`id_pengarang`
LEFT JOIN `tbl_user` ON `tbl_user`.`id_user` = `tbl_ebook`.`id_user`
ORDER BY `id_ebook_` DESC')
 3 SYSTEMPATH\Database\BaseConnection.php(648): CodeIgniter\Database\BaseConnection->simpleQuery('SELECT `tbl_ebook`.*, `tbl_user`.`nama_user`, `tbl_user`.`level`, `tbl_pengarang`.`nama_pengarang`, `tbl_penerbit`.`nama_penerbit`, `tbl_kategori`.`nama_kategori`
FROM `tbl_ebook`
LEFT JOIN `tbl_kategori` ON `tbl_kategori`.`id_kategori` = `tbl_ebook`.`id_kategori`
LEFT JOIN `tbl_penerbit` ON `tbl_penerbit`.`id_penerbit` = `tbl_ebook`.`id_penerbit`
LEFT JOIN `tbl_pengarang` ON `tbl_pengarang`.`id_pengarang` = `tbl_ebook`.`id_pengarang`
LEFT JOIN `tbl_user` ON `tbl_user`.`id_user` = `tbl_ebook`.`id_user`
ORDER BY `id_ebook_` DESC')
 4 SYSTEMPATH\Database\BaseBuilder.php(1644): CodeIgniter\Database\BaseConnection->query('SELECT `tbl_ebook`.*, `tbl_user`.`nama_user`, `tbl_user`.`level`, `tbl_pengarang`.`nama_pengarang`, `tbl_penerbit`.`nama_penerbit`, `tbl_kategori`.`nama_kategori`
FROM `tbl_ebook`
LEFT JOIN `tbl_kategori` ON `tbl_kategori`.`id_kategori` = `tbl_ebook`.`id_kategori`
LEFT JOIN `tbl_penerbit` ON `tbl_penerbit`.`id_penerbit` = `tbl_ebook`.`id_penerbit`
LEFT JOIN `tbl_pengarang` ON `tbl_pengarang`.`id_pengarang` = `tbl_ebook`.`id_pengarang`
LEFT JOIN `tbl_user` ON `tbl_user`.`id_user` = `tbl_ebook`.`id_user`
ORDER BY `id_ebook_` DESC', [], false)
 5 APPPATH\Models\ModelEbook.php(25): CodeIgniter\Database\BaseBuilder->get()
 6 APPPATH\Controllers\Ebook.php(42): App\Models\ModelEbook->AllData()
 7 SYSTEMPATH\CodeIgniter.php(933): App\Controllers\Ebook->index()
 8 SYSTEMPATH\CodeIgniter.php(509): CodeIgniter\CodeIgniter->runController(Object(App\Controllers\Ebook))
 9 SYSTEMPATH\CodeIgniter.php(355): CodeIgniter\CodeIgniter->handleRequest(null, Object(Config\Cache), false)
10 SYSTEMPATH\Boot.php(325): CodeIgniter\CodeIgniter->run()
11 SYSTEMPATH\Boot.php(67): CodeIgniter\Boot::runCodeIgniter(Object(CodeIgniter\CodeIgniter))
12 FCPATH\index.php(56): CodeIgniter\Boot::bootWeb(Object(Config\Paths))
INFO - 2026-06-10 14:38:58 --> Session: Class initialized using 'CodeIgniter\Session\Handlers\FileHandler' driver.
