INFO - 2026-04-30 06:09:56 --> Session: Class initialized using 'CodeIgniter\Session\Handlers\FileHandler' driver.
INFO - 2026-04-30 06:11:03 --> Session: Class initialized using 'CodeIgniter\Session\Handlers\FileHandler' driver.
INFO - 2026-04-30 06:11:10 --> Session: Class initialized using 'CodeIgniter\Session\Handlers\FileHandler' driver.
INFO - 2026-04-30 06:11:10 --> Session: Class initialized using 'CodeIgniter\Session\Handlers\FileHandler' driver.
INFO - 2026-04-30 06:11:54 --> Session: Class initialized using 'CodeIgniter\Session\Handlers\FileHandler' driver.
ERROR - 2026-04-30 06:11:54 --> mysqli_sql_exception: Unknown column 'tbl_download.id_kategori' in 'on clause' in C:\xampp\htdocs\si_ekatalog_ci4\system\Database\MySQLi\Connection.php:312
Stack trace:
#0 C:\xampp\htdocs\si_ekatalog_ci4\system\Database\MySQLi\Connection.php(312): mysqli->query('SELECT `tbl_dow...', 0)
#1 C:\xampp\htdocs\si_ekatalog_ci4\system\Database\BaseConnection.php(734): CodeIgniter\Database\MySQLi\Connection->execute('SELECT `tbl_dow...')
#2 C:\xampp\htdocs\si_ekatalog_ci4\system\Database\BaseConnection.php(648): CodeIgniter\Database\BaseConnection->simpleQuery('SELECT `tbl_dow...')
#3 C:\xampp\htdocs\si_ekatalog_ci4\system\Database\BaseBuilder.php(1644): CodeIgniter\Database\BaseConnection->query('SELECT `tbl_dow...', Array, false)
#4 C:\xampp\htdocs\si_ekatalog_ci4\app\Models\ModelDownload.php(17): CodeIgniter\Database\BaseBuilder->get()
#5 C:\xampp\htdocs\si_ekatalog_ci4\app\Controllers\Download.php(32): App\Models\ModelDownload->AllData()
#6 C:\xampp\htdocs\si_ekatalog_ci4\system\CodeIgniter.php(933): App\Controllers\Download->index()
#7 C:\xampp\htdocs\si_ekatalog_ci4\system\CodeIgniter.php(509): CodeIgniter\CodeIgniter->runController(Object(App\Controllers\Download))
#8 C:\xampp\htdocs\si_ekatalog_ci4\system\CodeIgniter.php(355): CodeIgniter\CodeIgniter->handleRequest(NULL, Object(Config\Cache), false)
#9 C:\xampp\htdocs\si_ekatalog_ci4\system\Boot.php(325): CodeIgniter\CodeIgniter->run()
#10 C:\xampp\htdocs\si_ekatalog_ci4\system\Boot.php(67): CodeIgniter\Boot::runCodeIgniter(Object(CodeIgniter\CodeIgniter))
#11 C:\xampp\htdocs\si_ekatalog_ci4\public\index.php(56): CodeIgniter\Boot::bootWeb(Object(Config\Paths))
#12 {main}
CRITICAL - 2026-04-30 06:11:54 --> CodeIgniter\Database\Exceptions\DatabaseException: Unknown column 'tbl_download.id_kategori' in 'on clause'
[Method: GET, Route: Download]
in SYSTEMPATH\Database\BaseConnection.php on line 688.
 1 SYSTEMPATH\Database\BaseBuilder.php(1644): CodeIgniter\Database\BaseConnection->query('SELECT `tbl_download`.*, `tbl_ebook`.`judul_ebook`, `tbl_kategori`.`nama_kategori`
FROM `tbl_download`
JOIN `tbl_ebook` ON `tbl_ebook`.`id_ebook` = `tbl_download`.`id_ebook`
JOIN `tbl_kategori` ON `tbl_kategori`.`id_kategori` = `tbl_download`.`id_kategori`
LEFT JOIN `tbl_pengunjung` ON `tbl_pengunjung`.`id_pengunjung` = `tbl_download`.`id_pengunjung`
ORDER BY `id_download` ASC', [], false)
 2 APPPATH\Models\ModelDownload.php(17): CodeIgniter\Database\BaseBuilder->get()
 3 APPPATH\Controllers\Download.php(32): App\Models\ModelDownload->AllData()
 4 SYSTEMPATH\CodeIgniter.php(933): App\Controllers\Download->index()
 5 SYSTEMPATH\CodeIgniter.php(509): CodeIgniter\CodeIgniter->runController(Object(App\Controllers\Download))
 6 SYSTEMPATH\CodeIgniter.php(355): CodeIgniter\CodeIgniter->handleRequest(null, Object(Config\Cache), false)
 7 SYSTEMPATH\Boot.php(325): CodeIgniter\CodeIgniter->run()
 8 SYSTEMPATH\Boot.php(67): CodeIgniter\Boot::runCodeIgniter(Object(CodeIgniter\CodeIgniter))
 9 FCPATH\index.php(56): CodeIgniter\Boot::bootWeb(Object(Config\Paths))
CRITICAL - 2026-04-30 06:11:54 --> [Caused by] CodeIgniter\Database\Exceptions\DatabaseException: Unknown column 'tbl_download.id_kategori' in 'on clause'
in SYSTEMPATH\Database\MySQLi\Connection.php on line 317.
 1 SYSTEMPATH\Database\BaseConnection.php(734): CodeIgniter\Database\MySQLi\Connection->execute('SELECT `tbl_download`.*, `tbl_ebook`.`judul_ebook`, `tbl_kategori`.`nama_kategori`
FROM `tbl_download`
JOIN `tbl_ebook` ON `tbl_ebook`.`id_ebook` = `tbl_download`.`id_ebook`
JOIN `tbl_kategori` ON `tbl_kategori`.`id_kategori` = `tbl_download`.`id_kategori`
LEFT JOIN `tbl_pengunjung` ON `tbl_pengunjung`.`id_pengunjung` = `tbl_download`.`id_pengunjung`
ORDER BY `id_download` ASC')
 2 SYSTEMPATH\Database\BaseConnection.php(648): CodeIgniter\Database\BaseConnection->simpleQuery('SELECT `tbl_download`.*, `tbl_ebook`.`judul_ebook`, `tbl_kategori`.`nama_kategori`
FROM `tbl_download`
JOIN `tbl_ebook` ON `tbl_ebook`.`id_ebook` = `tbl_download`.`id_ebook`
JOIN `tbl_kategori` ON `tbl_kategori`.`id_kategori` = `tbl_download`.`id_kategori`
LEFT JOIN `tbl_pengunjung` ON `tbl_pengunjung`.`id_pengunjung` = `tbl_download`.`id_pengunjung`
ORDER BY `id_download` ASC')
 3 SYSTEMPATH\Database\BaseBuilder.php(1644): CodeIgniter\Database\BaseConnection->query('SELECT `tbl_download`.*, `tbl_ebook`.`judul_ebook`, `tbl_kategori`.`nama_kategori`
FROM `tbl_download`
JOIN `tbl_ebook` ON `tbl_ebook`.`id_ebook` = `tbl_download`.`id_ebook`
JOIN `tbl_kategori` ON `tbl_kategori`.`id_kategori` = `tbl_download`.`id_kategori`
LEFT JOIN `tbl_pengunjung` ON `tbl_pengunjung`.`id_pengunjung` = `tbl_download`.`id_pengunjung`
ORDER BY `id_download` ASC', [], false)
 4 APPPATH\Models\ModelDownload.php(17): CodeIgniter\Database\BaseBuilder->get()
 5 APPPATH\Controllers\Download.php(32): App\Models\ModelDownload->AllData()
 6 SYSTEMPATH\CodeIgniter.php(933): App\Controllers\Download->index()
 7 SYSTEMPATH\CodeIgniter.php(509): CodeIgniter\CodeIgniter->runController(Object(App\Controllers\Download))
 8 SYSTEMPATH\CodeIgniter.php(355): CodeIgniter\CodeIgniter->handleRequest(null, Object(Config\Cache), false)
 9 SYSTEMPATH\Boot.php(325): CodeIgniter\CodeIgniter->run()
10 SYSTEMPATH\Boot.php(67): CodeIgniter\Boot::runCodeIgniter(Object(CodeIgniter\CodeIgniter))
11 FCPATH\index.php(56): CodeIgniter\Boot::bootWeb(Object(Config\Paths))
CRITICAL - 2026-04-30 06:11:54 --> [Caused by] mysqli_sql_exception: Unknown column 'tbl_download.id_kategori' in 'on clause'
in SYSTEMPATH\Database\MySQLi\Connection.php on line 312.
 1 SYSTEMPATH\Database\MySQLi\Connection.php(312): mysqli->query('SELECT `tbl_download`.*, `tbl_ebook`.`judul_ebook`, `tbl_kategori`.`nama_kategori`
FROM `tbl_download`
JOIN `tbl_ebook` ON `tbl_ebook`.`id_ebook` = `tbl_download`.`id_ebook`
JOIN `tbl_kategori` ON `tbl_kategori`.`id_kategori` = `tbl_download`.`id_kategori`
LEFT JOIN `tbl_pengunjung` ON `tbl_pengunjung`.`id_pengunjung` = `tbl_download`.`id_pengunjung`
ORDER BY `id_download` ASC', 0)
 2 SYSTEMPATH\Database\BaseConnection.php(734): CodeIgniter\Database\MySQLi\Connection->execute('SELECT `tbl_download`.*, `tbl_ebook`.`judul_ebook`, `tbl_kategori`.`nama_kategori`
FROM `tbl_download`
JOIN `tbl_ebook` ON `tbl_ebook`.`id_ebook` = `tbl_download`.`id_ebook`
JOIN `tbl_kategori` ON `tbl_kategori`.`id_kategori` = `tbl_download`.`id_kategori`
LEFT JOIN `tbl_pengunjung` ON `tbl_pengunjung`.`id_pengunjung` = `tbl_download`.`id_pengunjung`
ORDER BY `id_download` ASC')
 3 SYSTEMPATH\Database\BaseConnection.php(648): CodeIgniter\Database\BaseConnection->simpleQuery('SELECT `tbl_download`.*, `tbl_ebook`.`judul_ebook`, `tbl_kategori`.`nama_kategori`
FROM `tbl_download`
JOIN `tbl_ebook` ON `tbl_ebook`.`id_ebook` = `tbl_download`.`id_ebook`
JOIN `tbl_kategori` ON `tbl_kategori`.`id_kategori` = `tbl_download`.`id_kategori`
LEFT JOIN `tbl_pengunjung` ON `tbl_pengunjung`.`id_pengunjung` = `tbl_download`.`id_pengunjung`
ORDER BY `id_download` ASC')
 4 SYSTEMPATH\Database\BaseBuilder.php(1644): CodeIgniter\Database\BaseConnection->query('SELECT `tbl_download`.*, `tbl_ebook`.`judul_ebook`, `tbl_kategori`.`nama_kategori`
FROM `tbl_download`
JOIN `tbl_ebook` ON `tbl_ebook`.`id_ebook` = `tbl_download`.`id_ebook`
JOIN `tbl_kategori` ON `tbl_kategori`.`id_kategori` = `tbl_download`.`id_kategori`
LEFT JOIN `tbl_pengunjung` ON `tbl_pengunjung`.`id_pengunjung` = `tbl_download`.`id_pengunjung`
ORDER BY `id_download` ASC', [], false)
 5 APPPATH\Models\ModelDownload.php(17): CodeIgniter\Database\BaseBuilder->get()
 6 APPPATH\Controllers\Download.php(32): App\Models\ModelDownload->AllData()
 7 SYSTEMPATH\CodeIgniter.php(933): App\Controllers\Download->index()
 8 SYSTEMPATH\CodeIgniter.php(509): CodeIgniter\CodeIgniter->runController(Object(App\Controllers\Download))
 9 SYSTEMPATH\CodeIgniter.php(355): CodeIgniter\CodeIgniter->handleRequest(null, Object(Config\Cache), false)
10 SYSTEMPATH\Boot.php(325): CodeIgniter\CodeIgniter->run()
11 SYSTEMPATH\Boot.php(67): CodeIgniter\Boot::runCodeIgniter(Object(CodeIgniter\CodeIgniter))
12 FCPATH\index.php(56): CodeIgniter\Boot::bootWeb(Object(Config\Paths))
INFO - 2026-04-30 06:22:33 --> Session: Class initialized using 'CodeIgniter\Session\Handlers\FileHandler' driver.
ERROR - 2026-04-30 06:22:33 --> mysqli_sql_exception: Unknown column 'tbl_download.id_pengunjung' in 'on clause' in C:\xampp\htdocs\si_ekatalog_ci4\system\Database\MySQLi\Connection.php:312
Stack trace:
#0 C:\xampp\htdocs\si_ekatalog_ci4\system\Database\MySQLi\Connection.php(312): mysqli->query('SELECT `tbl_dow...', 0)
#1 C:\xampp\htdocs\si_ekatalog_ci4\system\Database\BaseConnection.php(734): CodeIgniter\Database\MySQLi\Connection->execute('SELECT `tbl_dow...')
#2 C:\xampp\htdocs\si_ekatalog_ci4\system\Database\BaseConnection.php(648): CodeIgniter\Database\BaseConnection->simpleQuery('SELECT `tbl_dow...')
#3 C:\xampp\htdocs\si_ekatalog_ci4\system\Database\BaseBuilder.php(1644): CodeIgniter\Database\BaseConnection->query('SELECT `tbl_dow...', Array, false)
#4 C:\xampp\htdocs\si_ekatalog_ci4\app\Models\ModelDownload.php(17): CodeIgniter\Database\BaseBuilder->get()
#5 C:\xampp\htdocs\si_ekatalog_ci4\app\Controllers\Download.php(32): App\Models\ModelDownload->AllData()
#6 C:\xampp\htdocs\si_ekatalog_ci4\system\CodeIgniter.php(933): App\Controllers\Download->index()
#7 C:\xampp\htdocs\si_ekatalog_ci4\system\CodeIgniter.php(509): CodeIgniter\CodeIgniter->runController(Object(App\Controllers\Download))
#8 C:\xampp\htdocs\si_ekatalog_ci4\system\CodeIgniter.php(355): CodeIgniter\CodeIgniter->handleRequest(NULL, Object(Config\Cache), false)
#9 C:\xampp\htdocs\si_ekatalog_ci4\system\Boot.php(325): CodeIgniter\CodeIgniter->run()
#10 C:\xampp\htdocs\si_ekatalog_ci4\system\Boot.php(67): CodeIgniter\Boot::runCodeIgniter(Object(CodeIgniter\CodeIgniter))
#11 C:\xampp\htdocs\si_ekatalog_ci4\public\index.php(56): CodeIgniter\Boot::bootWeb(Object(Config\Paths))
#12 {main}
CRITICAL - 2026-04-30 06:22:34 --> CodeIgniter\Database\Exceptions\DatabaseException: Unknown column 'tbl_download.id_pengunjung' in 'on clause'
[Method: GET, Route: Download]
in SYSTEMPATH\Database\BaseConnection.php on line 688.
 1 SYSTEMPATH\Database\BaseBuilder.php(1644): CodeIgniter\Database\BaseConnection->query('SELECT `tbl_download`.*, `tbl_ebook`.`judul_ebook`, `tbl_kategori`.`nama_kategori`
FROM `tbl_download`
JOIN `tbl_ebook` ON `tbl_ebook`.`id_ebook` = `tbl_download`.`id_ebook`
JOIN `tbl_kategori` ON `tbl_kategori`.`id_kategori` = `tbl_ebook`.`id_kategori`
LEFT JOIN `tbl_pengunjung` ON `tbl_pengunjung`.`id_pengunjung` = `tbl_download`.`id_pengunjung`
ORDER BY `id_download` ASC', [], false)
 2 APPPATH\Models\ModelDownload.php(17): CodeIgniter\Database\BaseBuilder->get()
 3 APPPATH\Controllers\Download.php(32): App\Models\ModelDownload->AllData()
 4 SYSTEMPATH\CodeIgniter.php(933): App\Controllers\Download->index()
 5 SYSTEMPATH\CodeIgniter.php(509): CodeIgniter\CodeIgniter->runController(Object(App\Controllers\Download))
 6 SYSTEMPATH\CodeIgniter.php(355): CodeIgniter\CodeIgniter->handleRequest(null, Object(Config\Cache), false)
 7 SYSTEMPATH\Boot.php(325): CodeIgniter\CodeIgniter->run()
 8 SYSTEMPATH\Boot.php(67): CodeIgniter\Boot::runCodeIgniter(Object(CodeIgniter\CodeIgniter))
 9 FCPATH\index.php(56): CodeIgniter\Boot::bootWeb(Object(Config\Paths))
CRITICAL - 2026-04-30 06:22:34 --> [Caused by] CodeIgniter\Database\Exceptions\DatabaseException: Unknown column 'tbl_download.id_pengunjung' in 'on clause'
in SYSTEMPATH\Database\MySQLi\Connection.php on line 317.
 1 SYSTEMPATH\Database\BaseConnection.php(734): CodeIgniter\Database\MySQLi\Connection->execute('SELECT `tbl_download`.*, `tbl_ebook`.`judul_ebook`, `tbl_kategori`.`nama_kategori`
FROM `tbl_download`
JOIN `tbl_ebook` ON `tbl_ebook`.`id_ebook` = `tbl_download`.`id_ebook`
JOIN `tbl_kategori` ON `tbl_kategori`.`id_kategori` = `tbl_ebook`.`id_kategori`
LEFT JOIN `tbl_pengunjung` ON `tbl_pengunjung`.`id_pengunjung` = `tbl_download`.`id_pengunjung`
ORDER BY `id_download` ASC')
 2 SYSTEMPATH\Database\BaseConnection.php(648): CodeIgniter\Database\BaseConnection->simpleQuery('SELECT `tbl_download`.*, `tbl_ebook`.`judul_ebook`, `tbl_kategori`.`nama_kategori`
FROM `tbl_download`
JOIN `tbl_ebook` ON `tbl_ebook`.`id_ebook` = `tbl_download`.`id_ebook`
JOIN `tbl_kategori` ON `tbl_kategori`.`id_kategori` = `tbl_ebook`.`id_kategori`
LEFT JOIN `tbl_pengunjung` ON `tbl_pengunjung`.`id_pengunjung` = `tbl_download`.`id_pengunjung`
ORDER BY `id_download` ASC')
 3 SYSTEMPATH\Database\BaseBuilder.php(1644): CodeIgniter\Database\BaseConnection->query('SELECT `tbl_download`.*, `tbl_ebook`.`judul_ebook`, `tbl_kategori`.`nama_kategori`
FROM `tbl_download`
JOIN `tbl_ebook` ON `tbl_ebook`.`id_ebook` = `tbl_download`.`id_ebook`
JOIN `tbl_kategori` ON `tbl_kategori`.`id_kategori` = `tbl_ebook`.`id_kategori`
LEFT JOIN `tbl_pengunjung` ON `tbl_pengunjung`.`id_pengunjung` = `tbl_download`.`id_pengunjung`
ORDER BY `id_download` ASC', [], false)
 4 APPPATH\Models\ModelDownload.php(17): CodeIgniter\Database\BaseBuilder->get()
 5 APPPATH\Controllers\Download.php(32): App\Models\ModelDownload->AllData()
 6 SYSTEMPATH\CodeIgniter.php(933): App\Controllers\Download->index()
 7 SYSTEMPATH\CodeIgniter.php(509): CodeIgniter\CodeIgniter->runController(Object(App\Controllers\Download))
 8 SYSTEMPATH\CodeIgniter.php(355): CodeIgniter\CodeIgniter->handleRequest(null, Object(Config\Cache), false)
 9 SYSTEMPATH\Boot.php(325): CodeIgniter\CodeIgniter->run()
10 SYSTEMPATH\Boot.php(67): CodeIgniter\Boot::runCodeIgniter(Object(CodeIgniter\CodeIgniter))
11 FCPATH\index.php(56): CodeIgniter\Boot::bootWeb(Object(Config\Paths))
CRITICAL - 2026-04-30 06:22:34 --> [Caused by] mysqli_sql_exception: Unknown column 'tbl_download.id_pengunjung' in 'on clause'
in SYSTEMPATH\Database\MySQLi\Connection.php on line 312.
 1 SYSTEMPATH\Database\MySQLi\Connection.php(312): mysqli->query('SELECT `tbl_download`.*, `tbl_ebook`.`judul_ebook`, `tbl_kategori`.`nama_kategori`
FROM `tbl_download`
JOIN `tbl_ebook` ON `tbl_ebook`.`id_ebook` = `tbl_download`.`id_ebook`
JOIN `tbl_kategori` ON `tbl_kategori`.`id_kategori` = `tbl_ebook`.`id_kategori`
LEFT JOIN `tbl_pengunjung` ON `tbl_pengunjung`.`id_pengunjung` = `tbl_download`.`id_pengunjung`
ORDER BY `id_download` ASC', 0)
 2 SYSTEMPATH\Database\BaseConnection.php(734): CodeIgniter\Database\MySQLi\Connection->execute('SELECT `tbl_download`.*, `tbl_ebook`.`judul_ebook`, `tbl_kategori`.`nama_kategori`
FROM `tbl_download`
JOIN `tbl_ebook` ON `tbl_ebook`.`id_ebook` = `tbl_download`.`id_ebook`
JOIN `tbl_kategori` ON `tbl_kategori`.`id_kategori` = `tbl_ebook`.`id_kategori`
LEFT JOIN `tbl_pengunjung` ON `tbl_pengunjung`.`id_pengunjung` = `tbl_download`.`id_pengunjung`
ORDER BY `id_download` ASC')
 3 SYSTEMPATH\Database\BaseConnection.php(648): CodeIgniter\Database\BaseConnection->simpleQuery('SELECT `tbl_download`.*, `tbl_ebook`.`judul_ebook`, `tbl_kategori`.`nama_kategori`
FROM `tbl_download`
JOIN `tbl_ebook` ON `tbl_ebook`.`id_ebook` = `tbl_download`.`id_ebook`
JOIN `tbl_kategori` ON `tbl_kategori`.`id_kategori` = `tbl_ebook`.`id_kategori`
LEFT JOIN `tbl_pengunjung` ON `tbl_pengunjung`.`id_pengunjung` = `tbl_download`.`id_pengunjung`
ORDER BY `id_download` ASC')
 4 SYSTEMPATH\Database\BaseBuilder.php(1644): CodeIgniter\Database\BaseConnection->query('SELECT `tbl_download`.*, `tbl_ebook`.`judul_ebook`, `tbl_kategori`.`nama_kategori`
FROM `tbl_download`
JOIN `tbl_ebook` ON `tbl_ebook`.`id_ebook` = `tbl_download`.`id_ebook`
JOIN `tbl_kategori` ON `tbl_kategori`.`id_kategori` = `tbl_ebook`.`id_kategori`
LEFT JOIN `tbl_pengunjung` ON `tbl_pengunjung`.`id_pengunjung` = `tbl_download`.`id_pengunjung`
ORDER BY `id_download` ASC', [], false)
 5 APPPATH\Models\ModelDownload.php(17): CodeIgniter\Database\BaseBuilder->get()
 6 APPPATH\Controllers\Download.php(32): App\Models\ModelDownload->AllData()
 7 SYSTEMPATH\CodeIgniter.php(933): App\Controllers\Download->index()
 8 SYSTEMPATH\CodeIgniter.php(509): CodeIgniter\CodeIgniter->runController(Object(App\Controllers\Download))
 9 SYSTEMPATH\CodeIgniter.php(355): CodeIgniter\CodeIgniter->handleRequest(null, Object(Config\Cache), false)
10 SYSTEMPATH\Boot.php(325): CodeIgniter\CodeIgniter->run()
11 SYSTEMPATH\Boot.php(67): CodeIgniter\Boot::runCodeIgniter(Object(CodeIgniter\CodeIgniter))
12 FCPATH\index.php(56): CodeIgniter\Boot::bootWeb(Object(Config\Paths))
INFO - 2026-04-30 06:26:24 --> Session: Class initialized using 'CodeIgniter\Session\Handlers\FileHandler' driver.
INFO - 2026-04-30 06:26:31 --> Session: Class initialized using 'CodeIgniter\Session\Handlers\FileHandler' driver.
INFO - 2026-04-30 06:26:33 --> Session: Class initialized using 'CodeIgniter\Session\Handlers\FileHandler' driver.
INFO - 2026-04-30 06:26:36 --> Session: Class initialized using 'CodeIgniter\Session\Handlers\FileHandler' driver.
INFO - 2026-04-30 06:26:39 --> Session: Class initialized using 'CodeIgniter\Session\Handlers\FileHandler' driver.
INFO - 2026-04-30 06:26:43 --> Session: Class initialized using 'CodeIgniter\Session\Handlers\FileHandler' driver.
INFO - 2026-04-30 06:26:46 --> Session: Class initialized using 'CodeIgniter\Session\Handlers\FileHandler' driver.
INFO - 2026-04-30 06:26:48 --> Session: Class initialized using 'CodeIgniter\Session\Handlers\FileHandler' driver.
INFO - 2026-04-30 06:26:50 --> Session: Class initialized using 'CodeIgniter\Session\Handlers\FileHandler' driver.
INFO - 2026-04-30 06:26:52 --> Session: Class initialized using 'CodeIgniter\Session\Handlers\FileHandler' driver.
INFO - 2026-04-30 06:26:55 --> Session: Class initialized using 'CodeIgniter\Session\Handlers\FileHandler' driver.
INFO - 2026-04-30 06:26:58 --> Session: Class initialized using 'CodeIgniter\Session\Handlers\FileHandler' driver.
INFO - 2026-04-30 06:27:05 --> Session: Class initialized using 'CodeIgniter\Session\Handlers\FileHandler' driver.
INFO - 2026-04-30 06:27:06 --> Session: Class initialized using 'CodeIgniter\Session\Handlers\FileHandler' driver.
INFO - 2026-04-30 06:27:10 --> Session: Class initialized using 'CodeIgniter\Session\Handlers\FileHandler' driver.
INFO - 2026-04-30 06:27:11 --> Session: Class initialized using 'CodeIgniter\Session\Handlers\FileHandler' driver.
INFO - 2026-04-30 06:27:15 --> Session: Class initialized using 'CodeIgniter\Session\Handlers\FileHandler' driver.
INFO - 2026-04-30 06:27:17 --> Session: Class initialized using 'CodeIgniter\Session\Handlers\FileHandler' driver.
INFO - 2026-04-30 06:27:19 --> Session: Class initialized using 'CodeIgniter\Session\Handlers\FileHandler' driver.
INFO - 2026-04-30 06:27:20 --> Session: Class initialized using 'CodeIgniter\Session\Handlers\FileHandler' driver.
INFO - 2026-04-30 06:27:21 --> Session: Class initialized using 'CodeIgniter\Session\Handlers\FileHandler' driver.
INFO - 2026-04-30 06:27:23 --> Session: Class initialized using 'CodeIgniter\Session\Handlers\FileHandler' driver.
INFO - 2026-04-30 06:27:24 --> Session: Class initialized using 'CodeIgniter\Session\Handlers\FileHandler' driver.
INFO - 2026-04-30 06:27:25 --> Session: Class initialized using 'CodeIgniter\Session\Handlers\FileHandler' driver.
INFO - 2026-04-30 06:27:28 --> Session: Class initialized using 'CodeIgniter\Session\Handlers\FileHandler' driver.
INFO - 2026-04-30 07:18:15 --> Session: Class initialized using 'CodeIgniter\Session\Handlers\FileHandler' driver.
INFO - 2026-04-30 07:18:33 --> Session: Class initialized using 'CodeIgniter\Session\Handlers\FileHandler' driver.
INFO - 2026-04-30 07:21:08 --> Session: Class initialized using 'CodeIgniter\Session\Handlers\FileHandler' driver.
CRITICAL - 2026-04-30 07:21:08 --> ErrorException: Undefined variable $judul_filter
[Method: GET, Route: Admin]
in APPPATH\Views\v_dashboard_admin.php on line 193.
 1 APPPATH\Views\v_dashboard_admin.php(193): CodeIgniter\Debug\Exceptions->errorHandler(2, 'Undefined variable $judul_filter', 'C:\\xampp\\htdocs\\si_ekatalog_ci4\\app\\Views\\v_dashboard_admin.php', 193)
 2 SYSTEMPATH\View\View.php(234): include('C:\\xampp\\htdocs\\si_ekatalog_ci4\\app\\Views\\v_dashboard_admin.php')
 3 SYSTEMPATH\View\View.php(237): CodeIgniter\View\View->CodeIgniter\View\{closure}()
 4 SYSTEMPATH\Common.php(1171): CodeIgniter\View\View->render('v_dashboard_admin', [], true)
 5 APPPATH\Views\v_template_admin.php(287): view('v_dashboard_admin')
 6 SYSTEMPATH\View\View.php(234): include('C:\\xampp\\htdocs\\si_ekatalog_ci4\\app\\Views\\v_template_admin.php')
 7 SYSTEMPATH\View\View.php(237): CodeIgniter\View\View->CodeIgniter\View\{closure}()
 8 SYSTEMPATH\Common.php(1171): CodeIgniter\View\View->render('v_template_admin', [], true)
 9 APPPATH\Controllers\Admin.php(110): view('v_template_admin', [...])
10 SYSTEMPATH\CodeIgniter.php(933): App\Controllers\Admin->index()
11 SYSTEMPATH\CodeIgniter.php(509): CodeIgniter\CodeIgniter->runController(Object(App\Controllers\Admin))
12 SYSTEMPATH\CodeIgniter.php(355): CodeIgniter\CodeIgniter->handleRequest(null, Object(Config\Cache), false)
13 SYSTEMPATH\Boot.php(325): CodeIgniter\CodeIgniter->run()
14 SYSTEMPATH\Boot.php(67): CodeIgniter\Boot::runCodeIgniter(Object(CodeIgniter\CodeIgniter))
15 FCPATH\index.php(56): CodeIgniter\Boot::bootWeb(Object(Config\Paths))
INFO - 2026-04-30 07:21:26 --> Session: Class initialized using 'CodeIgniter\Session\Handlers\FileHandler' driver.
INFO - 2026-04-30 07:27:06 --> Session: Class initialized using 'CodeIgniter\Session\Handlers\FileHandler' driver.
INFO - 2026-04-30 07:27:23 --> Session: Class initialized using 'CodeIgniter\Session\Handlers\FileHandler' driver.
INFO - 2026-04-30 07:27:38 --> Session: Class initialized using 'CodeIgniter\Session\Handlers\FileHandler' driver.
INFO - 2026-04-30 07:32:49 --> Session: Class initialized using 'CodeIgniter\Session\Handlers\FileHandler' driver.
INFO - 2026-04-30 07:33:01 --> Session: Class initialized using 'CodeIgniter\Session\Handlers\FileHandler' driver.
INFO - 2026-04-30 07:33:20 --> Session: Class initialized using 'CodeIgniter\Session\Handlers\FileHandler' driver.
INFO - 2026-04-30 07:33:23 --> Session: Class initialized using 'CodeIgniter\Session\Handlers\FileHandler' driver.
INFO - 2026-04-30 07:33:30 --> Session: Class initialized using 'CodeIgniter\Session\Handlers\FileHandler' driver.
INFO - 2026-04-30 07:35:59 --> Session: Class initialized using 'CodeIgniter\Session\Handlers\FileHandler' driver.
INFO - 2026-04-30 07:36:14 --> Session: Class initialized using 'CodeIgniter\Session\Handlers\FileHandler' driver.
INFO - 2026-04-30 07:36:37 --> Session: Class initialized using 'CodeIgniter\Session\Handlers\FileHandler' driver.
INFO - 2026-04-30 07:41:56 --> Session: Class initialized using 'CodeIgniter\Session\Handlers\FileHandler' driver.
INFO - 2026-04-30 07:41:59 --> Session: Class initialized using 'CodeIgniter\Session\Handlers\FileHandler' driver.
INFO - 2026-04-30 07:42:11 --> Session: Class initialized using 'CodeIgniter\Session\Handlers\FileHandler' driver.
INFO - 2026-04-30 07:42:26 --> Session: Class initialized using 'CodeIgniter\Session\Handlers\FileHandler' driver.
INFO - 2026-04-30 07:47:23 --> Session: Class initialized using 'CodeIgniter\Session\Handlers\FileHandler' driver.
CRITICAL - 2026-04-30 07:47:23 --> ErrorException: Undefined variable $tgl_awal_akhir
[Method: GET, Route: Admin]
in APPPATH\Views\v_dashboard_admin.php on line 114.
 1 APPPATH\Views\v_dashboard_admin.php(114): CodeIgniter\Debug\Exceptions->errorHandler(2, 'Undefined variable $tgl_awal_akhir', 'C:\\xampp\\htdocs\\si_ekatalog_ci4\\app\\Views\\v_dashboard_admin.php', 114)
 2 SYSTEMPATH\View\View.php(234): include('C:\\xampp\\htdocs\\si_ekatalog_ci4\\app\\Views\\v_dashboard_admin.php')
 3 SYSTEMPATH\View\View.php(237): CodeIgniter\View\View->CodeIgniter\View\{closure}()
 4 SYSTEMPATH\Common.php(1171): CodeIgniter\View\View->render('v_dashboard_admin', [], true)
 5 APPPATH\Views\v_template_admin.php(287): view('v_dashboard_admin')
 6 SYSTEMPATH\View\View.php(234): include('C:\\xampp\\htdocs\\si_ekatalog_ci4\\app\\Views\\v_template_admin.php')
 7 SYSTEMPATH\View\View.php(237): CodeIgniter\View\View->CodeIgniter\View\{closure}()
 8 SYSTEMPATH\Common.php(1171): CodeIgniter\View\View->render('v_template_admin', [], true)
 9 APPPATH\Controllers\Admin.php(110): view('v_template_admin', [...])
10 SYSTEMPATH\CodeIgniter.php(933): App\Controllers\Admin->index()
11 SYSTEMPATH\CodeIgniter.php(509): CodeIgniter\CodeIgniter->runController(Object(App\Controllers\Admin))
12 SYSTEMPATH\CodeIgniter.php(355): CodeIgniter\CodeIgniter->handleRequest(null, Object(Config\Cache), false)
13 SYSTEMPATH\Boot.php(325): CodeIgniter\CodeIgniter->run()
14 SYSTEMPATH\Boot.php(67): CodeIgniter\Boot::runCodeIgniter(Object(CodeIgniter\CodeIgniter))
15 FCPATH\index.php(56): CodeIgniter\Boot::bootWeb(Object(Config\Paths))
INFO - 2026-04-30 07:47:47 --> Session: Class initialized using 'CodeIgniter\Session\Handlers\FileHandler' driver.
CRITICAL - 2026-04-30 07:47:47 --> ErrorException: Undefined variable $tgl_awal_akhir
[Method: GET, Route: Admin]
in APPPATH\Views\v_dashboard_admin.php on line 167.
 1 APPPATH\Views\v_dashboard_admin.php(167): CodeIgniter\Debug\Exceptions->errorHandler(2, 'Undefined variable $tgl_awal_akhir', 'C:\\xampp\\htdocs\\si_ekatalog_ci4\\app\\Views\\v_dashboard_admin.php', 167)
 2 SYSTEMPATH\View\View.php(234): include('C:\\xampp\\htdocs\\si_ekatalog_ci4\\app\\Views\\v_dashboard_admin.php')
 3 SYSTEMPATH\View\View.php(237): CodeIgniter\View\View->CodeIgniter\View\{closure}()
 4 SYSTEMPATH\Common.php(1171): CodeIgniter\View\View->render('v_dashboard_admin', [], true)
 5 APPPATH\Views\v_template_admin.php(287): view('v_dashboard_admin')
 6 SYSTEMPATH\View\View.php(234): include('C:\\xampp\\htdocs\\si_ekatalog_ci4\\app\\Views\\v_template_admin.php')
 7 SYSTEMPATH\View\View.php(237): CodeIgniter\View\View->CodeIgniter\View\{closure}()
 8 SYSTEMPATH\Common.php(1171): CodeIgniter\View\View->render('v_template_admin', [], true)
 9 APPPATH\Controllers\Admin.php(110): view('v_template_admin', [...])
10 SYSTEMPATH\CodeIgniter.php(933): App\Controllers\Admin->index()
11 SYSTEMPATH\CodeIgniter.php(509): CodeIgniter\CodeIgniter->runController(Object(App\Controllers\Admin))
12 SYSTEMPATH\CodeIgniter.php(355): CodeIgniter\CodeIgniter->handleRequest(null, Object(Config\Cache), false)
13 SYSTEMPATH\Boot.php(325): CodeIgniter\CodeIgniter->run()
14 SYSTEMPATH\Boot.php(67): CodeIgniter\Boot::runCodeIgniter(Object(CodeIgniter\CodeIgniter))
15 FCPATH\index.php(56): CodeIgniter\Boot::bootWeb(Object(Config\Paths))
INFO - 2026-04-30 07:48:07 --> Session: Class initialized using 'CodeIgniter\Session\Handlers\FileHandler' driver.
INFO - 2026-04-30 07:48:22 --> Session: Class initialized using 'CodeIgniter\Session\Handlers\FileHandler' driver.
INFO - 2026-04-30 07:48:31 --> Session: Class initialized using 'CodeIgniter\Session\Handlers\FileHandler' driver.
INFO - 2026-04-30 07:49:47 --> Session: Class initialized using 'CodeIgniter\Session\Handlers\FileHandler' driver.
INFO - 2026-04-30 07:52:32 --> Session: Class initialized using 'CodeIgniter\Session\Handlers\FileHandler' driver.
